[INFO] Scanning for projects...
[WARNING] Ignoring incompatible plugin version 4.0.0-beta-1: The plugin org.apache.maven.plugins:maven-resources-plugin:4.0.0-beta-1 requires Maven version 4.0.0-beta-3
[INFO] Latest version of plugin org.apache.maven.plugins:maven-resources-plugin failed compatibility check
[INFO] Looking for compatible RELEASE version of plugin org.apache.maven.plugins:maven-resources-plugin
[INFO] Selected plugin org.apache.maven.plugins:maven-resources-plugin:3.5.0
[WARNING] Ignoring incompatible plugin version 4.0.0-beta-3: The plugin org.apache.maven.plugins:maven-install-plugin:4.0.0-beta-3 requires Maven version 4.0.0-rc-6
[INFO] Latest version of plugin org.apache.maven.plugins:maven-install-plugin failed compatibility check
[INFO] Looking for compatible RELEASE version of plugin org.apache.maven.plugins:maven-install-plugin
[WARNING] Ignoring incompatible plugin version 4.0.0-beta-2: The plugin org.apache.maven.plugins:maven-install-plugin:4.0.0-beta-2 requires Maven version 4.0.0-rc-2
[WARNING] Ignoring incompatible plugin version 4.0.0-beta-1: The plugin org.apache.maven.plugins:maven-install-plugin:4.0.0-beta-1 requires Maven version 4.0.0-beta-3
[INFO] Selected plugin org.apache.maven.plugins:maven-install-plugin:3.2.0
[INFO] 
[INFO] ---------------------< net.sf.marineapi:marineapi >---------------------
[INFO] Building Java Marine API 0.11.0-SNAPSHOT
[INFO]   from pom.xml
[INFO] -------------------------------[ bundle ]-------------------------------
[INFO] 
[INFO] >>> idflakies:2.0.0:detect (default-cli) > test-compile @ marineapi >>>
[INFO] 
[INFO] --- enforcer:3.0.0-M2:enforce (enforce-maven) @ marineapi ---
[INFO] 
[INFO] --- resources:3.5.0:resources (default-resources) @ marineapi ---
[INFO] Copying 3 resources from src\main\resources to target\classes
[INFO] 
[INFO] --- compiler:3.8.0:compile (default-compile) @ marineapi ---
[INFO] Nothing to compile - all classes are up to date
[INFO] 
[INFO] --- resources:3.5.0:testResources (default-testResources) @ marineapi ---
[INFO] Copying 10 resources from src\test\resources to target\test-classes
[INFO] 
[INFO] --- compiler:3.8.0:testCompile (default-testCompile) @ marineapi ---
[INFO] Nothing to compile - all classes are up to date
[INFO] 
[INFO] <<< idflakies:2.0.0:detect (default-cli) < test-compile @ marineapi <<<
[INFO] 
[INFO] 
[INFO] --- idflakies:2.0.0:detect (default-cli) @ marineapi ---
[INFO] Downloading from central: https://repo.maven.apache.org/maven2/edu/illinois/cs/idflakies-core/2.0.0/idflakies-core-2.0.0.pom
[INFO] Downloaded from central: https://repo.maven.apache.org/maven2/edu/illinois/cs/idflakies-core/2.0.0/idflakies-core-2.0.0.pom (5.3 kB at 8.7 kB/s)
[INFO] Downloading from central: https://repo.maven.apache.org/maven2/edu/illinois/cs/testrunner-running/1.2.1/testrunner-running-1.2.1.pom
[INFO] Downloaded from central: https://repo.maven.apache.org/maven2/edu/illinois/cs/testrunner-running/1.2.1/testrunner-running-1.2.1.pom (4.6 kB at 64 kB/s)
[INFO] Downloading from central: https://repo.maven.apache.org/maven2/edu/illinois/cs/testrunner/1.2.1/testrunner-1.2.1.pom
[INFO] Downloaded from central: https://repo.maven.apache.org/maven2/edu/illinois/cs/testrunner/1.2.1/testrunner-1.2.1.pom (7.4 kB at 110 kB/s)
[INFO] Downloading from central: https://repo.maven.apache.org/maven2/com/google/code/gson/gson/2.8.5/gson-2.8.5.pom
[INFO] Downloaded from central: https://repo.maven.apache.org/maven2/com/google/code/gson/gson/2.8.5/gson-2.8.5.pom (2.5 kB at 28 kB/s)
[INFO] Downloading from central: https://repo.maven.apache.org/maven2/com/google/code/gson/gson-parent/2.8.5/gson-parent-2.8.5.pom
[INFO] Downloaded from central: https://repo.maven.apache.org/maven2/com/google/code/gson/gson-parent/2.8.5/gson-parent-2.8.5.pom (3.8 kB at 49 kB/s)
[INFO] Downloading from central: https://repo.maven.apache.org/maven2/com/google/guava/guava/25.1-jre/guava-25.1-jre.pom
[INFO] Downloaded from central: https://repo.maven.apache.org/maven2/com/google/guava/guava/25.1-jre/guava-25.1-jre.pom (7.8 kB at 116 kB/s)
[INFO] Downloading from central: https://repo.maven.apache.org/maven2/com/google/guava/guava-parent/25.1-jre/guava-parent-25.1-jre.pom
[INFO] Downloaded from central: https://repo.maven.apache.org/maven2/com/google/guava/guava-parent/25.1-jre/guava-parent-25.1-jre.pom (10 kB at 137 kB/s)
[INFO] Downloading from central: https://repo.maven.apache.org/maven2/org/checkerframework/checker-qual/2.0.0/checker-qual-2.0.0.pom
[INFO] Downloaded from central: https://repo.maven.apache.org/maven2/org/checkerframework/checker-qual/2.0.0/checker-qual-2.0.0.pom (4.2 kB at 52 kB/s)
[INFO] Downloading from central: https://repo.maven.apache.org/maven2/org/scala-lang/scala-library/2.12.6/scala-library-2.12.6.pom
[INFO] Downloaded from central: https://repo.maven.apache.org/maven2/org/scala-lang/scala-library/2.12.6/scala-library-2.12.6.pom (1.6 kB at 24 kB/s)
[INFO] Downloading from central: https://repo.maven.apache.org/maven2/xmlunit/xmlunit/1.6/xmlunit-1.6.pom
[INFO] Downloaded from central: https://repo.maven.apache.org/maven2/xmlunit/xmlunit/1.6/xmlunit-1.6.pom (3.0 kB at 43 kB/s)
[INFO] Downloading from central: https://repo.maven.apache.org/maven2/org/junit/platform/junit-platform-launcher/1.1.0/junit-platform-launcher-1.1.0.pom
[INFO] Downloaded from central: https://repo.maven.apache.org/maven2/org/junit/platform/junit-platform-launcher/1.1.0/junit-platform-launcher-1.1.0.pom (2.2 kB at 33 kB/s)
[INFO] Downloading from central: https://repo.maven.apache.org/maven2/org/apiguardian/apiguardian-api/1.0.0/apiguardian-api-1.0.0.pom
[INFO] Downloaded from central: https://repo.maven.apache.org/maven2/org/apiguardian/apiguardian-api/1.0.0/apiguardian-api-1.0.0.pom (1.2 kB at 16 kB/s)
[INFO] Downloading from central: https://repo.maven.apache.org/maven2/org/junit/platform/junit-platform-engine/1.1.0/junit-platform-engine-1.1.0.pom
[INFO] Downloaded from central: https://repo.maven.apache.org/maven2/org/junit/platform/junit-platform-engine/1.1.0/junit-platform-engine-1.1.0.pom (2.4 kB at 36 kB/s)
[INFO] Downloading from central: https://repo.maven.apache.org/maven2/org/junit/platform/junit-platform-commons/1.1.0/junit-platform-commons-1.1.0.pom
[INFO] Downloaded from central: https://repo.maven.apache.org/maven2/org/junit/platform/junit-platform-commons/1.1.0/junit-platform-commons-1.1.0.pom (2.0 kB at 31 kB/s)
[INFO] Downloading from central: https://repo.maven.apache.org/maven2/org/opentest4j/opentest4j/1.0.0/opentest4j-1.0.0.pom
[INFO] Downloaded from central: https://repo.maven.apache.org/maven2/org/opentest4j/opentest4j/1.0.0/opentest4j-1.0.0.pom (1.7 kB at 19 kB/s)
[INFO] Downloading from central: https://repo.maven.apache.org/maven2/com/opencsv/opencsv/4.3/opencsv-4.3.pom
[INFO] Downloaded from central: https://repo.maven.apache.org/maven2/com/opencsv/opencsv/4.3/opencsv-4.3.pom (20 kB at 237 kB/s)
[INFO] Downloading from central: https://repo.maven.apache.org/maven2/org/apache/commons/commons-lang3/3.8/commons-lang3-3.8.pom
[INFO] Downloaded from central: https://repo.maven.apache.org/maven2/org/apache/commons/commons-lang3/3.8/commons-lang3-3.8.pom (28 kB at 327 kB/s)
[INFO] Downloading from central: https://repo.maven.apache.org/maven2/commons-beanutils/commons-beanutils/1.9.3/commons-beanutils-1.9.3.pom
[INFO] Downloaded from central: https://repo.maven.apache.org/maven2/commons-beanutils/commons-beanutils/1.9.3/commons-beanutils-1.9.3.pom (15 kB at 151 kB/s)
[INFO] Downloading from central: https://repo.maven.apache.org/maven2/org/apache/commons/commons-collections4/4.2/commons-collections4-4.2.pom
[INFO] Downloaded from central: https://repo.maven.apache.org/maven2/org/apache/commons/commons-collections4/4.2/commons-collections4-4.2.pom (23 kB at 313 kB/s)
[INFO] Downloading from central: https://repo.maven.apache.org/maven2/com/reedoei/eunomia/1.4.1/eunomia-1.4.1.pom
[INFO] Downloaded from central: https://repo.maven.apache.org/maven2/com/reedoei/eunomia/1.4.1/eunomia-1.4.1.pom (9.3 kB at 121 kB/s)
[INFO] Downloading from central: https://repo.maven.apache.org/maven2/org/dom4j/dom4j/2.1.1/dom4j-2.1.1.pom
[INFO] Downloaded from central: https://repo.maven.apache.org/maven2/org/dom4j/dom4j/2.1.1/dom4j-2.1.1.pom (2.4 kB at 37 kB/s)
[INFO] Downloading from central: https://repo.maven.apache.org/maven2/com/github/javaparser/javaparser-core/3.6.10/javaparser-core-3.6.10.pom
[INFO] Downloaded from central: https://repo.maven.apache.org/maven2/com/github/javaparser/javaparser-core/3.6.10/javaparser-core-3.6.10.pom (7.3 kB at 95 kB/s)
[INFO] Downloading from central: https://repo.maven.apache.org/maven2/com/github/javaparser/javaparser-parent/3.6.10/javaparser-parent-3.6.10.pom
[INFO] Downloaded from central: https://repo.maven.apache.org/maven2/com/github/javaparser/javaparser-parent/3.6.10/javaparser-parent-3.6.10.pom (13 kB at 182 kB/s)
[INFO] Downloading from central: https://repo.maven.apache.org/maven2/com/github/javaparser/javaparser-symbol-solver-core/3.6.10/javaparser-symbol-solver-core-3.6.10.pom
[INFO] Downloaded from central: https://repo.maven.apache.org/maven2/com/github/javaparser/javaparser-symbol-solver-core/3.6.10/javaparser-symbol-solver-core-3.6.10.pom (5.0 kB at 79 kB/s)
[INFO] Downloading from central: https://repo.maven.apache.org/maven2/com/github/javaparser/javaparser-symbol-solver-logic/3.6.10/javaparser-symbol-solver-logic-3.6.10.pom
[INFO] Downloaded from central: https://repo.maven.apache.org/maven2/com/github/javaparser/javaparser-symbol-solver-logic/3.6.10/javaparser-symbol-solver-logic-3.6.10.pom (4.9 kB at 67 kB/s)
[INFO] Downloading from central: https://repo.maven.apache.org/maven2/org/javassist/javassist/3.22.0-GA/javassist-3.22.0-GA.pom
[INFO] Downloaded from central: https://repo.maven.apache.org/maven2/org/javassist/javassist/3.22.0-GA/javassist-3.22.0-GA.pom (9.7 kB at 130 kB/s)
[INFO] Downloading from central: https://repo.maven.apache.org/maven2/com/github/javaparser/javaparser-symbol-solver-model/3.6.10/javaparser-symbol-solver-model-3.6.10.pom
[INFO] Downloaded from central: https://repo.maven.apache.org/maven2/com/github/javaparser/javaparser-symbol-solver-model/3.6.10/javaparser-symbol-solver-model-3.6.10.pom (4.7 kB at 62 kB/s)
[INFO] Downloading from central: https://repo.maven.apache.org/maven2/org/eclipse/jgit/org.eclipse.jgit/4.10.0.201712302008-r/org.eclipse.jgit-4.10.0.201712302008-r.pom
[INFO] Downloaded from central: https://repo.maven.apache.org/maven2/org/eclipse/jgit/org.eclipse.jgit/4.10.0.201712302008-r/org.eclipse.jgit-4.10.0.201712302008-r.pom (9.4 kB at 109 kB/s)
[INFO] Downloading from central: https://repo.maven.apache.org/maven2/org/eclipse/jgit/org.eclipse.jgit-parent/4.10.0.201712302008-r/org.eclipse.jgit-parent-4.10.0.201712302008-r.pom
[INFO] Downloaded from central: https://repo.maven.apache.org/maven2/org/eclipse/jgit/org.eclipse.jgit-parent/4.10.0.201712302008-r/org.eclipse.jgit-parent-4.10.0.201712302008-r.pom (29 kB at 376 kB/s)
[INFO] Downloading from central: https://repo.maven.apache.org/maven2/com/jcraft/jsch/0.1.54/jsch-0.1.54.pom
[INFO] Downloaded from central: https://repo.maven.apache.org/maven2/com/jcraft/jsch/0.1.54/jsch-0.1.54.pom (3.2 kB at 43 kB/s)
[INFO] Downloading from central: https://repo.maven.apache.org/maven2/com/googlecode/javaewah/JavaEWAH/1.1.6/JavaEWAH-1.1.6.pom
[INFO] Downloaded from central: https://repo.maven.apache.org/maven2/com/googlecode/javaewah/JavaEWAH/1.1.6/JavaEWAH-1.1.6.pom (6.0 kB at 89 kB/s)
[INFO] Downloading from central: https://repo.maven.apache.org/maven2/org/apache/maven/maven-embedder/3.5.3/maven-embedder-3.5.3.pom
[INFO] Downloaded from central: https://repo.maven.apache.org/maven2/org/apache/maven/maven-embedder/3.5.3/maven-embedder-3.5.3.pom (6.3 kB at 84 kB/s)
[INFO] Downloading from central: https://repo.maven.apache.org/maven2/org/apache/maven/maven-settings/3.5.3/maven-settings-3.5.3.pom
[INFO] Downloaded from central: https://repo.maven.apache.org/maven2/org/apache/maven/maven-settings/3.5.3/maven-settings-3.5.3.pom (1.8 kB at 21 kB/s)
[INFO] Downloading from central: https://repo.maven.apache.org/maven2/org/apache/maven/maven-settings-builder/3.5.3/maven-settings-builder-3.5.3.pom
[INFO] Downloaded from central: https://repo.maven.apache.org/maven2/org/apache/maven/maven-settings-builder/3.5.3/maven-settings-builder-3.5.3.pom (2.6 kB at 37 kB/s)
[INFO] Downloading from central: https://repo.maven.apache.org/maven2/org/apache/maven/maven-builder-support/3.5.3/maven-builder-support-3.5.3.pom
[INFO] Downloaded from central: https://repo.maven.apache.org/maven2/org/apache/maven/maven-builder-support/3.5.3/maven-builder-support-3.5.3.pom (1.5 kB at 25 kB/s)
[INFO] Downloading from central: https://repo.maven.apache.org/maven2/org/apache/maven/maven-core/3.5.3/maven-core-3.5.3.pom
[INFO] Downloaded from central: https://repo.maven.apache.org/maven2/org/apache/maven/maven-core/3.5.3/maven-core-3.5.3.pom (8.5 kB at 108 kB/s)
[INFO] Downloading from central: https://repo.maven.apache.org/maven2/org/apache/maven/maven-repository-metadata/3.5.3/maven-repository-metadata-3.5.3.pom
[INFO] Downloaded from central: https://repo.maven.apache.org/maven2/org/apache/maven/maven-repository-metadata/3.5.3/maven-repository-metadata-3.5.3.pom (1.9 kB at 25 kB/s)
[INFO] Downloading from central: https://repo.maven.apache.org/maven2/org/apache/maven/maven-model-builder/3.5.3/maven-model-builder-3.5.3.pom
[INFO] Downloaded from central: https://repo.maven.apache.org/maven2/org/apache/maven/maven-model-builder/3.5.3/maven-model-builder-3.5.3.pom (3.1 kB at 46 kB/s)
[INFO] Downloading from central: https://repo.maven.apache.org/maven2/org/apache/maven/maven-resolver-provider/3.5.3/maven-resolver-provider-3.5.3.pom
[INFO] Downloaded from central: https://repo.maven.apache.org/maven2/org/apache/maven/maven-resolver-provider/3.5.3/maven-resolver-provider-3.5.3.pom (4.1 kB at 42 kB/s)
[INFO] Downloading from central: https://repo.maven.apache.org/maven2/org/checkerframework/jdk8/2.5.2/jdk8-2.5.2.pom
[INFO] Downloaded from central: https://repo.maven.apache.org/maven2/org/checkerframework/jdk8/2.5.2/jdk8-2.5.2.pom (2.7 kB at 37 kB/s)
[INFO] Downloading from central: https://repo.maven.apache.org/maven2/org/xerial/sqlite-jdbc/3.25.2/sqlite-jdbc-3.25.2.pom
[INFO] Downloaded from central: https://repo.maven.apache.org/maven2/org/xerial/sqlite-jdbc/3.25.2/sqlite-jdbc-3.25.2.pom (6.4 kB at 92 kB/s)
[INFO] Downloading from central: https://repo.maven.apache.org/maven2/edu/illinois/cs/idflakies-core/2.0.0/idflakies-core-2.0.0.jar
[INFO] Downloaded from central: https://repo.maven.apache.org/maven2/edu/illinois/cs/idflakies-core/2.0.0/idflakies-core-2.0.0.jar (115 kB at 1.5 MB/s)
[INFO] Downloading from central: https://repo.maven.apache.org/maven2/edu/illinois/cs/testrunner-running/1.2.1/testrunner-running-1.2.1.jar
[INFO] Downloading from central: https://repo.maven.apache.org/maven2/org/scala-lang/scala-library/2.12.6/scala-library-2.12.6.jar
[INFO] Downloading from central: https://repo.maven.apache.org/maven2/xmlunit/xmlunit/1.6/xmlunit-1.6.jar
[INFO] Downloading from central: https://repo.maven.apache.org/maven2/org/junit/platform/junit-platform-launcher/1.1.0/junit-platform-launcher-1.1.0.jar
[INFO] Downloading from central: https://repo.maven.apache.org/maven2/org/apiguardian/apiguardian-api/1.0.0/apiguardian-api-1.0.0.jar
[INFO] Downloaded from central: https://repo.maven.apache.org/maven2/xmlunit/xmlunit/1.6/xmlunit-1.6.jar (101 kB at 1.2 MB/s)
[INFO] Downloading from central: https://repo.maven.apache.org/maven2/org/junit/platform/junit-platform-engine/1.1.0/junit-platform-engine-1.1.0.jar
[INFO] Downloaded from central: https://repo.maven.apache.org/maven2/org/apiguardian/apiguardian-api/1.0.0/apiguardian-api-1.0.0.jar (2.2 kB at 19 kB/s)
[INFO] Downloading from central: https://repo.maven.apache.org/maven2/org/junit/platform/junit-platform-commons/1.1.0/junit-platform-commons-1.1.0.jar
[INFO] Downloaded from central: https://repo.maven.apache.org/maven2/org/junit/platform/junit-platform-launcher/1.1.0/junit-platform-launcher-1.1.0.jar (80 kB at 674 kB/s)
[INFO] Downloading from central: https://repo.maven.apache.org/maven2/org/opentest4j/opentest4j/1.0.0/opentest4j-1.0.0.jar
[INFO] Downloaded from central: https://repo.maven.apache.org/maven2/edu/illinois/cs/testrunner-running/1.2.1/testrunner-running-1.2.1.jar (130 kB at 936 kB/s)
[INFO] Downloading from central: https://repo.maven.apache.org/maven2/com/opencsv/opencsv/4.3/opencsv-4.3.jar
[INFO] Downloaded from central: https://repo.maven.apache.org/maven2/org/junit/platform/junit-platform-engine/1.1.0/junit-platform-engine-1.1.0.jar (90 kB at 478 kB/s)
[INFO] Downloading from central: https://repo.maven.apache.org/maven2/org/apache/commons/commons-lang3/3.8/commons-lang3-3.8.jar
[INFO] Downloaded from central: https://repo.maven.apache.org/maven2/org/junit/platform/junit-platform-commons/1.1.0/junit-platform-commons-1.1.0.jar (77 kB at 374 kB/s)
[INFO] Downloading from central: https://repo.maven.apache.org/maven2/commons-beanutils/commons-beanutils/1.9.3/commons-beanutils-1.9.3.jar
[INFO] Downloaded from central: https://repo.maven.apache.org/maven2/org/opentest4j/opentest4j/1.0.0/opentest4j-1.0.0.jar (6.6 kB at 12 kB/s)
[INFO] Downloading from central: https://repo.maven.apache.org/maven2/org/apache/commons/commons-collections4/4.2/commons-collections4-4.2.jar
[INFO] Downloaded from central: https://repo.maven.apache.org/maven2/commons-beanutils/commons-beanutils/1.9.3/commons-beanutils-1.9.3.jar (246 kB at 455 kB/s)
[INFO] Downloading from central: https://repo.maven.apache.org/maven2/com/reedoei/eunomia/1.4.1/eunomia-1.4.1.jar
[INFO] Downloaded from central: https://repo.maven.apache.org/maven2/org/apache/commons/commons-lang3/3.8/commons-lang3-3.8.jar (502 kB at 470 kB/s)
[INFO] Downloading from central: https://repo.maven.apache.org/maven2/com/github/javaparser/javaparser-core/3.6.10/javaparser-core-3.6.10.jar
[INFO] Downloaded from central: https://repo.maven.apache.org/maven2/org/apache/commons/commons-collections4/4.2/commons-collections4-4.2.jar (753 kB at 584 kB/s)
[INFO] Downloading from central: https://repo.maven.apache.org/maven2/com/github/javaparser/javaparser-symbol-solver-core/3.6.10/javaparser-symbol-solver-core-3.6.10.jar
[INFO] Downloaded from central: https://repo.maven.apache.org/maven2/com/reedoei/eunomia/1.4.1/eunomia-1.4.1.jar (170 kB at 129 kB/s)
[INFO] Downloading from central: https://repo.maven.apache.org/maven2/com/github/javaparser/javaparser-symbol-solver-logic/3.6.10/javaparser-symbol-solver-logic-3.6.10.jar
[INFO] Downloaded from central: https://repo.maven.apache.org/maven2/com/github/javaparser/javaparser-symbol-solver-logic/3.6.10/javaparser-symbol-solver-logic-3.6.10.jar (17 kB at 11 kB/s)
[INFO] Downloading from central: https://repo.maven.apache.org/maven2/org/javassist/javassist/3.22.0-GA/javassist-3.22.0-GA.jar
[INFO] Downloaded from central: https://repo.maven.apache.org/maven2/org/javassist/javassist/3.22.0-GA/javassist-3.22.0-GA.jar (740 kB at 318 kB/s)
[INFO] Downloading from central: https://repo.maven.apache.org/maven2/com/github/javaparser/javaparser-symbol-solver-model/3.6.10/javaparser-symbol-solver-model-3.6.10.jar
[INFO] Downloaded from central: https://repo.maven.apache.org/maven2/com/opencsv/opencsv/4.3/opencsv-4.3.jar (164 kB at 70 kB/s)
[INFO] Downloading from central: https://repo.maven.apache.org/maven2/org/eclipse/jgit/org.eclipse.jgit/4.10.0.201712302008-r/org.eclipse.jgit-4.10.0.201712302008-r.jar
[INFO] Downloaded from central: https://repo.maven.apache.org/maven2/org/scala-lang/scala-library/2.12.6/scala-library-2.12.6.jar (5.3 MB at 2.2 MB/s)
[INFO] Downloading from central: https://repo.maven.apache.org/maven2/com/jcraft/jsch/0.1.54/jsch-0.1.54.jar
[INFO] Downloaded from central: https://repo.maven.apache.org/maven2/com/github/javaparser/javaparser-symbol-solver-core/3.6.10/javaparser-symbol-solver-core-3.6.10.jar (366 kB at 150 kB/s)
[INFO] Downloading from central: https://repo.maven.apache.org/maven2/com/googlecode/javaewah/JavaEWAH/1.1.6/JavaEWAH-1.1.6.jar
[INFO] Downloaded from central: https://repo.maven.apache.org/maven2/com/github/javaparser/javaparser-symbol-solver-model/3.6.10/javaparser-symbol-solver-model-3.6.10.jar (7.6 kB at 3.1 kB/s)
[INFO] Downloading from central: https://repo.maven.apache.org/maven2/org/apache/httpcomponents/httpclient/4.5.2/httpclient-4.5.2.jar
[INFO] Downloaded from central: https://repo.maven.apache.org/maven2/com/github/javaparser/javaparser-core/3.6.10/javaparser-core-3.6.10.jar (1.1 MB at 403 kB/s)
[INFO] Downloading from central: https://repo.maven.apache.org/maven2/org/apache/httpcomponents/httpcore/4.4.4/httpcore-4.4.4.jar
[INFO] Downloaded from central: https://repo.maven.apache.org/maven2/com/googlecode/javaewah/JavaEWAH/1.1.6/JavaEWAH-1.1.6.jar (166 kB at 55 kB/s)
[INFO] Downloading from central: https://repo.maven.apache.org/maven2/commons-codec/commons-codec/1.9/commons-codec-1.9.jar
[INFO] Downloaded from central: https://repo.maven.apache.org/maven2/org/apache/httpcomponents/httpcore/4.4.4/httpcore-4.4.4.jar (327 kB at 103 kB/s)
[INFO] Downloading from central: https://repo.maven.apache.org/maven2/org/slf4j/slf4j-api/1.7.2/slf4j-api-1.7.2.jar
[INFO] Downloaded from central: https://repo.maven.apache.org/maven2/com/jcraft/jsch/0.1.54/jsch-0.1.54.jar (281 kB at 82 kB/s)
[INFO] Downloading from central: https://repo.maven.apache.org/maven2/org/apache/maven/maven-embedder/3.5.3/maven-embedder-3.5.3.jar
[INFO] Downloaded from central: https://repo.maven.apache.org/maven2/org/slf4j/slf4j-api/1.7.2/slf4j-api-1.7.2.jar (26 kB at 7.4 kB/s)
[INFO] Downloading from central: https://repo.maven.apache.org/maven2/org/checkerframework/checker-qual/2.5.2/checker-qual-2.5.2.jar
[INFO] Downloaded from central: https://repo.maven.apache.org/maven2/org/apache/maven/maven-embedder/3.5.3/maven-embedder-3.5.3.jar (98 kB at 28 kB/s)
[INFO] Downloading from central: https://repo.maven.apache.org/maven2/org/checkerframework/jdk8/2.5.2/jdk8-2.5.2.jar
[INFO] Downloaded from central: https://repo.maven.apache.org/maven2/commons-codec/commons-codec/1.9/commons-codec-1.9.jar (264 kB at 74 kB/s)
[INFO] Downloading from central: https://repo.maven.apache.org/maven2/com/google/code/gson/gson/2.8.5/gson-2.8.5.jar
[INFO] Downloaded from central: https://repo.maven.apache.org/maven2/org/checkerframework/checker-qual/2.5.2/checker-qual-2.5.2.jar (193 kB at 51 kB/s)
[INFO] Downloading from central: https://repo.maven.apache.org/maven2/com/google/guava/guava/25.1-jre/guava-25.1-jre.jar
[INFO] Downloaded from central: https://repo.maven.apache.org/maven2/org/eclipse/jgit/org.eclipse.jgit/4.10.0.201712302008-r/org.eclipse.jgit-4.10.0.201712302008-r.jar (2.7 MB at 701 kB/s)
[INFO] Downloading from central: https://repo.maven.apache.org/maven2/org/dom4j/dom4j/2.1.1/dom4j-2.1.1.jar
[INFO] Downloaded from central: https://repo.maven.apache.org/maven2/com/google/code/gson/gson/2.8.5/gson-2.8.5.jar (242 kB at 63 kB/s)
[INFO] Downloading from central: https://repo.maven.apache.org/maven2/org/xerial/sqlite-jdbc/3.25.2/sqlite-jdbc-3.25.2.jar
[INFO] Downloaded from central: https://repo.maven.apache.org/maven2/org/checkerframework/jdk8/2.5.2/jdk8-2.5.2.jar (810 kB at 180 kB/s)
[INFO] Downloaded from central: https://repo.maven.apache.org/maven2/org/dom4j/dom4j/2.1.1/dom4j-2.1.1.jar (324 kB at 72 kB/s)
[INFO] Downloaded from central: https://repo.maven.apache.org/maven2/com/google/guava/guava/25.1-jre/guava-25.1-jre.jar (2.7 MB at 450 kB/s)
[INFO] Downloaded from central: https://repo.maven.apache.org/maven2/org/apache/httpcomponents/httpclient/4.5.2/httpclient-4.5.2.jar (737 kB at 120 kB/s)
[INFO] Downloaded from central: https://repo.maven.apache.org/maven2/org/xerial/sqlite-jdbc/3.25.2/sqlite-jdbc-3.25.2.jar (7.1 MB at 1.0 MB/s)
INFO: No timeout specified. Using randomize.rounds: 3
INFO: ROUNDS_CALCULATED: Giving net.sf.marineapi:marineapi:0.11.0-SNAPSHOT 3 rounds to run for random-class-method
INFO: Locating tests...
INFO: Located 926 tests. Time taken: 2.2890000343322754 seconds
INFO: Using original order in path: Tools\flaky-study\marine-api\.dtfixingtools\original-order
INFO: Getting original order by parsing logs. ignoreExisting set to: false
INFO: Using original order in path: Tools\flaky-study\marine-api\.dtfixingtools\original-order
[INFO] Getting original results (926 tests).
---------------------------------------------------
mvn : java.nio.file.FileSystemException: C:\Users\Tanzim\AppData\Local\Temp\temp1794531146379864199.tmp: The process 
cannot access the file because it is being used by another process.
At line:5 char:1
+ mvn -B edu.illinois.cs:idflakies-maven-plugin:2.0.0:detect "-Ddetecto ...
+ ~~~~~~~~~~~~~~~~~~~~~~~~~~~~~~~~~~~~~~~~~~~~~~~~~~~~~~~~~~~~~~~~~~~~~
    + CategoryInfo          : NotSpecified: (java.nio.file.F...nother process.:String) [], RemoteException
    + FullyQualifiedErrorId : NativeCommandError
 

	at sun.nio.fs.WindowsException.translateToIOException(WindowsException.java:86)
	at sun.nio.fs.WindowsException.rethrowAsIOException(WindowsException.java:97)
	at sun.nio.fs.WindowsException.rethrowAsIOException(WindowsException.java:102)
	at sun.nio.fs.WindowsFileSystemProvider.implDelete(WindowsFileSystemProvider.java:269)
	at sun.nio.fs.AbstractFileSystemProvider.deleteIfExists(AbstractFileSystemProvider.java:108)
	at java.nio.file.Files.deleteIfExists(Files.java:1165)
	at edu.illinois.cs.testrunner.util.TempFiles$.withTempFile(TempFiles.scala:19)
	at edu.illinois.cs.testrunner.util.TempFiles.withTempFile(TempFiles.scala)
	at edu.illinois.cs.dt.tools.runner.InstrumentingSmartRunner.runWithCp(InstrumentingSmartRunner.java:54)
	at edu.illinois.cs.testrunner.runner.Runner.run(Runner.scala:33)
	at edu.illinois.cs.testrunner.runner.Runner.run$(Runner.scala:33)
	at edu.illinois.cs.testrunner.runner.SmartRunner.run(SmartRunner.scala:28)
	at edu.illinois.cs.testrunner.runner.Runner.runList(Runner.scala:28)
	at edu.illinois.cs.testrunner.runner.Runner.runList$(Runner.scala:27)
	at edu.illinois.cs.testrunner.runner.SmartRunner.runList(SmartRunner.scala:21)
	at edu.illinois.cs.dt.tools.detection.DetectorUtil.originalResults(DetectorUtil.java:35)
	at edu.illinois.cs.dt.tools.detection.detectors.RandomDetector.<init>(RandomDetector.java:29)
	at edu.illinois.cs.dt.tools.detection.detectors.DetectorFactory.makeDetector(DetectorFactory.java:20)
	at edu.illinois.cs.dt.tools.plugin.DetectorMojo.detectorExecute(DetectorMojo.java:268)
	at edu.illinois.cs.dt.tools.plugin.DetectorMojo.lambda$execute$5(DetectorMojo.java:204)
	at edu.illinois.cs.dt.tools.utility.ErrorLogger.runAndLogError(ErrorLogger.java:17)
	at edu.illinois.cs.dt.tools.plugin.DetectorMojo.execute(DetectorMojo.java:204)
	at org.apache.maven.plugin.DefaultBuildPluginManager.executeMojo(DefaultBuildPluginManager.java:126)
	at org.apache.maven.lifecycle.internal.MojoExecutor.doExecute2(MojoExecutor.java:328)
	at org.apache.maven.lifecycle.internal.MojoExecutor.doExecute(MojoExecutor.java:316)
	at org.apache.maven.lifecycle.internal.MojoExecutor.execute(MojoExecutor.java:212)
	at org.apache.maven.lifecycle.internal.MojoExecutor.execute(MojoExecutor.java:174)
	at org.apache.maven.lifecycle.internal.MojoExecutor.access$000(MojoExecutor.java:75)
	at org.apache.maven.lifecycle.internal.MojoExecutor$1.run(MojoExecutor.java:162)
	at org.apache.maven.plugin.DefaultMojosExecutionStrategy.execute(DefaultMojosExecutionStrategy.java:39)
	at org.apache.maven.lifecycle.internal.MojoExecutor.execute(MojoExecutor.java:159)
	at org.apache.maven.lifecycle.internal.LifecycleModuleBuilder.buildProject(LifecycleModuleBuilder.java:105)
	at org.apache.maven.lifecycle.internal.LifecycleModuleBuilder.buildProject(LifecycleModuleBuilder.java:73)
	at 
org.apache.maven.lifecycle.internal.builder.singlethreaded.SingleThreadedBuilder.build(SingleThreadedBuilder.java:53)
	at org.apache.maven.lifecycle.internal.LifecycleStarter.execute(LifecycleStarter.java:118)
	at org.apache.maven.DefaultMaven.doExecute(DefaultMaven.java:261)
	at org.apache.maven.DefaultMaven.doExecute(DefaultMaven.java:173)
	at org.apache.maven.DefaultMaven.execute(DefaultMaven.java:101)
	at org.apache.maven.cli.MavenCli.execute(MavenCli.java:906)
	at org.apache.maven.cli.MavenCli.doMain(MavenCli.java:283)
	at org.apache.maven.cli.MavenCli.main(MavenCli.java:206)
	at sun.reflect.NativeMethodAccessorImpl.invoke0(Native Method)
	at sun.reflect.NativeMethodAccessorImpl.invoke(NativeMethodAccessorImpl.java:62)
	at sun.reflect.DelegatingMethodAccessorImpl.invoke(DelegatingMethodAccessorImpl.java:43)
	at java.lang.reflect.Method.invoke(Method.java:498)
	at org.codehaus.plexus.classworlds.launcher.Launcher.launchEnhanced(Launcher.java:255)
	at org.codehaus.plexus.classworlds.launcher.Launcher.launch(Launcher.java:201)
	at org.codehaus.plexus.classworlds.launcher.Launcher.mainWithExitCode(Launcher.java:361)
	at org.codehaus.plexus.classworlds.launcher.Launcher.main(Launcher.java:314)
TRY_COPY_ALL_FAILING_TEST_OUTPUT
[INFO] ------------------------------------------------------------------------
[INFO] BUILD SUCCESS
[INFO] ------------------------------------------------------------------------
[INFO] Total time:  27.029 s
[INFO] Finished at: 2026-09-18T19:59:43+06:00
[INFO] ------------------------------------------------------------------------
