[INFO] Scanning for projects...
[INFO] Inspecting build with total of 1 modules
[INFO] Installing Central Publishing features
[INFO] Downloading from central: https://repo.maven.apache.org/maven2/com/github/spotbugs/maven-metadata.xml
[INFO] Downloading from central: https://repo.maven.apache.org/maven2/org/apache/felix/maven-metadata.xml
[INFO] Downloading from central: https://repo.maven.apache.org/maven2/org/sonatype/central/maven-metadata.xml
[INFO] Downloading from central: https://repo.maven.apache.org/maven2/org/jacoco/maven-metadata.xml
[INFO] Downloaded from central: https://repo.maven.apache.org/maven2/org/apache/felix/maven-metadata.xml (1.4 kB at 2.0 kB/s)
[INFO] Downloading from central: https://repo.maven.apache.org/maven2/org/apache/maven/plugins/maven-metadata.xml
[INFO] Downloaded from central: https://repo.maven.apache.org/maven2/org/jacoco/maven-metadata.xml (237 B at 329 B/s)
[INFO] Downloading from central: https://repo.maven.apache.org/maven2/org/codehaus/mojo/maven-metadata.xml
[INFO] Downloaded from central: https://repo.maven.apache.org/maven2/com/github/spotbugs/maven-metadata.xml (240 B at 317 B/s)
[INFO] Downloaded from central: https://repo.maven.apache.org/maven2/org/codehaus/mojo/maven-metadata.xml (20 kB at 89 kB/s)
[INFO] Downloaded from central: https://repo.maven.apache.org/maven2/org/sonatype/central/maven-metadata.xml (270 B at 239 B/s)
[INFO] Downloaded from central: https://repo.maven.apache.org/maven2/org/apache/maven/plugins/maven-metadata.xml (10 kB at 21 kB/s)
[INFO] 
[INFO] ----------------< com.github.davidmoten:rxjava2-extras >----------------
[INFO] Building rxjava2-extras 0.2.3-SNAPSHOT
[INFO]   from pom.xml
[INFO] --------------------------------[ jar ]---------------------------------
[INFO] 
[INFO] --- jacoco:0.8.15:prepare-agent (default-cli) @ rxjava2-extras ---
[INFO] argLine set to -javaagent:/home/tanzim/.m2/repository/org/jacoco/org.jacoco.agent/0.8.15/org.jacoco.agent-0.8.15-runtime.jar=destfile=/home/tanzim/flaky-study/rxjava2-extras/target/jacoco.exec
[INFO] 
[INFO] >>> idflakies:2.0.0:detect (default-cli) > test-compile @ rxjava2-extras >>>
[INFO] 
[INFO] --- jacoco:0.8.15:prepare-agent (prepare-agent) @ rxjava2-extras ---
[INFO] argLine set to -javaagent:/home/tanzim/.m2/repository/org/jacoco/org.jacoco.agent/0.8.15/org.jacoco.agent-0.8.15-runtime.jar=destfile=/home/tanzim/flaky-study/rxjava2-extras/target/jacoco.exec
[INFO] 
[INFO] --- resources:3.3.1:resources (default-resources) @ rxjava2-extras ---
[INFO] skip non existing resourceDirectory /home/tanzim/flaky-study/rxjava2-extras/src/main/resources
[INFO] 
[INFO] --- compiler:3.15.0:compile (default-compile) @ rxjava2-extras ---
[INFO] Nothing to compile - all classes are up to date.
[INFO] 
[INFO] --- resources:3.3.1:testResources (default-testResources) @ rxjava2-extras ---
[INFO] Copying 4 resources from src/test/resources to target/test-classes
[INFO] 
[INFO] --- compiler:3.15.0:testCompile (default-testCompile) @ rxjava2-extras ---
[INFO] Nothing to compile - all classes are up to date.
[INFO] 
[INFO] <<< idflakies:2.0.0:detect (default-cli) < test-compile @ rxjava2-extras <<<
[INFO] 
[INFO] 
[INFO] --- idflakies:2.0.0:detect (default-cli) @ rxjava2-extras ---
INFO: No timeout specified. Using randomize.rounds: 3
INFO: ROUNDS_CALCULATED: Giving com.github.davidmoten:rxjava2-extras:0.2.3-SNAPSHOT 3 rounds to run for random-class-method
INFO: Locating tests...
INFO: Located 410 tests. Time taken: 1.0160000324249268 seconds
INFO: Using original order in path: /home/tanzim/flaky-study/rxjava2-extras/.dtfixingtools/original-order
INFO: Using original order in path: /home/tanzim/flaky-study/rxjava2-extras/.dtfixingtools/original-order
INFO: Using original order in path: /home/tanzim/flaky-study/rxjava2-extras/.dtfixingtools/original-order
[INFO] Getting original results (410 tests).
INFO: Created dependent test detector (class edu.illinois.cs.dt.tools.detection.detectors.RandomDetector).
[INFO] Found 0 tests in round 1 of 3 (0.0 seconds elapsed (54.7 total), 0.0 seconds remaining).
[INFO] Found 0 tests in round 2 of 3 (54.7 seconds elapsed (101.5 total), 27.3 seconds remaining).
[INFO] Found 0 tests in round 3 of 3 (101.5 seconds elapsed (155.5 total), 0.0 seconds remaining).

[INFO] Found 0 tests, writing list to /home/tanzim/flaky-study/rxjava2-extras/.dtfixingtools/detection-results/list.txt and dt lists to /home/tanzim/flaky-study/rxjava2-extras/.dtfixingtools/detection-results/flaky-lists.json
TRY_COPY_ALL_FAILING_TEST_OUTPUT
[INFO] ------------------------------------------------------------------------
[INFO] BUILD SUCCESS
[INFO] ------------------------------------------------------------------------
[INFO] Total time:  03:34 min
[INFO] Finished at: 2026-09-18T18:20:46+06:00
[INFO] ------------------------------------------------------------------------
