
-------------------------------------------------------
 T E S T S
-------------------------------------------------------
Running org.java_websocket.autobahn.AutobahnServerResultsTest
Tests run: 1, Failures: 0, Errors: 0, Skipped: 1, Time elapsed: 0.061 sec - in org.java_websocket.autobahn.AutobahnServerResultsTest
Running org.java_websocket.framing.CloseFrameTest
Tests run: 4, Failures: 0, Errors: 0, Skipped: 0, Time elapsed: 0 sec - in org.java_websocket.framing.CloseFrameTest
Running org.java_websocket.framing.BinaryFrameTest
Tests run: 3, Failures: 0, Errors: 0, Skipped: 0, Time elapsed: 0.001 sec - in org.java_websocket.framing.BinaryFrameTest
Running org.java_websocket.framing.PongFrameTest
Tests run: 4, Failures: 0, Errors: 0, Skipped: 0, Time elapsed: 0.001 sec - in org.java_websocket.framing.PongFrameTest
Running org.java_websocket.framing.FramedataImpl1Test
Tests run: 4, Failures: 0, Errors: 0, Skipped: 0, Time elapsed: 0.001 sec - in org.java_websocket.framing.FramedataImpl1Test
Running org.java_websocket.framing.ContinuousFrameTest
Tests run: 3, Failures: 0, Errors: 0, Skipped: 0, Time elapsed: 0.001 sec - in org.java_websocket.framing.ContinuousFrameTest
Running org.java_websocket.framing.TextFrameTest
Tests run: 3, Failures: 0, Errors: 0, Skipped: 0, Time elapsed: 0 sec - in org.java_websocket.framing.TextFrameTest
Running org.java_websocket.framing.PingFrameTest
Tests run: 3, Failures: 0, Errors: 0, Skipped: 0, Time elapsed: 0 sec - in org.java_websocket.framing.PingFrameTest
Running org.java_websocket.misc.OpeningHandshakeRejectionTest
Tests run: 12, Failures: 0, Errors: 0, Skipped: 0, Time elapsed: 0.015 sec - in org.java_websocket.misc.OpeningHandshakeRejectionTest
Running org.java_websocket.drafts.Draft_6455Test
Tests run: 17, Failures: 0, Errors: 0, Skipped: 0, Time elapsed: 0.019 sec - in org.java_websocket.drafts.Draft_6455Test
Running org.java_websocket.exceptions.WebsocketNotConnectedExceptionTest
Tests run: 1, Failures: 0, Errors: 0, Skipped: 0, Time elapsed: 0.001 sec - in org.java_websocket.exceptions.WebsocketNotConnectedExceptionTest
Running org.java_websocket.exceptions.IncompleteExceptionTest
Tests run: 1, Failures: 0, Errors: 0, Skipped: 0, Time elapsed: 0.001 sec - in org.java_websocket.exceptions.IncompleteExceptionTest
Running org.java_websocket.exceptions.InvalidDataExceptionTest
Tests run: 1, Failures: 0, Errors: 0, Skipped: 0, Time elapsed: 0.001 sec - in org.java_websocket.exceptions.InvalidDataExceptionTest
Running org.java_websocket.exceptions.IncompleteHandshakeExceptionTest
Tests run: 1, Failures: 0, Errors: 0, Skipped: 0, Time elapsed: 0 sec - in org.java_websocket.exceptions.IncompleteHandshakeExceptionTest
Running org.java_websocket.exceptions.LimitExceededExceptionTest
Tests run: 2, Failures: 0, Errors: 0, Skipped: 0, Time elapsed: 0 sec - in org.java_websocket.exceptions.LimitExceededExceptionTest
Running org.java_websocket.exceptions.InvalidFrameExceptionTest
Tests run: 2, Failures: 0, Errors: 0, Skipped: 0, Time elapsed: 0 sec - in org.java_websocket.exceptions.InvalidFrameExceptionTest
Running org.java_websocket.exceptions.InvalidEncodingExceptionTest
Tests run: 1, Failures: 0, Errors: 0, Skipped: 0, Time elapsed: 0.001 sec - in org.java_websocket.exceptions.InvalidEncodingExceptionTest
Running org.java_websocket.exceptions.NotSendableExceptionTest
Tests run: 1, Failures: 0, Errors: 0, Skipped: 0, Time elapsed: 0.001 sec - in org.java_websocket.exceptions.NotSendableExceptionTest
Running org.java_websocket.exceptions.InvalidHandshakeExceptionTest
Tests run: 2, Failures: 0, Errors: 0, Skipped: 0, Time elapsed: 0.001 sec - in org.java_websocket.exceptions.InvalidHandshakeExceptionTest
Running org.java_websocket.protocols.ProtocolHandshakeRejectionTest
Tests run: 30, Failures: 0, Errors: 0, Skipped: 0, Time elapsed: 0.069 sec - in org.java_websocket.protocols.ProtocolHandshakeRejectionTest
Running org.java_websocket.protocols.ProtocolTest
Tests run: 7, Failures: 0, Errors: 0, Skipped: 0, Time elapsed: 0.001 sec - in org.java_websocket.protocols.ProtocolTest
Running org.java_websocket.extensions.CompressionExtensionTest
Tests run: 1, Failures: 0, Errors: 0, Skipped: 0, Time elapsed: 0 sec - in org.java_websocket.extensions.CompressionExtensionTest
Running org.java_websocket.extensions.PerMessageDeflateExtensionTest
Tests run: 19, Failures: 0, Errors: 0, Skipped: 0, Time elapsed: 0.008 sec - in org.java_websocket.extensions.PerMessageDeflateExtensionTest
Running org.java_websocket.extensions.DefaultExtensionTest
Tests run: 11, Failures: 0, Errors: 0, Skipped: 0, Time elapsed: 0.002 sec - in org.java_websocket.extensions.DefaultExtensionTest
Running org.java_websocket.util.Base64Test
Tests run: 8, Failures: 0, Errors: 0, Skipped: 0, Time elapsed: 0.009 sec - in org.java_websocket.util.Base64Test
Running org.java_websocket.util.CharsetfunctionsTest
Tests run: 7, Failures: 0, Errors: 0, Skipped: 0, Time elapsed: 0 sec - in org.java_websocket.util.CharsetfunctionsTest
Running org.java_websocket.util.ByteBufferUtilsTest
Tests run: 8, Failures: 0, Errors: 0, Skipped: 0, Time elapsed: 0 sec - in org.java_websocket.util.ByteBufferUtilsTest
Running org.java_websocket.issues.Issue855Test
Tests run: 1, Failures: 0, Errors: 0, Skipped: 0, Time elapsed: 0.092 sec - in org.java_websocket.issues.Issue855Test
Running org.java_websocket.issues.Issue621Test
Tests run: 1, Failures: 0, Errors: 0, Skipped: 0, Time elapsed: 0.028 sec - in org.java_websocket.issues.Issue621Test
Running org.java_websocket.issues.Issue1203Test
Tests run: 1, Failures: 0, Errors: 0, Skipped: 0, Time elapsed: 45.026 sec - in org.java_websocket.issues.Issue1203Test
Running org.java_websocket.issues.Issue764Test
Tests run: 1, Failures: 0, Errors: 0, Skipped: 0, Time elapsed: 0.429 sec - in org.java_websocket.issues.Issue764Test
Running org.java_websocket.issues.Issue1160Test
[WebSocketWorker-232] ERROR org.java_websocket.WebSocketImpl - Closing web socket due to an error during frame processing
[WebSocketWorker-233] ERROR org.java_websocket.WebSocketImpl - Closing web socket due to an error during frame processing
[WebSocketWorker-234] ERROR org.java_websocket.WebSocketImpl - Closing web socket due to an error during frame processing
[WebSocketWorker-256] ERROR org.java_websocket.WebSocketImpl - Got fatal error during frame processing
[WebSocketWorker-256] ERROR org.java_websocket.server.WebSocketServer - Got fatal error in worker thread WebSocketWorker-256
[WebSocketWorker-256] ERROR org.java_websocket.server.WebSocketServer - Shutdown due to fatal error
java.lang.Exception: java.lang.OutOfMemoryError: Some error
	at org.java_websocket.server.WebSocketServer$WebSocketWorker.run(WebSocketServer.java:1093)
Caused by: java.lang.OutOfMemoryError: Some error
	at org.java_websocket.issues.Issue1160Test$2.onMessage(Issue1160Test.java:124)
	at org.java_websocket.server.WebSocketServer.onWebsocketMessage(WebSocketServer.java:718)
	at org.java_websocket.drafts.Draft_6455.processFrameBinary(Draft_6455.java:959)
	at org.java_websocket.drafts.Draft_6455.processFrame(Draft_6455.java:912)
	at org.java_websocket.WebSocketImpl.decodeFrames(WebSocketImpl.java:401)
	at org.java_websocket.WebSocketImpl.decode(WebSocketImpl.java:233)
	at org.java_websocket.server.WebSocketServer$WebSocketWorker.doDecode(WebSocketServer.java:1114)
	at org.java_websocket.server.WebSocketServer$WebSocketWorker.run(WebSocketServer.java:1086)
[WebSocketWorker-256] ERROR org.java_websocket.server.WebSocketServer - Interrupt during stop
java.lang.Exception: java.lang.OutOfMemoryError: Some error
	at org.java_websocket.server.WebSocketServer$WebSocketWorker.run(WebSocketServer.java:1093)
Caused by: java.lang.OutOfMemoryError: Some error
	at org.java_websocket.issues.Issue1160Test$2.onMessage(Issue1160Test.java:124)
	at org.java_websocket.server.WebSocketServer.onWebsocketMessage(WebSocketServer.java:718)
Tests run: 2, Failures: 0, Errors: 0, Skipped: 0, Time elapsed: 0.088 sec - in org.java_websocket.issues.Issue1160Test
Running org.java_websocket.issues.Issue811Test
	at org.java_websocket.drafts.Draft_6455.processFrameBinary(Draft_6455.java:959)
	at org.java_websocket.drafts.Draft_6455.processFrame(Draft_6455.java:912)
	at org.java_websocket.WebSocketImpl.decodeFrames(WebSocketImpl.java:401)
	at org.java_websocket.WebSocketImpl.decode(WebSocketImpl.java:233)
	at org.java_websocket.server.WebSocketServer$WebSocketWorker.doDecode(WebSocketServer.java:1114)
	at org.java_websocket.server.WebSocketServer$WebSocketWorker.run(WebSocketServer.java:1086)
Tests run: 1, Failures: 0, Errors: 0, Skipped: 0, Time elapsed: 0.999 sec - in org.java_websocket.issues.Issue811Test
Running org.java_websocket.issues.Issue941Test
Tests run: 1, Failures: 0, Errors: 0, Skipped: 0, Time elapsed: 1.006 sec - in org.java_websocket.issues.Issue941Test
Running org.java_websocket.issues.Issue661Test
[WebSocketSelector-335] ERROR org.java_websocket.server.WebSocketServer - Shutdown due to fatal error
java.net.BindException: Address already in use
	at sun.nio.ch.Net.bind0(Native Method)
	at sun.nio.ch.Net.bind(Net.java:461)
	at sun.nio.ch.Net.bind(Net.java:453)
	at sun.nio.ch.ServerSocketChannelImpl.bind(ServerSocketChannelImpl.java:222)
	at sun.nio.ch.ServerSocketAdaptor.bind(ServerSocketAdaptor.java:85)
	at org.java_websocket.server.WebSocketServer.doSetupSelectorAndServerThread(WebSocketServer.java:567)
	at org.java_websocket.server.WebSocketServer.run(WebSocketServer.java:367)
	at java.lang.Thread.run(Thread.java:750)
Tests run: 1, Failures: 0, Errors: 0, Skipped: 0, Time elapsed: 1.141 sec - in org.java_websocket.issues.Issue661Test
Running org.java_websocket.issues.Issue713Test
Tests run: 2, Failures: 0, Errors: 0, Skipped: 0, Time elapsed: 0.055 sec - in org.java_websocket.issues.Issue713Test
Running org.java_websocket.issues.Issue997Test
Tests run: 6, Failures: 4, Errors: 0, Skipped: 0, Time elapsed: 4.068 sec <<< FAILURE! - in org.java_websocket.issues.Issue997Test
test_localServer_ServerLocalhost_ClientLocalhost_CheckDefault(org.java_websocket.issues.Issue997Test)  Time elapsed: 1.009 sec  <<< FAILURE!
java.lang.AssertionError: null
	at org.junit.Assert.fail(Assert.java:86)
	at org.junit.Assert.assertTrue(Assert.java:41)
	at org.junit.Assert.assertTrue(Assert.java:52)
	at org.java_websocket.issues.Issue997Test.test_localServer_ServerLocalhost_ClientLocalhost_CheckDefault(Issue997Test.java:111)

test_localServer_ServerLocalhost_ClientLocalhost_CheckInactive(org.java_websocket.issues.Issue997Test)  Time elapsed: 1.007 sec  <<< FAILURE!
java.lang.AssertionError: null
	at org.junit.Assert.fail(Assert.java:86)
	at org.junit.Assert.assertTrue(Assert.java:41)
	at org.junit.Assert.assertTrue(Assert.java:52)
	at org.java_websocket.issues.Issue997Test.test_localServer_ServerLocalhost_ClientLocalhost_CheckInactive(Issue997Test.java:102)

test_localServer_ServerLocalhost_Client127_CheckInactive(org.java_websocket.issues.Issue997Test)  Time elapsed: 1.006 sec  <<< FAILURE!
java.lang.AssertionError: null
	at org.junit.Assert.fail(Assert.java:86)
	at org.junit.Assert.assertTrue(Assert.java:41)
	at org.junit.Assert.assertTrue(Assert.java:52)
	at org.java_websocket.issues.Issue997Test.test_localServer_ServerLocalhost_Client127_CheckInactive(Issue997Test.java:74)

test_localServer_ServerLocalhost_ClientLocalhost_CheckActive(org.java_websocket.issues.Issue997Test)  Time elapsed: 1.006 sec  <<< FAILURE!
java.lang.AssertionError: null
	at org.junit.Assert.fail(Assert.java:86)
	at org.junit.Assert.assertTrue(Assert.java:41)
	at org.junit.Assert.assertTrue(Assert.java:52)
	at org.java_websocket.issues.Issue997Test.test_localServer_ServerLocalhost_ClientLocalhost_CheckActive(Issue997Test.java:93)

Running org.java_websocket.issues.Issue677Test
Tests run: 1, Failures: 0, Errors: 0, Skipped: 0, Time elapsed: 0.012 sec - in org.java_websocket.issues.Issue677Test
Running org.java_websocket.issues.Issue879Test
[WebSocketSelector-2266] ERROR org.java_websocket.server.WebSocketServer - Shutdown due to fatal error
java.net.BindException: Address already in use
	at sun.nio.ch.Net.bind0(Native Method)
	at sun.nio.ch.Net.bind(Net.java:461)
	at sun.nio.ch.Net.bind(Net.java:453)
	at sun.nio.ch.ServerSocketChannelImpl.bind(ServerSocketChannelImpl.java:222)
	at sun.nio.ch.ServerSocketAdaptor.bind(ServerSocketAdaptor.java:85)
	at org.java_websocket.server.WebSocketServer.doSetupSelectorAndServerThread(WebSocketServer.java:567)
	at org.java_websocket.server.WebSocketServer.run(WebSocketServer.java:367)
	at java.lang.Thread.run(Thread.java:750)
[WebSocketSelector-2810] ERROR org.java_websocket.server.WebSocketServer - Shutdown due to fatal error
java.net.BindException: Address already in use
	at sun.nio.ch.Net.bind0(Native Method)
	at sun.nio.ch.Net.bind(Net.java:461)
	at sun.nio.ch.Net.bind(Net.java:453)
	at sun.nio.ch.ServerSocketChannelImpl.bind(ServerSocketChannelImpl.java:222)
	at sun.nio.ch.ServerSocketAdaptor.bind(ServerSocketAdaptor.java:85)
	at org.java_websocket.server.WebSocketServer.doSetupSelectorAndServerThread(WebSocketServer.java:567)
	at org.java_websocket.server.WebSocketServer.run(WebSocketServer.java:367)
	at java.lang.Thread.run(Thread.java:750)
[WebSocketSelector-3379] ERROR org.java_websocket.server.WebSocketServer - Shutdown due to fatal error
java.net.BindException: Address already in use
	at sun.nio.ch.Net.bind0(Native Method)
	at sun.nio.ch.Net.bind(Net.java:461)
	at sun.nio.ch.Net.bind(Net.java:453)
	at sun.nio.ch.ServerSocketChannelImpl.bind(ServerSocketChannelImpl.java:222)
	at sun.nio.ch.ServerSocketAdaptor.bind(ServerSocketAdaptor.java:85)
	at org.java_websocket.server.WebSocketServer.doSetupSelectorAndServerThread(WebSocketServer.java:567)
	at org.java_websocket.server.WebSocketServer.run(WebSocketServer.java:367)
	at java.lang.Thread.run(Thread.java:750)
[WebSocketSelector-3992] ERROR org.java_websocket.server.WebSocketServer - Shutdown due to fatal error
java.net.BindException: Address already in use
	at sun.nio.ch.Net.bind0(Native Method)
	at sun.nio.ch.Net.bind(Net.java:461)
	at sun.nio.ch.Net.bind(Net.java:453)
	at sun.nio.ch.ServerSocketChannelImpl.bind(ServerSocketChannelImpl.java:222)
	at sun.nio.ch.ServerSocketAdaptor.bind(ServerSocketAdaptor.java:85)
	at org.java_websocket.server.WebSocketServer.doSetupSelectorAndServerThread(WebSocketServer.java:567)
	at org.java_websocket.server.WebSocketServer.run(WebSocketServer.java:367)
	at java.lang.Thread.run(Thread.java:750)
[WebSocketSelector-4637] ERROR org.java_websocket.server.WebSocketServer - Shutdown due to fatal error
java.net.BindException: Address already in use
	at sun.nio.ch.Net.bind0(Native Method)
	at sun.nio.ch.Net.bind(Net.java:461)
	at sun.nio.ch.Net.bind(Net.java:453)
	at sun.nio.ch.ServerSocketChannelImpl.bind(ServerSocketChannelImpl.java:222)
	at sun.nio.ch.ServerSocketAdaptor.bind(ServerSocketAdaptor.java:85)
	at org.java_websocket.server.WebSocketServer.doSetupSelectorAndServerThread(WebSocketServer.java:567)
	at org.java_websocket.server.WebSocketServer.run(WebSocketServer.java:367)
	at java.lang.Thread.run(Thread.java:750)
[WebSocketSelector-5328] ERROR org.java_websocket.server.WebSocketServer - Shutdown due to fatal error
java.net.BindException: Address already in use
	at sun.nio.ch.Net.bind0(Native Method)
	at sun.nio.ch.Net.bind(Net.java:461)
	at sun.nio.ch.Net.bind(Net.java:453)
	at sun.nio.ch.ServerSocketChannelImpl.bind(ServerSocketChannelImpl.java:222)
	at sun.nio.ch.ServerSocketAdaptor.bind(ServerSocketAdaptor.java:85)
	at org.java_websocket.server.WebSocketServer.doSetupSelectorAndServerThread(WebSocketServer.java:567)
	at org.java_websocket.server.WebSocketServer.run(WebSocketServer.java:367)
	at java.lang.Thread.run(Thread.java:750)
[WebSocketSelector-6060] ERROR org.java_websocket.server.WebSocketServer - Shutdown due to fatal error
java.net.BindException: Address already in use
	at sun.nio.ch.Net.bind0(Native Method)
	at sun.nio.ch.Net.bind(Net.java:461)
	at sun.nio.ch.Net.bind(Net.java:453)
	at sun.nio.ch.ServerSocketChannelImpl.bind(ServerSocketChannelImpl.java:222)
	at sun.nio.ch.ServerSocketAdaptor.bind(ServerSocketAdaptor.java:85)
	at org.java_websocket.server.WebSocketServer.doSetupSelectorAndServerThread(WebSocketServer.java:567)
	at org.java_websocket.server.WebSocketServer.run(WebSocketServer.java:367)
	at java.lang.Thread.run(Thread.java:750)
[WebSocketSelector-6834] ERROR org.java_websocket.server.WebSocketServer - Shutdown due to fatal error
java.net.BindException: Address already in use
	at sun.nio.ch.Net.bind0(Native Method)
	at sun.nio.ch.Net.bind(Net.java:461)
	at sun.nio.ch.Net.bind(Net.java:453)
	at sun.nio.ch.ServerSocketChannelImpl.bind(ServerSocketChannelImpl.java:222)
	at sun.nio.ch.ServerSocketAdaptor.bind(ServerSocketAdaptor.java:85)
	at org.java_websocket.server.WebSocketServer.doSetupSelectorAndServerThread(WebSocketServer.java:567)
	at org.java_websocket.server.WebSocketServer.run(WebSocketServer.java:367)
	at java.lang.Thread.run(Thread.java:750)
[WebSocketSelector-7630] ERROR org.java_websocket.server.WebSocketServer - Shutdown due to fatal error
java.net.BindException: Address already in use
	at sun.nio.ch.Net.bind0(Native Method)
	at sun.nio.ch.Net.bind(Net.java:461)
	at sun.nio.ch.Net.bind(Net.java:453)
	at sun.nio.ch.ServerSocketChannelImpl.bind(ServerSocketChannelImpl.java:222)
	at sun.nio.ch.ServerSocketAdaptor.bind(ServerSocketAdaptor.java:85)
	at org.java_websocket.server.WebSocketServer.doSetupSelectorAndServerThread(WebSocketServer.java:567)
	at org.java_websocket.server.WebSocketServer.run(WebSocketServer.java:367)
	at java.lang.Thread.run(Thread.java:750)
[WebSocketSelector-8460] ERROR org.java_websocket.server.WebSocketServer - Shutdown due to fatal error
java.net.BindException: Address already in use
	at sun.nio.ch.Net.bind0(Native Method)
	at sun.nio.ch.Net.bind(Net.java:461)
	at sun.nio.ch.Net.bind(Net.java:453)
	at sun.nio.ch.ServerSocketChannelImpl.bind(ServerSocketChannelImpl.java:222)
	at sun.nio.ch.ServerSocketAdaptor.bind(ServerSocketAdaptor.java:85)
	at org.java_websocket.server.WebSocketServer.doSetupSelectorAndServerThread(WebSocketServer.java:567)
	at org.java_websocket.server.WebSocketServer.run(WebSocketServer.java:367)
	at java.lang.Thread.run(Thread.java:750)
[WebSocketSelector-9334] ERROR org.java_websocket.server.WebSocketServer - Shutdown due to fatal error
java.net.BindException: Address already in use
	at sun.nio.ch.Net.bind0(Native Method)
	at sun.nio.ch.Net.bind(Net.java:461)
	at sun.nio.ch.Net.bind(Net.java:453)
	at sun.nio.ch.ServerSocketChannelImpl.bind(ServerSocketChannelImpl.java:222)
	at sun.nio.ch.ServerSocketAdaptor.bind(ServerSocketAdaptor.java:85)
	at org.java_websocket.server.WebSocketServer.doSetupSelectorAndServerThread(WebSocketServer.java:567)
	at org.java_websocket.server.WebSocketServer.run(WebSocketServer.java:367)
	at java.lang.Thread.run(Thread.java:750)
[WebSocketSelector-10254] ERROR org.java_websocket.server.WebSocketServer - Shutdown due to fatal error
java.net.BindException: Address already in use
	at sun.nio.ch.Net.bind0(Native Method)
	at sun.nio.ch.Net.bind(Net.java:461)
	at sun.nio.ch.Net.bind(Net.java:453)
	at sun.nio.ch.ServerSocketChannelImpl.bind(ServerSocketChannelImpl.java:222)
	at sun.nio.ch.ServerSocketAdaptor.bind(ServerSocketAdaptor.java:85)
	at org.java_websocket.server.WebSocketServer.doSetupSelectorAndServerThread(WebSocketServer.java:567)
	at org.java_websocket.server.WebSocketServer.run(WebSocketServer.java:367)
	at java.lang.Thread.run(Thread.java:750)
[WebSocketSelector-11209] ERROR org.java_websocket.server.WebSocketServer - Shutdown due to fatal error
java.net.BindException: Address already in use
	at sun.nio.ch.Net.bind0(Native Method)
	at sun.nio.ch.Net.bind(Net.java:461)
	at sun.nio.ch.Net.bind(Net.java:453)
	at sun.nio.ch.ServerSocketChannelImpl.bind(ServerSocketChannelImpl.java:222)
	at sun.nio.ch.ServerSocketAdaptor.bind(ServerSocketAdaptor.java:85)
	at org.java_websocket.server.WebSocketServer.doSetupSelectorAndServerThread(WebSocketServer.java:567)
	at org.java_websocket.server.WebSocketServer.run(WebSocketServer.java:367)
	at java.lang.Thread.run(Thread.java:750)
[WebSocketSelector-12205] ERROR org.java_websocket.server.WebSocketServer - Shutdown due to fatal error
java.net.BindException: Address already in use
	at sun.nio.ch.Net.bind0(Native Method)
	at sun.nio.ch.Net.bind(Net.java:461)
	at sun.nio.ch.Net.bind(Net.java:453)
	at sun.nio.ch.ServerSocketChannelImpl.bind(ServerSocketChannelImpl.java:222)
	at sun.nio.ch.ServerSocketAdaptor.bind(ServerSocketAdaptor.java:85)
	at org.java_websocket.server.WebSocketServer.doSetupSelectorAndServerThread(WebSocketServer.java:567)
	at org.java_websocket.server.WebSocketServer.run(WebSocketServer.java:367)
	at java.lang.Thread.run(Thread.java:750)
Tests run: 20, Failures: 0, Errors: 0, Skipped: 0, Time elapsed: 10.444 sec - in org.java_websocket.issues.Issue879Test
Running org.java_websocket.issues.Issue580Test
[WebSocketSelector-13212] ERROR org.java_websocket.server.WebSocketServer - Shutdown due to fatal error
java.net.BindException: Address already in use
	at sun.nio.ch.Net.bind0(Native Method)
	at sun.nio.ch.Net.bind(Net.java:461)
	at sun.nio.ch.Net.bind(Net.java:453)
	at sun.nio.ch.ServerSocketChannelImpl.bind(ServerSocketChannelImpl.java:222)
	at sun.nio.ch.ServerSocketAdaptor.bind(ServerSocketAdaptor.java:85)
	at org.java_websocket.server.WebSocketServer.doSetupSelectorAndServerThread(WebSocketServer.java:567)
	at org.java_websocket.server.WebSocketServer.run(WebSocketServer.java:367)
	at java.lang.Thread.run(Thread.java:750)
Tests run: 20, Failures: 0, Errors: 0, Skipped: 0, Time elapsed: 2.979 sec - in org.java_websocket.issues.Issue580Test
Running org.java_websocket.issues.Issue732Test
Tests run: 1, Failures: 0, Errors: 0, Skipped: 0, Time elapsed: 0.037 sec - in org.java_websocket.issues.Issue732Test
Running org.java_websocket.issues.Issue834Test
Tests run: 1, Failures: 0, Errors: 0, Skipped: 0, Time elapsed: 0.007 sec - in org.java_websocket.issues.Issue834Test
Running org.java_websocket.issues.Issue666Test
Tests run: 2, Failures: 0, Errors: 0, Skipped: 0, Time elapsed: 0.031 sec - in org.java_websocket.issues.Issue666Test
Running org.java_websocket.issues.Issue900Test
[WebSocketSelector-13628] ERROR org.java_websocket.WebSocketImpl - Exception during channel.close()
java.io.IOException
	at org.java_websocket.issues.Issue900Test$ExceptionThrowingByteChannel.close(Issue900Test.java:151)
	at org.java_websocket.WebSocketImpl.closeConnection(WebSocketImpl.java:550)
	at org.java_websocket.WebSocketImpl.closeConnection(WebSocketImpl.java:585)
	at org.java_websocket.server.WebSocketServer.handleIOException(WebSocketServer.java:670)
	at org.java_websocket.server.WebSocketServer.run(WebSocketServer.java:412)
	at java.lang.Thread.run(Thread.java:750)
Tests run: 1, Failures: 0, Errors: 0, Skipped: 0, Time elapsed: 0.01 sec - in org.java_websocket.issues.Issue900Test
Running org.java_websocket.issues.Issue765Test
Tests run: 1, Failures: 0, Errors: 0, Skipped: 0, Time elapsed: 0 sec - in org.java_websocket.issues.Issue765Test
Running org.java_websocket.issues.Issue1142Test
Tests run: 2, Failures: 0, Errors: 0, Skipped: 0, Time elapsed: 0.105 sec - in org.java_websocket.issues.Issue1142Test
Running org.java_websocket.issues.Issue256Test
Tests run: 20, Failures: 0, Errors: 0, Skipped: 0, Time elapsed: 0.336 sec - in org.java_websocket.issues.Issue256Test
Running org.java_websocket.issues.Issue825Test
Tests run: 1, Failures: 0, Errors: 1, Skipped: 0, Time elapsed: 15.002 sec <<< FAILURE! - in org.java_websocket.issues.Issue825Test
testIssue(org.java_websocket.issues.Issue825Test)  Time elapsed: 14.997 sec  <<< ERROR!
org.junit.runners.model.TestTimedOutException: test timed out after 15000 milliseconds
	at sun.misc.Unsafe.park(Native Method)
	at java.util.concurrent.locks.LockSupport.park(LockSupport.java:175)
	at java.util.concurrent.locks.AbstractQueuedSynchronizer.parkAndCheckInterrupt(AbstractQueuedSynchronizer.java:836)
	at java.util.concurrent.locks.AbstractQueuedSynchronizer.doAcquireSharedInterruptibly(AbstractQueuedSynchronizer.java:997)
	at java.util.concurrent.locks.AbstractQueuedSynchronizer.acquireSharedInterruptibly(AbstractQueuedSynchronizer.java:1304)
	at java.util.concurrent.CountDownLatch.await(CountDownLatch.java:231)
	at org.java_websocket.client.WebSocketClient.connectBlocking(WebSocketClient.java:387)
	at org.java_websocket.issues.Issue825Test.testIssue(Issue825Test.java:88)

Running org.java_websocket.issues.Issue598Test
Tests run: 8, Failures: 0, Errors: 0, Skipped: 0, Time elapsed: 0.299 sec - in org.java_websocket.issues.Issue598Test
Running org.java_websocket.issues.Issue962Test
Tests run: 1, Failures: 0, Errors: 0, Skipped: 0, Time elapsed: 0.004 sec - in org.java_websocket.issues.Issue962Test
Running org.java_websocket.issues.Issue847Test
Tests run: 42, Failures: 0, Errors: 0, Skipped: 0, Time elapsed: 0.734 sec - in org.java_websocket.issues.Issue847Test
Running org.java_websocket.issues.Issue609Test
Tests run: 1, Failures: 0, Errors: 0, Skipped: 0, Time elapsed: 0.022 sec - in org.java_websocket.issues.Issue609Test
Running org.java_websocket.issues.Issue890Test
Tests run: 2, Failures: 0, Errors: 1, Skipped: 0, Time elapsed: 4.007 sec <<< FAILURE! - in org.java_websocket.issues.Issue890Test
testWithSSLSession(org.java_websocket.issues.Issue890Test)  Time elapsed: 4.002 sec  <<< ERROR!
org.junit.runners.model.TestTimedOutException: test timed out after 4000 milliseconds
	at sun.misc.Unsafe.park(Native Method)
	at java.util.concurrent.locks.LockSupport.park(LockSupport.java:175)
	at java.util.concurrent.locks.AbstractQueuedSynchronizer.parkAndCheckInterrupt(AbstractQueuedSynchronizer.java:836)
	at java.util.concurrent.locks.AbstractQueuedSynchronizer.doAcquireSharedInterruptibly(AbstractQueuedSynchronizer.java:997)
	at java.util.concurrent.locks.AbstractQueuedSynchronizer.acquireSharedInterruptibly(AbstractQueuedSynchronizer.java:1304)
	at java.util.concurrent.CountDownLatch.await(CountDownLatch.java:231)
	at org.java_websocket.client.WebSocketClient.connectBlocking(WebSocketClient.java:387)
	at org.java_websocket.issues.Issue890Test.testWithSSLSession(Issue890Test.java:90)

Running org.java_websocket.server.WebSocketServerTest
Tests run: 6, Failures: 0, Errors: 0, Skipped: 0, Time elapsed: 0.005 sec - in org.java_websocket.server.WebSocketServerTest
Running org.java_websocket.server.DefaultWebSocketServerFactoryTest
Tests run: 3, Failures: 0, Errors: 0, Skipped: 0, Time elapsed: 0.001 sec - in org.java_websocket.server.DefaultWebSocketServerFactoryTest
Running org.java_websocket.server.DefaultSSLWebSocketServerFactoryTest
Tests run: 4, Failures: 0, Errors: 0, Skipped: 0, Time elapsed: 0.008 sec - in org.java_websocket.server.DefaultSSLWebSocketServerFactoryTest
Running org.java_websocket.server.CustomSSLWebSocketServerFactoryTest
Tests run: 4, Failures: 0, Errors: 0, Skipped: 0, Time elapsed: 0.003 sec - in org.java_websocket.server.CustomSSLWebSocketServerFactoryTest
Running org.java_websocket.server.SSLParametersWebSocketServerFactoryTest
Tests run: 4, Failures: 0, Errors: 0, Skipped: 0, Time elapsed: 0 sec - in org.java_websocket.server.SSLParametersWebSocketServerFactoryTest
Running org.java_websocket.client.SchemaCheckTest
Tests run: 1, Failures: 0, Errors: 0, Skipped: 0, Time elapsed: 0.001 sec - in org.java_websocket.client.SchemaCheckTest
Running org.java_websocket.client.HeadersTest
Tests run: 3, Failures: 0, Errors: 0, Skipped: 0, Time elapsed: 0.001 sec - in org.java_websocket.client.HeadersTest
Running org.java_websocket.client.AttachmentTest
Tests run: 2, Failures: 0, Errors: 0, Skipped: 0, Time elapsed: 0 sec - in org.java_websocket.client.AttachmentTest

Results :

Failed tests: 
  Issue997Test.test_localServer_ServerLocalhost_ClientLocalhost_CheckDefault:111 null
  Issue997Test.test_localServer_ServerLocalhost_ClientLocalhost_CheckInactive:102 null
  Issue997Test.test_localServer_ServerLocalhost_Client127_CheckInactive:74 null
  Issue997Test.test_localServer_ServerLocalhost_ClientLocalhost_CheckActive:93 null

Tests in error: 
  Issue825Test.testIssue:88 » TestTimedOut test timed out after 15000 millisecon...
  Issue890Test.testWithSSLSession:90 » TestTimedOut test timed out after 4000 mi...

Tests run: 325, Failures: 4, Errors: 2, Skipped: 1

[ERROR] Failed to execute goal org.apache.maven.plugins:maven-surefire-plugin:2.17:test (default-test) on project Java-WebSocket: There are test failures.
[ERROR] 
[ERROR] Please refer to /home/tanzim/flaky-study/Java-WebSocket/target/surefire-reports for the individual test results.
[ERROR] -> [Help 1]
[ERROR] 
[ERROR] To see the full stack trace of the errors, re-run Maven with the -e switch.
[ERROR] Re-run Maven using the -X switch to enable full debug logging.
[ERROR] 
[ERROR] For more information about the errors and possible solutions, please read the following articles:
[ERROR] [Help 1] http://cwiki.apache.org/confluence/display/MAVEN/MojoFailureException

real	1m32.214s
user	3m29.874s
sys	0m22.703s
