06d410b544c17b786d30e310450c63ab3f3957ddf3b745c75766c48039e941c2/
06d410b544c17b786d30e310450c63ab3f3957ddf3b745c75766c48039e941c2/VERSION
06d410b544c17b786d30e310450c63ab3f3957ddf3b745c75766c48039e941c2/json
06d410b544c17b786d30e310450c63ab3f3957ddf3b745c75766c48039e941c2/layer.tar
11317885223fd30c04d1c21d21b353e393182aa1e97f70063ded0614f42d9bc2/
11317885223fd30c04d1c21d21b353e393182aa1e97f70063ded0614f42d9bc2/VERSION
11317885223fd30c04d1c21d21b353e393182aa1e97f70063ded0614f42d9bc2/json
11317885223fd30c04d1c21d21b353e393182aa1e97f70063ded0614f42d9bc2/layer.tar
1a65221217b8d235120af78508e2d20cd15c7e446cb855c780dcd4a1d1099eeb/
1a65221217b8d235120af78508e2d20cd15c7e446cb855c780dcd4a1d1099eeb/VERSION
1a65221217b8d235120af78508e2d20cd15c7e446cb855c780dcd4a1d1099eeb/json
1a65221217b8d235120af78508e2d20cd15c7e446cb855c780dcd4a1d1099eeb/layer.tar
50fa5f39afb74b9190d3f44aa462079ff5dc2747ce30fa0859ec90b54cf13dde/
50fa5f39afb74b9190d3f44aa462079ff5dc2747ce30fa0859ec90b54cf13dde/VERSION
50fa5f39afb74b9190d3f44aa462079ff5dc2747ce30fa0859ec90b54cf13dde/json
50fa5f39afb74b9190d3f44aa462079ff5dc2747ce30fa0859ec90b54cf13dde/layer.tar
5c1c8bf6f863122ed4017348cbf4c4bf93fe402fb48099714b982e43bf42855c/
5c1c8bf6f863122ed4017348cbf4c4bf93fe402fb48099714b982e43bf42855c/VERSION
5c1c8bf6f863122ed4017348cbf4c4bf93fe402fb48099714b982e43bf42855c/json
5c1c8bf6f863122ed4017348cbf4c4bf93fe402fb48099714b982e43bf42855c/layer.tar
80708e2c1756728ca5c8d189c4313af8b71889b1557ac1405fcd71b5bde2825b.json
a0879546b727baa19224ec23942df7d307aea79486e0d716caffe551ad2f4ee8/
a0879546b727baa19224ec23942df7d307aea79486e0d716caffe551ad2f4ee8/VERSION
a0879546b727baa19224ec23942df7d307aea79486e0d716caffe551ad2f4ee8/json
a0879546b727baa19224ec23942df7d307aea79486e0d716caffe551ad2f4ee8/layer.tar
dca223a77295727c3d3e8b154d2d99443f9d7b9d92b4df1c110df6a6a324defc/
dca223a77295727c3d3e8b154d2d99443f9d7b9d92b4df1c110df6a6a324defc/VERSION
dca223a77295727c3d3e8b154d2d99443f9d7b9d92b4df1c110df6a6a324defc/json
dca223a77295727c3d3e8b154d2d99443f9d7b9d92b4df1c110df6a6a324defc/layer.tar
manifest.json
repositories
