=== data_list ===
total 24
drwxr-xr-x 2 java8-flakesync java8-flakesync  4096 Jan  4  2024 .
drwxr-xr-x 1 java8-flakesync java8-flakesync  4096 Jan  4  2024 ..
-rw-r--r-- 1 java8-flakesync java8-flakesync 10767 Jan  4  2024 all_input.csv
-rw-r--r-- 1 java8-flakesync java8-flakesync    89 Jan  3  2024 input.csv

=== input.csv head ===
alibaba/wasp,b2593d8,.,com.alibaba.wasp.executor.TestExecutorService#testExecutorService

=== input.csv line count ===
1 /home/java8-flakesync/scripts/data_list/input.csv

=== scripts/projects ===
total 40
drwxr-xr-x 10 java8-flakesync java8-flakesync 4096 Jan  4  2024 .
drwxr-xr-x  1 java8-flakesync java8-flakesync 4096 Jan  4  2024 ..
drwxr-xr-x  3 java8-flakesync java8-flakesync 4096 Jan  2  2024 davidmoten
drwxr-xr-x  3 java8-flakesync java8-flakesync 4096 Jan  2  2024 elasticjob
drwxr-xr-x  3 java8-flakesync java8-flakesync 4096 Jan  2  2024 flaxsearch
drwxr-xr-x  3 java8-flakesync java8-flakesync 4096 Jan  2  2024 fluent
drwxr-xr-x  3 java8-flakesync java8-flakesync 4096 Jan  2  2024 javadelight
drwxr-xr-x  3 java8-flakesync java8-flakesync 4096 Jan  2  2024 nlighten
drwxr-xr-x  3 java8-flakesync java8-flakesync 4096 Jan  2  2024 qos-ch
drwxr-xr-x  3 java8-flakesync java8-flakesync 4096 Jan  2  2024 undertow-io

=== expected_results tree ===
/home/java8-flakesync/expected_results
/home/java8-flakesync/expected_results/Locations
/home/java8-flakesync/expected_results/Locations/Root-wasp-com.alibaba.wasp.executor.TestExecutorService#testExecutorService-311.txt
/home/java8-flakesync/expected_results/Locations/Root-wasp-com.alibaba.wasp.executor.TestExecutorService#testExecutorService-308.txt
/home/java8-flakesync/expected_results/Locations/Line
/home/java8-flakesync/expected_results/Locations/wasp-com.alibaba.wasp.executor.TestExecutorService#testExecutorService-Root
/home/java8-flakesync/expected_results/Locations/Root-wasp-com.alibaba.wasp.executor.TestExecutorService#testExecutorService-310.txt
/home/java8-flakesync/expected_results/Locations/Root-wasp-com.alibaba.wasp.executor.TestExecutorService#testExecutorService-309.txt
/home/java8-flakesync/expected_results/README.md
/home/java8-flakesync/expected_results/Results-Boundary
/home/java8-flakesync/expected_results/Results-Boundary/Boundary-info.archinnov.achilles.test.integration.tests.ClusteredEntityIT#should_persist_with_ttl-Result.csv
/home/java8-flakesync/expected_results/Results-Boundary/Boundary-tachyon.DataServerTest#readTest-Result.csv
/home/java8-flakesync/expected_results/Results-Boundary/Boundary-org.java_websocket.issues.Issue580Test#runNoCloseBlockingTestScenario5-Result.csv
/home/java8-flakesync/expected_results/Results-Boundary/Boundary-info.archinnov.achilles.it.TestEntityWithComplexIndices#should_query_using_simple_index-Result.csv
/home/java8-flakesync/expected_results/Results-Boundary/org.java_websocket.issues.Issue677Test#testIssue-Result.csv
/home/java8-flakesync/expected_results/Results-Boundary/Boundary-com.vmware.admiral.adapter.registry.service.RegistryAdapterServiceTest#testDockerHubListImageTags-Result.csv
/home/java8-flakesync/expected_results/Results-Boundary/Boundary-info.archinnov.achilles.test.integration.tests.ClusteredEntityIT#should_update_with_ttl-Result.csv
/home/java8-flakesync/expected_results/Results-Boundary/Boundary-info.archinnov.achilles.it.TestEntityWithIndicesForJSON#should_query_using_map_key_index_fromJSON-Result.csv
/home/java8-flakesync/expected_results/Results-Boundary/Boundary-info.archinnov.achilles.it.TestDSLSimpleEntity#should_dsl_select_with_token_value-Result.csv
/home/java8-flakesync/expected_results/Results-Boundary/Boundary-ch.qos.logback.classic.net.SMTPAppender_GreenTest#testCustomEvaluator-Result.csv
/home/java8-flakesync/expected_results/Results-Boundary/Boundary-info.archinnov.achilles.it.TestEntityWithSASIIndices#should_search_using_like-Result.csv
/home/java8-flakesync/expected_results/Results-Boundary/Boundary-tachyon.client.TachyonFSTest#unlockBlockTest1-Result.csv
/home/java8-flakesync/expected_results/Results-Boundary/Boundary-info.archinnov.achilles.it.TestEntityWithSASIIndices#should_search_using_end_with-Result.csv
/home/java8-flakesync/expected_results/Results-Boundary/Boundary-tachyon.client.TachyonFSTest#unlockBlockTest3-Result.csv
/home/java8-flakesync/expected_results/Results-Boundary/Boundary-uk.co.flax.luwak.matchers.TestPartitionMatcher#testParallelSlowLog-Result.csv
/home/java8-flakesync/expected_results/Results-Boundary/Boundary-tachyon.WorkerServiceHandlerTest#evictionTest-Result.csv
/home/java8-flakesync/expected_results/Results-Boundary/Boundary-info.archinnov.achilles.it.TestEntityWithIndicesForJSON#should_query_using_map_key_value_fromJSON-Result.csv
/home/java8-flakesync/expected_results/Results-Boundary/Boundary-info.archinnov.achilles.it.TestEntityForGroupByIT#should_select_sum_group_by_partition_keys_and_one_clustering-Result.csv
/home/java8-flakesync/expected_results/Results-Boundary/Boundary-delight.nashornsandbox.TestGetFunction#test-Result.csv
/home/java8-flakesync/expected_results/Results-Boundary/Boundary-org.java_websocket.issues.Issue580Test#runNoCloseBlockingTestScenario4-Result.csv
/home/java8-flakesync/expected_results/Results-Boundary/Boundary-org.apache.dubbo.rpc.protocol.dubbo.DubboProtocolTest#testNonSerializedParameter-Result.csv
/home/java8-flakesync/expected_results/Results-Boundary/Boundary-info.archinnov.achilles.it.TestEntityWithComplexIndices#should_query_using_collection_index-Result.csv
/home/java8-flakesync/expected_results/Results-Boundary/Boundary-ch.qos.logback.classic.net.SMTPAppender_GreenTest#testCustomBufferSize-Result.csv
/home/java8-flakesync/expected_results/Results-Boundary/Boundary-org.activiti.spring.test.jobexecutor.SpringAsyncExecutorTest#testHappyJobExecutorPath-Result.csv
/home/java8-flakesync/expected_results/Results-Boundary/Boundary-io.yawp.testing.appengine.pipes.flow.FlowDropsTest#testFlowDropsToSameSink-Result.csv
/home/java8-flakesync/expected_results/Results-Boundary/Boundary-org.java_websocket.issues.Issue580Test#runNoCloseBlockingTestScenario2-Result.csv
/home/java8-flakesync/expected_results/Results-Boundary/Boundary-info.archinnov.achilles.it.TestALLEntityAsChild#should_insert-Result.csv
/home/java8-flakesync/expected_results/Results-Boundary/Boundary-info.archinnov.achilles.it.TestEntityWithComplexIndices#should_query_using_map_key_index-Result.csv
/home/java8-flakesync/expected_results/Results-Boundary/Boundary-org.java_websocket.issues.Issue580Test#runNoCloseBlockingTestScenario8-Result.csv
/home/java8-flakesync/expected_results/Results-Boundary/Boundary-io.undertow.websockets.jsr.test.JsrWebSocketServer08Test#testErrorHandling-Result.csv
