target/test-classes/net/sf/marineapi/ais/event/AbstractAISMessageListenerTest.class
target/test-classes/net/sf/marineapi/ais/parser/AISMessage04Test.class
target/test-classes/net/sf/marineapi/ais/parser/AISMessage05Test.class
target/test-classes/net/sf/marineapi/ais/parser/AISMessage09ParserTest.class
target/test-classes/net/sf/marineapi/ais/parser/AISMessage21ParserTest.class
target/test-classes/net/sf/marineapi/ais/parser/AISMessage24ParserTest.class
target/test-classes/net/sf/marineapi/ais/parser/AISMessageFactoryTest.class
target/test-classes/net/sf/marineapi/ais/parser/AISMessageParserTest.class
target/test-classes/net/sf/marineapi/ais/parser/AISPositionReportBParserTest.class
target/test-classes/net/sf/marineapi/ais/parser/AISPositionReportParserTest.class
target/test-classes/net/sf/marineapi/ais/util/Latitude27Test.class
target/test-classes/net/sf/marineapi/ais/util/Longitude28Test.class
target/test-classes/net/sf/marineapi/ais/util/SpeedOverGroundTest.class
target/test-classes/net/sf/marineapi/nmea/event/AbstractSentenceListenerTest.class
target/test-classes/net/sf/marineapi/nmea/io/SentenceReaderTest.class
target/test-classes/net/sf/marineapi/nmea/parser/APBTest.class
target/test-classes/net/sf/marineapi/nmea/parser/BODTest.class
target/test-classes/net/sf/marineapi/nmea/parser/ChecksumTest.class
target/test-classes/net/sf/marineapi/nmea/parser/DBTTest.class
target/test-classes/net/sf/marineapi/nmea/parser/DPTTest.class
target/test-classes/net/sf/marineapi/nmea/parser/DTMTest.class
target/test-classes/net/sf/marineapi/nmea/parser/GBSTest.class
target/test-classes/net/sf/marineapi/nmea/parser/GGATest.class
target/test-classes/net/sf/marineapi/nmea/parser/GLLTest.class
target/test-classes/net/sf/marineapi/nmea/parser/GNSTest.class
target/test-classes/net/sf/marineapi/nmea/parser/GSATest.class
target/test-classes/net/sf/marineapi/nmea/parser/GSTTest.class
target/test-classes/net/sf/marineapi/nmea/parser/GSVTest.class
target/test-classes/net/sf/marineapi/nmea/parser/HDGTest.class
target/test-classes/net/sf/marineapi/nmea/parser/HDMTest.class
target/test-classes/net/sf/marineapi/nmea/parser/HDTTest.class
target/test-classes/net/sf/marineapi/nmea/parser/HTDTest.class
target/test-classes/net/sf/marineapi/nmea/parser/MDATest.class
target/test-classes/net/sf/marineapi/nmea/parser/MHUTest.class
target/test-classes/net/sf/marineapi/nmea/parser/MMBTest.class
target/test-classes/net/sf/marineapi/nmea/parser/MTATest.class
target/test-classes/net/sf/marineapi/nmea/parser/MTWTest.class
target/test-classes/net/sf/marineapi/nmea/parser/MWDTest.class
target/test-classes/net/sf/marineapi/nmea/parser/MWVTest.class
target/test-classes/net/sf/marineapi/nmea/parser/PositionParserTest.class
target/test-classes/net/sf/marineapi/nmea/parser/RMBTest.class
target/test-classes/net/sf/marineapi/nmea/parser/RMCTest.class
target/test-classes/net/sf/marineapi/nmea/parser/ROTTest.class
target/test-classes/net/sf/marineapi/nmea/parser/RPMTest.class
target/test-classes/net/sf/marineapi/nmea/parser/RSATest.class
target/test-classes/net/sf/marineapi/nmea/parser/RTETest.class
target/test-classes/net/sf/marineapi/nmea/parser/SentenceFactoryTest.class
target/test-classes/net/sf/marineapi/nmea/parser/SentenceParserTest.class
target/test-classes/net/sf/marineapi/nmea/parser/STALKTest.class
target/test-classes/net/sf/marineapi/nmea/parser/TTMTest.class
target/test-classes/net/sf/marineapi/nmea/parser/TXTTest.class
target/test-classes/net/sf/marineapi/nmea/parser/VBWTest.class
target/test-classes/net/sf/marineapi/nmea/parser/VDMTest.class
target/test-classes/net/sf/marineapi/nmea/parser/VDOTest.class
target/test-classes/net/sf/marineapi/nmea/parser/VDRTest.class
target/test-classes/net/sf/marineapi/nmea/parser/VHWTest.class
target/test-classes/net/sf/marineapi/nmea/parser/VLWTest.class
target/test-classes/net/sf/marineapi/nmea/parser/VTGTest.class
target/test-classes/net/sf/marineapi/nmea/parser/WPLTest.class
target/test-classes/net/sf/marineapi/nmea/parser/XDRTest.class
target/test-classes/net/sf/marineapi/nmea/parser/XTETest.class
target/test-classes/net/sf/marineapi/nmea/parser/ZDATest.class
target/test-classes/net/sf/marineapi/nmea/sentence/SentenceIdTest.class
target/test-classes/net/sf/marineapi/nmea/sentence/SentenceValidatorTest.class
target/test-classes/net/sf/marineapi/nmea/sentence/TalkerIdTest.class
target/test-classes/net/sf/marineapi/nmea/util/DateTest.class
target/test-classes/net/sf/marineapi/nmea/util/PositionTest.class
target/test-classes/net/sf/marineapi/nmea/util/TimeTest.class
target/test-classes/net/sf/marineapi/nmea/util/WaypointTest.class
target/test-classes/net/sf/marineapi/provider/HeadingProviderTest.class
target/test-classes/net/sf/marineapi/provider/PositionProviderTest.class
71
