[INFO] Scanning for projects...
[WARNING] Ignoring incompatible plugin version 4.0.0-beta-1: 
The plugin org.apache.maven.plugins:maven-resources-plugin:4.0.0-beta-1 has unmet prerequisites: 
	Required Java version 17 is not met by current version: 11.0.32
	Required Maven version 4.0.0-beta-3 is not met by current version 3.9.12
[INFO] Latest version of plugin org.apache.maven.plugins:maven-resources-plugin failed compatibility check
[INFO] Looking for compatible RELEASE version of plugin org.apache.maven.plugins:maven-resources-plugin
[INFO] Selected plugin org.apache.maven.plugins:maven-resources-plugin:3.5.0
[WARNING] Ignoring incompatible plugin version 4.0.0-beta-3: 
The plugin org.apache.maven.plugins:maven-install-plugin:4.0.0-beta-3 has unmet prerequisites: 
	Required Java version 17 is not met by current version: 11.0.32
	Required Maven version 4.0.0-rc-6 is not met by current version 3.9.12
[INFO] Latest version of plugin org.apache.maven.plugins:maven-install-plugin failed compatibility check
[INFO] Looking for compatible RELEASE version of plugin org.apache.maven.plugins:maven-install-plugin
[WARNING] Ignoring incompatible plugin version 4.0.0-beta-2: 
The plugin org.apache.maven.plugins:maven-install-plugin:4.0.0-beta-2 has unmet prerequisites: 
	Required Java version 17 is not met by current version: 11.0.32
	Required Maven version 4.0.0-rc-2 is not met by current version 3.9.12
[WARNING] Ignoring incompatible plugin version 4.0.0-beta-1: 
The plugin org.apache.maven.plugins:maven-install-plugin:4.0.0-beta-1 has unmet prerequisites: 
	Required Java version 17 is not met by current version: 11.0.32
	Required Maven version 4.0.0-beta-3 is not met by current version 3.9.12
[INFO] Selected plugin org.apache.maven.plugins:maven-install-plugin:3.2.0
[INFO] Downloading from central: https://repo.maven.apache.org/maven2/edu/illinois/nondex-maven-plugin/2.2.1/nondex-maven-plugin-2.2.1.pom
[INFO] Downloaded from central: https://repo.maven.apache.org/maven2/edu/illinois/nondex-maven-plugin/2.2.1/nondex-maven-plugin-2.2.1.pom (5.2 kB at 6.2 kB/s)
[INFO] Downloading from central: https://repo.maven.apache.org/maven2/edu/illinois/nondex/2.2.1/nondex-2.2.1.pom
[INFO] Downloaded from central: https://repo.maven.apache.org/maven2/edu/illinois/nondex/2.2.1/nondex-2.2.1.pom (7.2 kB at 26 kB/s)
[INFO] Downloading from central: https://repo.maven.apache.org/maven2/edu/illinois/nondex-maven-plugin/2.2.1/nondex-maven-plugin-2.2.1.jar
[INFO] Downloaded from central: https://repo.maven.apache.org/maven2/edu/illinois/nondex-maven-plugin/2.2.1/nondex-maven-plugin-2.2.1.jar (41 kB at 75 kB/s)
[INFO] 
[INFO] ---------------------< net.sf.marineapi:marineapi >---------------------
[INFO] Building Java Marine API 0.12.0
[INFO]   from pom.xml
[INFO] -------------------------------[ bundle ]-------------------------------
[INFO] 
[INFO] >>> nondex:2.2.1:nondex (default-cli) > test-compile @ marineapi >>>
[INFO] 
[INFO] --- enforcer:3.6.3:enforce (enforce-maven) @ marineapi ---
[INFO] Rule 0: org.apache.maven.enforcer.rules.version.RequireMavenVersion passed
[INFO] 
[INFO] --- resources:3.5.0:resources (default-resources) @ marineapi ---
[INFO] Copying 3 resources from src/main/resources to target/classes
[INFO] 
[INFO] --- compiler:3.15.0:compile (default-compile) @ marineapi ---
[INFO] Nothing to compile - all classes are up to date.
[INFO] 
[INFO] --- resources:3.5.0:testResources (default-testResources) @ marineapi ---
[INFO] Copying 10 resources from src/test/resources to target/test-classes
[INFO] 
[INFO] --- compiler:3.15.0:testCompile (default-testCompile) @ marineapi ---
[INFO] Nothing to compile - all classes are up to date.
[INFO] 
[INFO] <<< nondex:2.2.1:nondex (default-cli) < test-compile @ marineapi <<<
[INFO] 
[INFO] 
[INFO] --- nondex:2.2.1:nondex (default-cli) @ marineapi ---
[INFO] Downloading from central: https://repo.maven.apache.org/maven2/org/apache/maven/surefire/surefire-report-parser/2.19.1/surefire-report-parser-2.19.1.pom
[INFO] Downloaded from central: https://repo.maven.apache.org/maven2/org/apache/maven/surefire/surefire-report-parser/2.19.1/surefire-report-parser-2.19.1.pom (3.4 kB at 14 kB/s)
[INFO] Downloading from central: https://repo.maven.apache.org/maven2/org/apache/maven/surefire/surefire/2.19.1/surefire-2.19.1.pom
[INFO] Downloaded from central: https://repo.maven.apache.org/maven2/org/apache/maven/surefire/surefire/2.19.1/surefire-2.19.1.pom (18 kB at 212 kB/s)
[INFO] Downloading from central: https://repo.maven.apache.org/maven2/org/apache/maven/maven-parent/26/maven-parent-26.pom
[INFO] Downloaded from central: https://repo.maven.apache.org/maven2/org/apache/maven/maven-parent/26/maven-parent-26.pom (40 kB at 386 kB/s)
[INFO] Downloading from central: https://repo.maven.apache.org/maven2/org/twdata/maven/mojo-executor/2.2.0/mojo-executor-2.2.0.pom
[INFO] Downloaded from central: https://repo.maven.apache.org/maven2/org/twdata/maven/mojo-executor/2.2.0/mojo-executor-2.2.0.pom (2.2 kB at 6.4 kB/s)
[INFO] Downloading from central: https://repo.maven.apache.org/maven2/org/twdata/maven/mojo-executor-parent/2.2.0/mojo-executor-parent-2.2.0.pom
[INFO] Downloaded from central: https://repo.maven.apache.org/maven2/org/twdata/maven/mojo-executor-parent/2.2.0/mojo-executor-parent-2.2.0.pom (9.3 kB at 26 kB/s)
[INFO] Downloading from central: https://repo.maven.apache.org/maven2/org/codehaus/plexus/plexus-component-annotations/1.5.4/plexus-component-annotations-1.5.4.pom
[INFO] Downloaded from central: https://repo.maven.apache.org/maven2/org/codehaus/plexus/plexus-component-annotations/1.5.4/plexus-component-annotations-1.5.4.pom (815 B at 6.9 kB/s)
[INFO] Downloading from central: https://repo.maven.apache.org/maven2/org/codehaus/plexus/plexus-containers/1.5.4/plexus-containers-1.5.4.pom
[INFO] Downloaded from central: https://repo.maven.apache.org/maven2/org/codehaus/plexus/plexus-containers/1.5.4/plexus-containers-1.5.4.pom (4.2 kB at 38 kB/s)
[INFO] Downloading from central: https://repo.maven.apache.org/maven2/org/codehaus/plexus/plexus/2.0.5/plexus-2.0.5.pom
[INFO] Downloaded from central: https://repo.maven.apache.org/maven2/org/codehaus/plexus/plexus/2.0.5/plexus-2.0.5.pom (17 kB at 164 kB/s)
[INFO] Downloading from central: https://repo.maven.apache.org/maven2/org/codehaus/plexus/plexus-utils/1.5.1/plexus-utils-1.5.1.pom
[INFO] Downloaded from central: https://repo.maven.apache.org/maven2/org/codehaus/plexus/plexus-utils/1.5.1/plexus-utils-1.5.1.pom (2.3 kB at 24 kB/s)
[INFO] Downloading from central: https://repo.maven.apache.org/maven2/org/apache/maven/maven-core/3.3.9/maven-core-3.3.9.pom
[INFO] Downloaded from central: https://repo.maven.apache.org/maven2/org/apache/maven/maven-core/3.3.9/maven-core-3.3.9.pom (8.3 kB at 23 kB/s)
[INFO] Downloading from central: https://repo.maven.apache.org/maven2/org/apache/maven/maven/3.3.9/maven-3.3.9.pom
[INFO] Downloaded from central: https://repo.maven.apache.org/maven2/org/apache/maven/maven/3.3.9/maven-3.3.9.pom (24 kB at 87 kB/s)
[INFO] Downloading from central: https://repo.maven.apache.org/maven2/org/apache/maven/maven-parent/27/maven-parent-27.pom
[INFO] Downloaded from central: https://repo.maven.apache.org/maven2/org/apache/maven/maven-parent/27/maven-parent-27.pom (41 kB at 496 kB/s)
[INFO] Downloading from central: https://repo.maven.apache.org/maven2/org/apache/apache/17/apache-17.pom
[INFO] Downloaded from central: https://repo.maven.apache.org/maven2/org/apache/apache/17/apache-17.pom (16 kB at 201 kB/s)
[INFO] Downloading from central: https://repo.maven.apache.org/maven2/org/apache/maven/maven-model/3.3.9/maven-model-3.3.9.pom
[INFO] Downloaded from central: https://repo.maven.apache.org/maven2/org/apache/maven/maven-model/3.3.9/maven-model-3.3.9.pom (4.0 kB at 13 kB/s)
[INFO] Downloading from central: https://repo.maven.apache.org/maven2/org/apache/commons/commons-lang3/3.4/commons-lang3-3.4.pom
[INFO] Downloaded from central: https://repo.maven.apache.org/maven2/org/apache/commons/commons-lang3/3.4/commons-lang3-3.4.pom (22 kB at 196 kB/s)
[INFO] Downloading from central: https://repo.maven.apache.org/maven2/org/apache/commons/commons-parent/37/commons-parent-37.pom
[INFO] Downloaded from central: https://repo.maven.apache.org/maven2/org/apache/commons/commons-parent/37/commons-parent-37.pom (63 kB at 412 kB/s)
[INFO] Downloading from central: https://repo.maven.apache.org/maven2/org/apache/maven/maven-settings/3.3.9/maven-settings-3.3.9.pom
[INFO] Downloaded from central: https://repo.maven.apache.org/maven2/org/apache/maven/maven-settings/3.3.9/maven-settings-3.3.9.pom (1.8 kB at 3.8 kB/s)
[INFO] Downloading from central: https://repo.maven.apache.org/maven2/org/apache/maven/maven-settings-builder/3.3.9/maven-settings-builder-3.3.9.pom
[INFO] Downloaded from central: https://repo.maven.apache.org/maven2/org/apache/maven/maven-settings-builder/3.3.9/maven-settings-builder-3.3.9.pom (2.6 kB at 8.1 kB/s)
[INFO] Downloading from central: https://repo.maven.apache.org/maven2/org/apache/maven/maven-builder-support/3.3.9/maven-builder-support-3.3.9.pom
[INFO] Downloaded from central: https://repo.maven.apache.org/maven2/org/apache/maven/maven-builder-support/3.3.9/maven-builder-support-3.3.9.pom (1.7 kB at 4.2 kB/s)
[INFO] Downloading from central: https://repo.maven.apache.org/maven2/org/apache/maven/maven-repository-metadata/3.3.9/maven-repository-metadata-3.3.9.pom
[INFO] Downloaded from central: https://repo.maven.apache.org/maven2/org/apache/maven/maven-repository-metadata/3.3.9/maven-repository-metadata-3.3.9.pom (1.9 kB at 5.3 kB/s)
[INFO] Downloading from central: https://repo.maven.apache.org/maven2/org/apache/maven/maven-artifact/3.3.9/maven-artifact-3.3.9.pom
[INFO] Downloaded from central: https://repo.maven.apache.org/maven2/org/apache/maven/maven-artifact/3.3.9/maven-artifact-3.3.9.pom (2.1 kB at 5.9 kB/s)
[INFO] Downloading from central: https://repo.maven.apache.org/maven2/org/apache/maven/maven-plugin-api/3.3.9/maven-plugin-api-3.3.9.pom
[INFO] Downloaded from central: https://repo.maven.apache.org/maven2/org/apache/maven/maven-plugin-api/3.3.9/maven-plugin-api-3.3.9.pom (2.7 kB at 5.8 kB/s)
[INFO] Downloading from central: https://repo.maven.apache.org/maven2/org/eclipse/sisu/org.eclipse.sisu.plexus/0.3.2/org.eclipse.sisu.plexus-0.3.2.pom
[INFO] Downloaded from central: https://repo.maven.apache.org/maven2/org/eclipse/sisu/org.eclipse.sisu.plexus/0.3.2/org.eclipse.sisu.plexus-0.3.2.pom (4.2 kB at 11 kB/s)
[INFO] Downloading from central: https://repo.maven.apache.org/maven2/org/eclipse/sisu/sisu-plexus/0.3.2/sisu-plexus-0.3.2.pom
[INFO] Downloaded from central: https://repo.maven.apache.org/maven2/org/eclipse/sisu/sisu-plexus/0.3.2/sisu-plexus-0.3.2.pom (14 kB at 64 kB/s)
[INFO] Downloading from central: https://repo.maven.apache.org/maven2/org/eclipse/sisu/org.eclipse.sisu.inject/0.3.2/org.eclipse.sisu.inject-0.3.2.pom
[INFO] Downloaded from central: https://repo.maven.apache.org/maven2/org/eclipse/sisu/org.eclipse.sisu.inject/0.3.2/org.eclipse.sisu.inject-0.3.2.pom (2.6 kB at 9.2 kB/s)
[INFO] Downloading from central: https://repo.maven.apache.org/maven2/org/eclipse/sisu/sisu-inject/0.3.2/sisu-inject-0.3.2.pom
[INFO] Downloaded from central: https://repo.maven.apache.org/maven2/org/eclipse/sisu/sisu-inject/0.3.2/sisu-inject-0.3.2.pom (14 kB at 55 kB/s)
[INFO] Downloading from central: https://repo.maven.apache.org/maven2/org/apache/maven/maven-model-builder/3.3.9/maven-model-builder-3.3.9.pom
[INFO] Downloaded from central: https://repo.maven.apache.org/maven2/org/apache/maven/maven-model-builder/3.3.9/maven-model-builder-3.3.9.pom (3.1 kB at 6.6 kB/s)
[INFO] Downloading from central: https://repo.maven.apache.org/maven2/com/google/guava/guava/18.0/guava-18.0.pom
[INFO] Downloaded from central: https://repo.maven.apache.org/maven2/com/google/guava/guava/18.0/guava-18.0.pom (5.7 kB at 59 kB/s)
[INFO] Downloading from central: https://repo.maven.apache.org/maven2/com/google/guava/guava-parent/18.0/guava-parent-18.0.pom
[INFO] Downloaded from central: https://repo.maven.apache.org/maven2/com/google/guava/guava-parent/18.0/guava-parent-18.0.pom (7.7 kB at 84 kB/s)
[INFO] Downloading from central: https://repo.maven.apache.org/maven2/org/apache/maven/maven-aether-provider/3.3.9/maven-aether-provider-3.3.9.pom
[INFO] Downloaded from central: https://repo.maven.apache.org/maven2/org/apache/maven/maven-aether-provider/3.3.9/maven-aether-provider-3.3.9.pom (4.0 kB at 14 kB/s)
[INFO] Downloading from central: https://repo.maven.apache.org/maven2/org/eclipse/aether/aether-api/1.0.2.v20150114/aether-api-1.0.2.v20150114.pom
[INFO] Downloaded from central: https://repo.maven.apache.org/maven2/org/eclipse/aether/aether-api/1.0.2.v20150114/aether-api-1.0.2.v20150114.pom (1.8 kB at 21 kB/s)
[INFO] Downloading from central: https://repo.maven.apache.org/maven2/org/eclipse/aether/aether/1.0.2.v20150114/aether-1.0.2.v20150114.pom
[INFO] Downloaded from central: https://repo.maven.apache.org/maven2/org/eclipse/aether/aether/1.0.2.v20150114/aether-1.0.2.v20150114.pom (29 kB at 299 kB/s)
[INFO] Downloading from central: https://repo.maven.apache.org/maven2/org/eclipse/aether/aether-spi/1.0.2.v20150114/aether-spi-1.0.2.v20150114.pom
[INFO] Downloaded from central: https://repo.maven.apache.org/maven2/org/eclipse/aether/aether-spi/1.0.2.v20150114/aether-spi-1.0.2.v20150114.pom (2.0 kB at 20 kB/s)
[INFO] Downloading from central: https://repo.maven.apache.org/maven2/org/eclipse/aether/aether-util/1.0.2.v20150114/aether-util-1.0.2.v20150114.pom
[INFO] Downloaded from central: https://repo.maven.apache.org/maven2/org/eclipse/aether/aether-util/1.0.2.v20150114/aether-util-1.0.2.v20150114.pom (2.1 kB at 24 kB/s)
[INFO] Downloading from central: https://repo.maven.apache.org/maven2/org/eclipse/aether/aether-impl/1.0.2.v20150114/aether-impl-1.0.2.v20150114.pom
[INFO] Downloaded from central: https://repo.maven.apache.org/maven2/org/eclipse/aether/aether-impl/1.0.2.v20150114/aether-impl-1.0.2.v20150114.pom (3.4 kB at 37 kB/s)
[INFO] Downloading from central: https://repo.maven.apache.org/maven2/com/google/guava/guava/16.0.1/guava-16.0.1.pom
[INFO] Downloaded from central: https://repo.maven.apache.org/maven2/com/google/guava/guava/16.0.1/guava-16.0.1.pom (6.1 kB at 73 kB/s)
[INFO] Downloading from central: https://repo.maven.apache.org/maven2/com/google/guava/guava-parent/16.0.1/guava-parent-16.0.1.pom
[INFO] Downloaded from central: https://repo.maven.apache.org/maven2/com/google/guava/guava-parent/16.0.1/guava-parent-16.0.1.pom (7.3 kB at 87 kB/s)
[INFO] Downloading from central: https://repo.maven.apache.org/maven2/edu/illinois/nondex-common/2.2.1/nondex-common-2.2.1.pom
[INFO] Downloaded from central: https://repo.maven.apache.org/maven2/edu/illinois/nondex-common/2.2.1/nondex-common-2.2.1.pom (2.6 kB at 3.9 kB/s)
[INFO] Downloading from central: https://repo.maven.apache.org/maven2/javax/xml/bind/jaxb-api/2.3.1/jaxb-api-2.3.1.pom
[INFO] Downloaded from central: https://repo.maven.apache.org/maven2/javax/xml/bind/jaxb-api/2.3.1/jaxb-api-2.3.1.pom (20 kB at 78 kB/s)
[INFO] Downloading from central: https://repo.maven.apache.org/maven2/javax/xml/bind/jaxb-api-parent/2.3.1/jaxb-api-parent-2.3.1.pom
[INFO] Downloaded from central: https://repo.maven.apache.org/maven2/javax/xml/bind/jaxb-api-parent/2.3.1/jaxb-api-parent-2.3.1.pom (8.1 kB at 49 kB/s)
[INFO] Downloading from central: https://repo.maven.apache.org/maven2/net/java/jvnet-parent/5/jvnet-parent-5.pom
[INFO] Downloaded from central: https://repo.maven.apache.org/maven2/net/java/jvnet-parent/5/jvnet-parent-5.pom (8.9 kB at 50 kB/s)
[INFO] Downloading from central: https://repo.maven.apache.org/maven2/javax/activation/javax.activation-api/1.2.0/javax.activation-api-1.2.0.pom
[INFO] Downloaded from central: https://repo.maven.apache.org/maven2/javax/activation/javax.activation-api/1.2.0/javax.activation-api-1.2.0.pom (4.9 kB at 31 kB/s)
[INFO] Downloading from central: https://repo.maven.apache.org/maven2/com/sun/activation/all/1.2.0/all-1.2.0.pom
[INFO] Downloaded from central: https://repo.maven.apache.org/maven2/com/sun/activation/all/1.2.0/all-1.2.0.pom (18 kB at 104 kB/s)
[INFO] Downloading from central: https://repo.maven.apache.org/maven2/net/java/jvnet-parent/1/jvnet-parent-1.pom
[INFO] Downloaded from central: https://repo.maven.apache.org/maven2/net/java/jvnet-parent/1/jvnet-parent-1.pom (4.7 kB at 13 kB/s)
[INFO] Downloading from central: https://repo.maven.apache.org/maven2/edu/illinois/nondex-instrumentation/2.2.1/nondex-instrumentation-2.2.1.pom
[INFO] Downloaded from central: https://repo.maven.apache.org/maven2/edu/illinois/nondex-instrumentation/2.2.1/nondex-instrumentation-2.2.1.pom (4.0 kB at 6.1 kB/s)
[INFO] Downloading from central: https://repo.maven.apache.org/maven2/edu/illinois/nondex-annotations/2.2.1/nondex-annotations-2.2.1.pom
[INFO] Downloaded from central: https://repo.maven.apache.org/maven2/edu/illinois/nondex-annotations/2.2.1/nondex-annotations-2.2.1.pom (1.5 kB at 1.7 kB/s)
[INFO] Downloading from central: https://repo.maven.apache.org/maven2/org/apache/maven/surefire/surefire-report-parser/2.19.1/surefire-report-parser-2.19.1.jar
[INFO] Downloading from central: https://repo.maven.apache.org/maven2/org/apache/maven/maven-settings/3.3.9/maven-settings-3.3.9.jar
[INFO] Downloading from central: https://repo.maven.apache.org/maven2/org/apache/maven/maven-core/3.3.9/maven-core-3.3.9.jar
[INFO] Downloading from central: https://repo.maven.apache.org/maven2/org/twdata/maven/mojo-executor/2.2.0/mojo-executor-2.2.0.jar
[INFO] Downloading from central: https://repo.maven.apache.org/maven2/org/apache/maven/maven-settings-builder/3.3.9/maven-settings-builder-3.3.9.jar
[INFO] Downloaded from central: https://repo.maven.apache.org/maven2/org/apache/maven/maven-settings/3.3.9/maven-settings-3.3.9.jar (44 kB at 179 kB/s)
[INFO] Downloading from central: https://repo.maven.apache.org/maven2/org/apache/maven/maven-builder-support/3.3.9/maven-builder-support-3.3.9.jar
[INFO] Downloaded from central: https://repo.maven.apache.org/maven2/org/apache/maven/maven-settings-builder/3.3.9/maven-settings-builder-3.3.9.jar (43 kB at 145 kB/s)
[INFO] Downloading from central: https://repo.maven.apache.org/maven2/org/apache/maven/maven-repository-metadata/3.3.9/maven-repository-metadata-3.3.9.jar
[INFO] Downloaded from central: https://repo.maven.apache.org/maven2/org/apache/maven/maven-core/3.3.9/maven-core-3.3.9.jar (638 kB at 2.0 MB/s)
[INFO] Downloading from central: https://repo.maven.apache.org/maven2/org/apache/maven/maven-artifact/3.3.9/maven-artifact-3.3.9.jar
[INFO] Downloaded from central: https://repo.maven.apache.org/maven2/org/apache/maven/surefire/surefire-report-parser/2.19.1/surefire-report-parser-2.19.1.jar (63 kB at 186 kB/s)
[INFO] Downloading from central: https://repo.maven.apache.org/maven2/org/apache/maven/maven-model-builder/3.3.9/maven-model-builder-3.3.9.jar
[INFO] Downloaded from central: https://repo.maven.apache.org/maven2/org/twdata/maven/mojo-executor/2.2.0/mojo-executor-2.2.0.jar (12 kB at 33 kB/s)
[INFO] Downloading from central: https://repo.maven.apache.org/maven2/com/google/guava/guava/18.0/guava-18.0.jar
[INFO] Downloaded from central: https://repo.maven.apache.org/maven2/org/apache/maven/maven-repository-metadata/3.3.9/maven-repository-metadata-3.3.9.jar (27 kB at 54 kB/s)
[INFO] Downloading from central: https://repo.maven.apache.org/maven2/org/apache/maven/maven-aether-provider/3.3.9/maven-aether-provider-3.3.9.jar
[INFO] Downloaded from central: https://repo.maven.apache.org/maven2/org/apache/maven/maven-artifact/3.3.9/maven-artifact-3.3.9.jar (55 kB at 102 kB/s)
[INFO] Downloading from central: https://repo.maven.apache.org/maven2/org/eclipse/aether/aether-spi/1.0.2.v20150114/aether-spi-1.0.2.v20150114.jar
[INFO] Downloaded from central: https://repo.maven.apache.org/maven2/org/apache/maven/maven-builder-support/3.3.9/maven-builder-support-3.3.9.jar (15 kB at 26 kB/s)
[INFO] Downloading from central: https://repo.maven.apache.org/maven2/org/eclipse/aether/aether-impl/1.0.2.v20150114/aether-impl-1.0.2.v20150114.jar
[INFO] Downloaded from central: https://repo.maven.apache.org/maven2/org/apache/maven/maven-model-builder/3.3.9/maven-model-builder-3.3.9.jar (177 kB at 277 kB/s)
[INFO] Downloading from central: https://repo.maven.apache.org/maven2/org/eclipse/aether/aether-api/1.0.2.v20150114/aether-api-1.0.2.v20150114.jar
[INFO] Downloaded from central: https://repo.maven.apache.org/maven2/org/eclipse/aether/aether-spi/1.0.2.v20150114/aether-spi-1.0.2.v20150114.jar (31 kB at 29 kB/s)
[INFO] Downloading from central: https://repo.maven.apache.org/maven2/org/eclipse/aether/aether-util/1.0.2.v20150114/aether-util-1.0.2.v20150114.jar
[INFO] Downloaded from central: https://repo.maven.apache.org/maven2/org/apache/maven/maven-aether-provider/3.3.9/maven-aether-provider-3.3.9.jar (67 kB at 61 kB/s)
[INFO] Downloading from central: https://repo.maven.apache.org/maven2/org/eclipse/sisu/org.eclipse.sisu.plexus/0.3.2/org.eclipse.sisu.plexus-0.3.2.jar
[INFO] Downloaded from central: https://repo.maven.apache.org/maven2/com/google/guava/guava/18.0/guava-18.0.jar (2.3 MB at 1.9 MB/s)
[INFO] Downloading from central: https://repo.maven.apache.org/maven2/org/eclipse/sisu/org.eclipse.sisu.inject/0.3.2/org.eclipse.sisu.inject-0.3.2.jar
[INFO] Downloaded from central: https://repo.maven.apache.org/maven2/org/eclipse/aether/aether-api/1.0.2.v20150114/aether-api-1.0.2.v20150114.jar (136 kB at 116 kB/s)
[INFO] Downloading from central: https://repo.maven.apache.org/maven2/com/google/inject/guice/4.0/guice-4.0-no_aop.jar
[INFO] Downloaded from central: https://repo.maven.apache.org/maven2/org/eclipse/aether/aether-impl/1.0.2.v20150114/aether-impl-1.0.2.v20150114.jar (173 kB at 139 kB/s)
[INFO] Downloading from central: https://repo.maven.apache.org/maven2/org/apache/commons/commons-lang3/3.4/commons-lang3-3.4.jar
[INFO] Downloaded from central: https://repo.maven.apache.org/maven2/org/eclipse/aether/aether-util/1.0.2.v20150114/aether-util-1.0.2.v20150114.jar (147 kB at 101 kB/s)
[INFO] Downloading from central: https://repo.maven.apache.org/maven2/org/apache/maven/maven-plugin-api/3.3.9/maven-plugin-api-3.3.9.jar
[INFO] Downloaded from central: https://repo.maven.apache.org/maven2/org/apache/commons/commons-lang3/3.4/commons-lang3-3.4.jar (435 kB at 299 kB/s)
[INFO] Downloading from central: https://repo.maven.apache.org/maven2/org/apache/maven/maven-model/3.3.9/maven-model-3.3.9.jar
[INFO] Downloaded from central: https://repo.maven.apache.org/maven2/org/eclipse/sisu/org.eclipse.sisu.inject/0.3.2/org.eclipse.sisu.inject-0.3.2.jar (378 kB at 259 kB/s)
[INFO] Downloading from central: https://repo.maven.apache.org/maven2/edu/illinois/nondex-common/2.2.1/nondex-common-2.2.1.jar
[INFO] Downloaded from central: https://repo.maven.apache.org/maven2/com/google/inject/guice/4.0/guice-4.0-no_aop.jar (424 kB at 268 kB/s)
[INFO] Downloading from central: https://repo.maven.apache.org/maven2/edu/illinois/nondex-instrumentation/2.2.1/nondex-instrumentation-2.2.1.jar
[INFO] Downloaded from central: https://repo.maven.apache.org/maven2/org/apache/maven/maven-plugin-api/3.3.9/maven-plugin-api-3.3.9.jar (47 kB at 28 kB/s)
[INFO] Downloading from central: https://repo.maven.apache.org/maven2/edu/illinois/nondex-annotations/2.2.1/nondex-annotations-2.2.1.jar
[INFO] Downloaded from central: https://repo.maven.apache.org/maven2/org/apache/maven/maven-model/3.3.9/maven-model-3.3.9.jar (164 kB at 95 kB/s)
[INFO] Downloading from central: https://repo.maven.apache.org/maven2/javax/xml/bind/jaxb-api/2.3.1/jaxb-api-2.3.1.jar
[INFO] Downloaded from central: https://repo.maven.apache.org/maven2/org/eclipse/sisu/org.eclipse.sisu.plexus/0.3.2/org.eclipse.sisu.plexus-0.3.2.jar (205 kB at 99 kB/s)
[INFO] Downloading from central: https://repo.maven.apache.org/maven2/javax/activation/javax.activation-api/1.2.0/javax.activation-api-1.2.0.jar
[INFO] Downloaded from central: https://repo.maven.apache.org/maven2/javax/xml/bind/jaxb-api/2.3.1/jaxb-api-2.3.1.jar (128 kB at 61 kB/s)
[INFO] Downloaded from central: https://repo.maven.apache.org/maven2/edu/illinois/nondex-common/2.2.1/nondex-common-2.2.1.jar (35 kB at 15 kB/s)
[INFO] Downloaded from central: https://repo.maven.apache.org/maven2/edu/illinois/nondex-annotations/2.2.1/nondex-annotations-2.2.1.jar (2.1 kB at 877 B/s)
[INFO] Downloaded from central: https://repo.maven.apache.org/maven2/javax/activation/javax.activation-api/1.2.0/javax.activation-api-1.2.0.jar (57 kB at 23 kB/s)
[INFO] Downloaded from central: https://repo.maven.apache.org/maven2/edu/illinois/nondex-instrumentation/2.2.1/nondex-instrumentation-2.2.1.jar (563 kB at 208 kB/s)
INFO: The original argline is: 
INFO: Creating new argline for Surefire
CONFIG: nondexFilter=.*
nondexMode=FULL
nondexSeed=933178
nondexStart=0
nondexEnd=9223372036854775807
nondexPrintstack=false
nondexDir=/home/tanzim/flaky-study/marine-api/.nondex
nondexJarDir=.nondex
nondexExecid=clean_BVwIRAEpENXFNneSHDYrsUZm+J8py3tFPkDnz9K2I=
nondexLogging=CONFIG
test=
[WARNING]  Parameter 'disableXmlReport' (user property 'disableXmlReport') is deprecated: instead use disable within statelessTestsetReporter since of 3.0.0-M6
[INFO] Using auto detected provider org.apache.maven.surefire.junitplatform.JUnitPlatformProvider
[INFO] 
[INFO] -------------------------------------------------------
[INFO]  T E S T S
[INFO] -------------------------------------------------------
[INFO] Running net.sf.marineapi.provider.PositionProviderTest
[INFO] Tests run: 3, Failures: 0, Errors: 0, Skipped: 0, Time elapsed: 0.054 s -- in net.sf.marineapi.provider.PositionProviderTest
[INFO] Running net.sf.marineapi.provider.HeadingProviderTest
[INFO] Tests run: 3, Failures: 0, Errors: 0, Skipped: 0, Time elapsed: 0.007 s -- in net.sf.marineapi.provider.HeadingProviderTest
[INFO] Running net.sf.marineapi.nmea.sentence.TalkerIdTest
[INFO] Tests run: 4, Failures: 0, Errors: 0, Skipped: 0, Time elapsed: 0.007 s -- in net.sf.marineapi.nmea.sentence.TalkerIdTest
[INFO] Running net.sf.marineapi.nmea.sentence.SentenceIdTest
[INFO] Tests run: 7, Failures: 0, Errors: 0, Skipped: 0, Time elapsed: 0.011 s -- in net.sf.marineapi.nmea.sentence.SentenceIdTest
[INFO] Running net.sf.marineapi.nmea.sentence.SentenceValidatorTest
[INFO] Tests run: 10, Failures: 0, Errors: 0, Skipped: 0, Time elapsed: 0.016 s -- in net.sf.marineapi.nmea.sentence.SentenceValidatorTest
[INFO] Running net.sf.marineapi.nmea.parser.MTATest
[INFO] Tests run: 4, Failures: 0, Errors: 0, Skipped: 0, Time elapsed: 0.007 s -- in net.sf.marineapi.nmea.parser.MTATest
[INFO] Running net.sf.marineapi.nmea.parser.HDMTest
[INFO] Tests run: 6, Failures: 0, Errors: 0, Skipped: 0, Time elapsed: 0.006 s -- in net.sf.marineapi.nmea.parser.HDMTest
[INFO] Running net.sf.marineapi.nmea.parser.GNSTest
[INFO] Tests run: 20, Failures: 0, Errors: 0, Skipped: 0, Time elapsed: 0.070 s -- in net.sf.marineapi.nmea.parser.GNSTest
[INFO] Running net.sf.marineapi.nmea.parser.ZDATest
[INFO] Tests run: 14, Failures: 0, Errors: 0, Skipped: 0, Time elapsed: 0.020 s -- in net.sf.marineapi.nmea.parser.ZDATest
[INFO] Running net.sf.marineapi.nmea.parser.SentenceParserTest
[INFO] Tests run: 42, Failures: 0, Errors: 0, Skipped: 0, Time elapsed: 0.053 s -- in net.sf.marineapi.nmea.parser.SentenceParserTest
[INFO] Running net.sf.marineapi.nmea.parser.ROTTest
[INFO] Tests run: 6, Failures: 0, Errors: 0, Skipped: 0, Time elapsed: 0.005 s -- in net.sf.marineapi.nmea.parser.ROTTest
[INFO] Running net.sf.marineapi.nmea.parser.XDRTest
[INFO] Tests run: 10, Failures: 0, Errors: 0, Skipped: 0, Time elapsed: 0.011 s -- in net.sf.marineapi.nmea.parser.XDRTest
[INFO] Running net.sf.marineapi.nmea.parser.VTGTest
[INFO] Tests run: 18, Failures: 0, Errors: 0, Skipped: 0, Time elapsed: 0.018 s -- in net.sf.marineapi.nmea.parser.VTGTest
[INFO] Running net.sf.marineapi.nmea.parser.VDMTest
[INFO] Tests run: 12, Failures: 0, Errors: 0, Skipped: 0, Time elapsed: 0.014 s -- in net.sf.marineapi.nmea.parser.VDMTest
[INFO] Running net.sf.marineapi.nmea.parser.WPLTest
[INFO] Tests run: 4, Failures: 0, Errors: 0, Skipped: 0, Time elapsed: 0.005 s -- in net.sf.marineapi.nmea.parser.WPLTest
[INFO] Running net.sf.marineapi.nmea.parser.OSDTest
[INFO] Tests run: 18, Failures: 0, Errors: 0, Skipped: 0, Time elapsed: 0.038 s -- in net.sf.marineapi.nmea.parser.OSDTest
[INFO] Running net.sf.marineapi.nmea.parser.GSATest
[INFO] Tests run: 13, Failures: 0, Errors: 0, Skipped: 0, Time elapsed: 0.013 s -- in net.sf.marineapi.nmea.parser.GSATest
[INFO] Running net.sf.marineapi.nmea.parser.VDRTest
[INFO] Tests run: 8, Failures: 0, Errors: 0, Skipped: 0, Time elapsed: 0.005 s -- in net.sf.marineapi.nmea.parser.VDRTest
[INFO] Running net.sf.marineapi.nmea.parser.RTETest
[INFO] Tests run: 19, Failures: 0, Errors: 0, Skipped: 0, Time elapsed: 0.018 s -- in net.sf.marineapi.nmea.parser.RTETest
[INFO] Running net.sf.marineapi.nmea.parser.HTCTest
[INFO] Tests run: 14, Failures: 0, Errors: 0, Skipped: 0, Time elapsed: 0.012 s -- in net.sf.marineapi.nmea.parser.HTCTest
[INFO] Running net.sf.marineapi.nmea.parser.CURTest
[INFO] Tests run: 5, Failures: 0, Errors: 0, Skipped: 0, Time elapsed: 0.005 s -- in net.sf.marineapi.nmea.parser.CURTest
[INFO] Running net.sf.marineapi.nmea.parser.GSTTest
[INFO] Tests run: 18, Failures: 0, Errors: 0, Skipped: 0, Time elapsed: 0.015 s -- in net.sf.marineapi.nmea.parser.GSTTest
[INFO] Running net.sf.marineapi.nmea.parser.SentenceFactoryTest
[INFO] Tests run: 16, Failures: 0, Errors: 0, Skipped: 0, Time elapsed: 0.025 s -- in net.sf.marineapi.nmea.parser.SentenceFactoryTest
[INFO] Running net.sf.marineapi.nmea.parser.GSVTest
[INFO] Tests run: 13, Failures: 0, Errors: 0, Skipped: 0, Time elapsed: 0.009 s -- in net.sf.marineapi.nmea.parser.GSVTest
[INFO] Running net.sf.marineapi.nmea.parser.MWVTest
[INFO] Tests run: 15, Failures: 0, Errors: 0, Skipped: 0, Time elapsed: 0.009 s -- in net.sf.marineapi.nmea.parser.MWVTest
[INFO] Running net.sf.marineapi.nmea.parser.VWRTest
[INFO] Tests run: 12, Failures: 0, Errors: 0, Skipped: 0, Time elapsed: 0.010 s -- in net.sf.marineapi.nmea.parser.VWRTest
[INFO] Running net.sf.marineapi.nmea.parser.TXTTest
[INFO] Tests run: 13, Failures: 0, Errors: 0, Skipped: 0, Time elapsed: 0.010 s -- in net.sf.marineapi.nmea.parser.TXTTest
[INFO] Running net.sf.marineapi.nmea.parser.GGATest
[INFO] Tests run: 25, Failures: 0, Errors: 0, Skipped: 0, Time elapsed: 0.019 s -- in net.sf.marineapi.nmea.parser.GGATest
[INFO] Running net.sf.marineapi.nmea.parser.PositionParserTest
[INFO] Tests run: 19, Failures: 0, Errors: 0, Skipped: 0, Time elapsed: 0.018 s -- in net.sf.marineapi.nmea.parser.PositionParserTest
[INFO] Running net.sf.marineapi.nmea.parser.MDATest
[INFO] Tests run: 23, Failures: 0, Errors: 0, Skipped: 0, Time elapsed: 0.014 s -- in net.sf.marineapi.nmea.parser.MDATest
[INFO] Running net.sf.marineapi.nmea.parser.MMBTest
[INFO] Tests run: 5, Failures: 0, Errors: 0, Skipped: 0, Time elapsed: 0.003 s -- in net.sf.marineapi.nmea.parser.MMBTest
[INFO] Running net.sf.marineapi.nmea.parser.APBTest
[INFO] Tests run: 17, Failures: 0, Errors: 0, Skipped: 0, Time elapsed: 0.010 s -- in net.sf.marineapi.nmea.parser.APBTest
[INFO] Running net.sf.marineapi.nmea.parser.TLBTest
[INFO] Tests run: 5, Failures: 0, Errors: 0, Skipped: 0, Time elapsed: 0.005 s -- in net.sf.marineapi.nmea.parser.TLBTest
[INFO] Running net.sf.marineapi.nmea.parser.STALKTest
[INFO] Tests run: 7, Failures: 0, Errors: 0, Skipped: 0, Time elapsed: 0.007 s -- in net.sf.marineapi.nmea.parser.STALKTest
[INFO] Running net.sf.marineapi.nmea.parser.VWTTest
[INFO] Tests run: 12, Failures: 0, Errors: 0, Skipped: 0, Time elapsed: 0.006 s -- in net.sf.marineapi.nmea.parser.VWTTest
[INFO] Running net.sf.marineapi.nmea.parser.HDGTest
[INFO] Tests run: 18, Failures: 0, Errors: 0, Skipped: 0, Time elapsed: 0.012 s -- in net.sf.marineapi.nmea.parser.HDGTest
[INFO] Running net.sf.marineapi.nmea.parser.DTMTest
[INFO] Tests run: 13, Failures: 0, Errors: 0, Skipped: 0, Time elapsed: 0.009 s -- in net.sf.marineapi.nmea.parser.DTMTest
[INFO] Running net.sf.marineapi.nmea.parser.RMCTest
[INFO] Tests run: 27, Failures: 0, Errors: 0, Skipped: 0, Time elapsed: 0.020 s -- in net.sf.marineapi.nmea.parser.RMCTest
[INFO] Running net.sf.marineapi.nmea.parser.BODTest
[INFO] Tests run: 21, Failures: 0, Errors: 0, Skipped: 0, Time elapsed: 0.013 s -- in net.sf.marineapi.nmea.parser.BODTest
[INFO] Running net.sf.marineapi.nmea.parser.DPTTest
[INFO] Tests run: 8, Failures: 0, Errors: 0, Skipped: 0, Time elapsed: 0.004 s -- in net.sf.marineapi.nmea.parser.DPTTest
[INFO] Running net.sf.marineapi.nmea.parser.RMBTest
[INFO] Tests run: 22, Failures: 0, Errors: 0, Skipped: 0, Time elapsed: 0.014 s -- in net.sf.marineapi.nmea.parser.RMBTest
[INFO] Running net.sf.marineapi.nmea.parser.VLWTest
[INFO] Tests run: 10, Failures: 0, Errors: 0, Skipped: 0, Time elapsed: 0.005 s -- in net.sf.marineapi.nmea.parser.VLWTest
[INFO] Running net.sf.marineapi.nmea.parser.MTWTest
[INFO] Tests run: 4, Failures: 0, Errors: 0, Skipped: 0, Time elapsed: 0.003 s -- in net.sf.marineapi.nmea.parser.MTWTest
[INFO] Running net.sf.marineapi.nmea.parser.MHUTest
[INFO] Tests run: 9, Failures: 0, Errors: 0, Skipped: 0, Time elapsed: 0.007 s -- in net.sf.marineapi.nmea.parser.MHUTest
[INFO] Running net.sf.marineapi.nmea.parser.RSDTest
[INFO] Tests run: 26, Failures: 0, Errors: 0, Skipped: 0, Time elapsed: 0.028 s -- in net.sf.marineapi.nmea.parser.RSDTest
[INFO] Running net.sf.marineapi.nmea.parser.RPMTest
[INFO] Tests run: 15, Failures: 0, Errors: 0, Skipped: 0, Time elapsed: 0.014 s -- in net.sf.marineapi.nmea.parser.RPMTest
[INFO] Running net.sf.marineapi.nmea.parser.DBTTest
[INFO] Tests run: 7, Failures: 0, Errors: 0, Skipped: 0, Time elapsed: 0.006 s -- in net.sf.marineapi.nmea.parser.DBTTest
[INFO] Running net.sf.marineapi.nmea.parser.VHWTest
[INFO] Tests run: 11, Failures: 0, Errors: 0, Skipped: 0, Time elapsed: 0.008 s -- in net.sf.marineapi.nmea.parser.VHWTest
[INFO] Running net.sf.marineapi.nmea.parser.VDOTest
[INFO] Tests run: 12, Failures: 0, Errors: 0, Skipped: 0, Time elapsed: 0.010 s -- in net.sf.marineapi.nmea.parser.VDOTest
[INFO] Running net.sf.marineapi.nmea.parser.GBSTest
[INFO] Tests run: 16, Failures: 0, Errors: 0, Skipped: 0, Time elapsed: 0.014 s -- in net.sf.marineapi.nmea.parser.GBSTest
[INFO] Running net.sf.marineapi.nmea.parser.DTBTest
[INFO] Tests run: 9, Failures: 0, Errors: 0, Skipped: 0, Time elapsed: 0.028 s -- in net.sf.marineapi.nmea.parser.DTBTest
[INFO] Running net.sf.marineapi.nmea.parser.HDTTest
[INFO] Tests run: 6, Failures: 0, Errors: 0, Skipped: 0, Time elapsed: 0.003 s -- in net.sf.marineapi.nmea.parser.HDTTest
[INFO] Running net.sf.marineapi.nmea.parser.VBWTest
[INFO] Tests run: 22, Failures: 0, Errors: 0, Skipped: 0, Time elapsed: 0.009 s -- in net.sf.marineapi.nmea.parser.VBWTest
[INFO] Running net.sf.marineapi.nmea.parser.HTDTest
[INFO] Tests run: 19, Failures: 0, Errors: 0, Skipped: 0, Time elapsed: 0.007 s -- in net.sf.marineapi.nmea.parser.HTDTest
[INFO] Running net.sf.marineapi.nmea.parser.TLLTest
[INFO] Tests run: 8, Failures: 0, Errors: 0, Skipped: 0, Time elapsed: 0.008 s -- in net.sf.marineapi.nmea.parser.TLLTest
[INFO] Running net.sf.marineapi.nmea.parser.GLLTest
[INFO] Tests run: 10, Failures: 0, Errors: 0, Skipped: 0, Time elapsed: 0.004 s -- in net.sf.marineapi.nmea.parser.GLLTest
[INFO] Running net.sf.marineapi.nmea.parser.UBXTest
[INFO] Tests run: 3, Failures: 0, Errors: 0, Skipped: 0, Time elapsed: 0.002 s -- in net.sf.marineapi.nmea.parser.UBXTest
[INFO] Running net.sf.marineapi.nmea.parser.TTMTest
[INFO] Tests run: 29, Failures: 0, Errors: 0, Skipped: 0, Time elapsed: 0.018 s -- in net.sf.marineapi.nmea.parser.TTMTest
[INFO] Running net.sf.marineapi.nmea.parser.RSATest
[INFO] Tests run: 7, Failures: 0, Errors: 0, Skipped: 0, Time elapsed: 0.003 s -- in net.sf.marineapi.nmea.parser.RSATest
[INFO] Running net.sf.marineapi.nmea.parser.ChecksumTest
[INFO] Tests run: 7, Failures: 0, Errors: 0, Skipped: 0, Time elapsed: 0.003 s -- in net.sf.marineapi.nmea.parser.ChecksumTest
[INFO] Running net.sf.marineapi.nmea.parser.DTATest
[INFO] Tests run: 9, Failures: 0, Errors: 0, Skipped: 0, Time elapsed: 0.007 s -- in net.sf.marineapi.nmea.parser.DTATest
[INFO] Running net.sf.marineapi.nmea.parser.XTETest
[INFO] Tests run: 12, Failures: 0, Errors: 0, Skipped: 0, Time elapsed: 0.006 s -- in net.sf.marineapi.nmea.parser.XTETest
[INFO] Running net.sf.marineapi.nmea.parser.MWDTest
[INFO] Tests run: 9, Failures: 0, Errors: 0, Skipped: 0, Time elapsed: 0.005 s -- in net.sf.marineapi.nmea.parser.MWDTest
[INFO] Running net.sf.marineapi.nmea.event.AbstractSentenceListenerTest
[INFO] Tests run: 16, Failures: 0, Errors: 0, Skipped: 0, Time elapsed: 0.019 s -- in net.sf.marineapi.nmea.event.AbstractSentenceListenerTest
[INFO] Running net.sf.marineapi.nmea.util.TimeTest
[INFO] Tests run: 23, Failures: 0, Errors: 0, Skipped: 0, Time elapsed: 0.013 s -- in net.sf.marineapi.nmea.util.TimeTest
[INFO] Running net.sf.marineapi.nmea.util.PositionTest
[INFO] Tests run: 16, Failures: 0, Errors: 0, Skipped: 0, Time elapsed: 0.007 s -- in net.sf.marineapi.nmea.util.PositionTest
[INFO] Running net.sf.marineapi.nmea.util.WaypointTest
[INFO] Tests run: 2, Failures: 0, Errors: 0, Skipped: 0, Time elapsed: 0.001 s -- in net.sf.marineapi.nmea.util.WaypointTest
[INFO] Running net.sf.marineapi.nmea.util.DateTest
[INFO] Tests run: 27, Failures: 0, Errors: 0, Skipped: 0, Time elapsed: 0.015 s -- in net.sf.marineapi.nmea.util.DateTest
[INFO] Running net.sf.marineapi.nmea.io.SentenceReaderTest
[INFO] Tests run: 16, Failures: 0, Errors: 0, Skipped: 0, Time elapsed: 1.826 s -- in net.sf.marineapi.nmea.io.SentenceReaderTest
[INFO] Running net.sf.marineapi.ais.parser.AISMessage21ParserTest
[INFO] Tests run: 19, Failures: 0, Errors: 0, Skipped: 0, Time elapsed: 0.009 s -- in net.sf.marineapi.ais.parser.AISMessage21ParserTest
[INFO] Running net.sf.marineapi.ais.parser.AISMessage09ParserTest
[INFO] Tests run: 13, Failures: 0, Errors: 0, Skipped: 0, Time elapsed: 0.005 s -- in net.sf.marineapi.ais.parser.AISMessage09ParserTest
[INFO] Running net.sf.marineapi.ais.parser.AISMessage04Test
[INFO] Tests run: 9, Failures: 0, Errors: 0, Skipped: 0, Time elapsed: 0.004 s -- in net.sf.marineapi.ais.parser.AISMessage04Test
[INFO] Running net.sf.marineapi.ais.parser.AISMessage05Test
[INFO] Tests run: 17, Failures: 0, Errors: 0, Skipped: 0, Time elapsed: 0.008 s -- in net.sf.marineapi.ais.parser.AISMessage05Test
[INFO] Running net.sf.marineapi.ais.parser.AISMessage27ParserTest
[INFO] Tests run: 10, Failures: 0, Errors: 0, Skipped: 0, Time elapsed: 0.007 s -- in net.sf.marineapi.ais.parser.AISMessage27ParserTest
[INFO] Running net.sf.marineapi.ais.parser.AISPositionReportParserTest
[INFO] Tests run: 17, Failures: 0, Errors: 0, Skipped: 0, Time elapsed: 0.009 s -- in net.sf.marineapi.ais.parser.AISPositionReportParserTest
[INFO] Running net.sf.marineapi.ais.parser.AISMessageFactoryTest
[INFO] Tests run: 4, Failures: 0, Errors: 0, Skipped: 0, Time elapsed: 0.006 s -- in net.sf.marineapi.ais.parser.AISMessageFactoryTest
[INFO] Running net.sf.marineapi.ais.parser.AISMessageParserTest
[INFO] Tests run: 12, Failures: 0, Errors: 0, Skipped: 0, Time elapsed: 0.004 s -- in net.sf.marineapi.ais.parser.AISMessageParserTest
[INFO] Running net.sf.marineapi.ais.parser.AISPositionReportBParserTest
[INFO] Tests run: 12, Failures: 0, Errors: 0, Skipped: 0, Time elapsed: 0.004 s -- in net.sf.marineapi.ais.parser.AISPositionReportBParserTest
[INFO] Running net.sf.marineapi.ais.parser.AISMessage24ParserTest
[INFO] Tests run: 11, Failures: 0, Errors: 0, Skipped: 0, Time elapsed: 0.003 s -- in net.sf.marineapi.ais.parser.AISMessage24ParserTest
[INFO] Running net.sf.marineapi.ais.event.AbstractAISMessageListenerTest
[INFO] Tests run: 9, Failures: 0, Errors: 0, Skipped: 0, Time elapsed: 0.030 s -- in net.sf.marineapi.ais.event.AbstractAISMessageListenerTest
[INFO] Running net.sf.marineapi.ais.util.Longitude28Test
[INFO] Tests run: 14, Failures: 0, Errors: 0, Skipped: 0, Time elapsed: 0.004 s -- in net.sf.marineapi.ais.util.Longitude28Test
[INFO] Running net.sf.marineapi.ais.util.Latitude27Test
[INFO] Tests run: 14, Failures: 0, Errors: 0, Skipped: 0, Time elapsed: 0.005 s -- in net.sf.marineapi.ais.util.Latitude27Test
[INFO] Running net.sf.marineapi.ais.util.SpeedOverGroundTest
[INFO] Tests run: 12, Failures: 0, Errors: 0, Skipped: 0, Time elapsed: 0.004 s -- in net.sf.marineapi.ais.util.SpeedOverGroundTest
[INFO] Running net.sf.marineapi.ublox.parser.UBXMessage03Test
[INFO] Tests run: 1, Failures: 0, Errors: 0, Skipped: 0, Time elapsed: 0.003 s -- in net.sf.marineapi.ublox.parser.UBXMessage03Test
[INFO] Running net.sf.marineapi.ublox.parser.UBXMessage00Test
[INFO] Tests run: 1, Failures: 0, Errors: 0, Skipped: 0, Time elapsed: 0.003 s -- in net.sf.marineapi.ublox.parser.UBXMessage00Test
[INFO] 
[INFO] Results:
[INFO] 
[INFO] Tests run: 1084, Failures: 0, Errors: 0, Skipped: 0
[INFO] 
INFO: Adding excluded groups to newly created one
INFO: Creating new argline for Surefire
CONFIG: nondexFilter=.*
nondexMode=FULL
nondexSeed=933178
nondexStart=0
nondexEnd=9223372036854775807
nondexPrintstack=false
nondexDir=/home/tanzim/flaky-study/marine-api/.nondex
nondexJarDir=/home/tanzim/flaky-study/marine-api/.nondex
nondexExecid=h8LZhlGQ6oUSLvQtMFA1gwd3u9yaE8QjxsfYEAGCjRU=
nondexLogging=CONFIG
test=
[WARNING]  Parameter 'disableXmlReport' (user property 'disableXmlReport') is deprecated: instead use disable within statelessTestsetReporter since of 3.0.0-M6
[INFO] Using auto detected provider org.apache.maven.surefire.junitplatform.JUnitPlatformProvider
[INFO] 
[INFO] -------------------------------------------------------
[INFO]  T E S T S
[INFO] -------------------------------------------------------
[INFO] Running net.sf.marineapi.provider.PositionProviderTest
[INFO] Tests run: 3, Failures: 0, Errors: 0, Skipped: 0, Time elapsed: 0.043 s -- in net.sf.marineapi.provider.PositionProviderTest
[INFO] Running net.sf.marineapi.provider.HeadingProviderTest
[INFO] Tests run: 3, Failures: 0, Errors: 0, Skipped: 0, Time elapsed: 0.007 s -- in net.sf.marineapi.provider.HeadingProviderTest
[INFO] Running net.sf.marineapi.nmea.sentence.TalkerIdTest
[INFO] Tests run: 4, Failures: 0, Errors: 0, Skipped: 0, Time elapsed: 0.006 s -- in net.sf.marineapi.nmea.sentence.TalkerIdTest
[INFO] Running net.sf.marineapi.nmea.sentence.SentenceIdTest
[INFO] Tests run: 7, Failures: 0, Errors: 0, Skipped: 0, Time elapsed: 0.011 s -- in net.sf.marineapi.nmea.sentence.SentenceIdTest
[INFO] Running net.sf.marineapi.nmea.sentence.SentenceValidatorTest
[INFO] Tests run: 10, Failures: 0, Errors: 0, Skipped: 0, Time elapsed: 0.012 s -- in net.sf.marineapi.nmea.sentence.SentenceValidatorTest
[INFO] Running net.sf.marineapi.nmea.parser.MTATest
[INFO] Tests run: 4, Failures: 0, Errors: 0, Skipped: 0, Time elapsed: 0.008 s -- in net.sf.marineapi.nmea.parser.MTATest
[INFO] Running net.sf.marineapi.nmea.parser.HDMTest
[INFO] Tests run: 6, Failures: 0, Errors: 0, Skipped: 0, Time elapsed: 0.007 s -- in net.sf.marineapi.nmea.parser.HDMTest
[INFO] Running net.sf.marineapi.nmea.parser.GNSTest
[INFO] Tests run: 20, Failures: 0, Errors: 0, Skipped: 0, Time elapsed: 0.064 s -- in net.sf.marineapi.nmea.parser.GNSTest
[INFO] Running net.sf.marineapi.nmea.parser.ZDATest
[INFO] Tests run: 14, Failures: 0, Errors: 0, Skipped: 0, Time elapsed: 0.014 s -- in net.sf.marineapi.nmea.parser.ZDATest
[INFO] Running net.sf.marineapi.nmea.parser.SentenceParserTest
[INFO] Tests run: 42, Failures: 0, Errors: 0, Skipped: 0, Time elapsed: 0.043 s -- in net.sf.marineapi.nmea.parser.SentenceParserTest
[INFO] Running net.sf.marineapi.nmea.parser.ROTTest
[INFO] Tests run: 6, Failures: 0, Errors: 0, Skipped: 0, Time elapsed: 0.005 s -- in net.sf.marineapi.nmea.parser.ROTTest
[INFO] Running net.sf.marineapi.nmea.parser.XDRTest
[INFO] Tests run: 10, Failures: 0, Errors: 0, Skipped: 0, Time elapsed: 0.008 s -- in net.sf.marineapi.nmea.parser.XDRTest
[INFO] Running net.sf.marineapi.nmea.parser.VTGTest
[INFO] Tests run: 18, Failures: 0, Errors: 0, Skipped: 0, Time elapsed: 0.013 s -- in net.sf.marineapi.nmea.parser.VTGTest
[INFO] Running net.sf.marineapi.nmea.parser.VDMTest
[INFO] Tests run: 12, Failures: 0, Errors: 0, Skipped: 0, Time elapsed: 0.009 s -- in net.sf.marineapi.nmea.parser.VDMTest
[INFO] Running net.sf.marineapi.nmea.parser.WPLTest
[INFO] Tests run: 4, Failures: 0, Errors: 0, Skipped: 0, Time elapsed: 0.004 s -- in net.sf.marineapi.nmea.parser.WPLTest
[INFO] Running net.sf.marineapi.nmea.parser.OSDTest
[INFO] Tests run: 18, Failures: 0, Errors: 0, Skipped: 0, Time elapsed: 0.028 s -- in net.sf.marineapi.nmea.parser.OSDTest
[INFO] Running net.sf.marineapi.nmea.parser.GSATest
[INFO] Tests run: 13, Failures: 0, Errors: 0, Skipped: 0, Time elapsed: 0.010 s -- in net.sf.marineapi.nmea.parser.GSATest
[INFO] Running net.sf.marineapi.nmea.parser.VDRTest
[INFO] Tests run: 8, Failures: 0, Errors: 0, Skipped: 0, Time elapsed: 0.005 s -- in net.sf.marineapi.nmea.parser.VDRTest
[INFO] Running net.sf.marineapi.nmea.parser.RTETest
[INFO] Tests run: 19, Failures: 0, Errors: 0, Skipped: 0, Time elapsed: 0.013 s -- in net.sf.marineapi.nmea.parser.RTETest
[INFO] Running net.sf.marineapi.nmea.parser.HTCTest
[INFO] Tests run: 14, Failures: 0, Errors: 0, Skipped: 0, Time elapsed: 0.010 s -- in net.sf.marineapi.nmea.parser.HTCTest
[INFO] Running net.sf.marineapi.nmea.parser.CURTest
[INFO] Tests run: 5, Failures: 0, Errors: 0, Skipped: 0, Time elapsed: 0.004 s -- in net.sf.marineapi.nmea.parser.CURTest
[INFO] Running net.sf.marineapi.nmea.parser.GSTTest
[INFO] Tests run: 18, Failures: 0, Errors: 0, Skipped: 0, Time elapsed: 0.012 s -- in net.sf.marineapi.nmea.parser.GSTTest
[INFO] Running net.sf.marineapi.nmea.parser.SentenceFactoryTest
[INFO] Tests run: 16, Failures: 0, Errors: 0, Skipped: 0, Time elapsed: 0.020 s -- in net.sf.marineapi.nmea.parser.SentenceFactoryTest
[INFO] Running net.sf.marineapi.nmea.parser.GSVTest
[INFO] Tests run: 13, Failures: 0, Errors: 0, Skipped: 0, Time elapsed: 0.010 s -- in net.sf.marineapi.nmea.parser.GSVTest
[INFO] Running net.sf.marineapi.nmea.parser.MWVTest
[INFO] Tests run: 15, Failures: 0, Errors: 0, Skipped: 0, Time elapsed: 0.011 s -- in net.sf.marineapi.nmea.parser.MWVTest
[INFO] Running net.sf.marineapi.nmea.parser.VWRTest
[INFO] Tests run: 12, Failures: 0, Errors: 0, Skipped: 0, Time elapsed: 0.008 s -- in net.sf.marineapi.nmea.parser.VWRTest
[INFO] Running net.sf.marineapi.nmea.parser.TXTTest
[INFO] Tests run: 13, Failures: 0, Errors: 0, Skipped: 0, Time elapsed: 0.007 s -- in net.sf.marineapi.nmea.parser.TXTTest
[INFO] Running net.sf.marineapi.nmea.parser.GGATest
[INFO] Tests run: 25, Failures: 0, Errors: 0, Skipped: 0, Time elapsed: 0.016 s -- in net.sf.marineapi.nmea.parser.GGATest
[INFO] Running net.sf.marineapi.nmea.parser.PositionParserTest
[INFO] Tests run: 19, Failures: 0, Errors: 0, Skipped: 0, Time elapsed: 0.013 s -- in net.sf.marineapi.nmea.parser.PositionParserTest
[INFO] Running net.sf.marineapi.nmea.parser.MDATest
[INFO] Tests run: 23, Failures: 0, Errors: 0, Skipped: 0, Time elapsed: 0.024 s -- in net.sf.marineapi.nmea.parser.MDATest
[INFO] Running net.sf.marineapi.nmea.parser.MMBTest
[INFO] Tests run: 5, Failures: 0, Errors: 0, Skipped: 0, Time elapsed: 0.003 s -- in net.sf.marineapi.nmea.parser.MMBTest
[INFO] Running net.sf.marineapi.nmea.parser.APBTest
[INFO] Tests run: 17, Failures: 0, Errors: 0, Skipped: 0, Time elapsed: 0.007 s -- in net.sf.marineapi.nmea.parser.APBTest
[INFO] Running net.sf.marineapi.nmea.parser.TLBTest
[INFO] Tests run: 5, Failures: 0, Errors: 0, Skipped: 0, Time elapsed: 0.005 s -- in net.sf.marineapi.nmea.parser.TLBTest
[INFO] Running net.sf.marineapi.nmea.parser.STALKTest
[INFO] Tests run: 7, Failures: 0, Errors: 0, Skipped: 0, Time elapsed: 0.006 s -- in net.sf.marineapi.nmea.parser.STALKTest
[INFO] Running net.sf.marineapi.nmea.parser.VWTTest
[INFO] Tests run: 12, Failures: 0, Errors: 0, Skipped: 0, Time elapsed: 0.005 s -- in net.sf.marineapi.nmea.parser.VWTTest
[INFO] Running net.sf.marineapi.nmea.parser.HDGTest
[INFO] Tests run: 18, Failures: 0, Errors: 0, Skipped: 0, Time elapsed: 0.008 s -- in net.sf.marineapi.nmea.parser.HDGTest
[INFO] Running net.sf.marineapi.nmea.parser.DTMTest
[INFO] Tests run: 13, Failures: 0, Errors: 0, Skipped: 0, Time elapsed: 0.007 s -- in net.sf.marineapi.nmea.parser.DTMTest
[INFO] Running net.sf.marineapi.nmea.parser.RMCTest
[INFO] Tests run: 27, Failures: 0, Errors: 0, Skipped: 0, Time elapsed: 0.013 s -- in net.sf.marineapi.nmea.parser.RMCTest
[INFO] Running net.sf.marineapi.nmea.parser.BODTest
[INFO] Tests run: 21, Failures: 0, Errors: 0, Skipped: 0, Time elapsed: 0.010 s -- in net.sf.marineapi.nmea.parser.BODTest
[INFO] Running net.sf.marineapi.nmea.parser.DPTTest
[INFO] Tests run: 8, Failures: 0, Errors: 0, Skipped: 0, Time elapsed: 0.003 s -- in net.sf.marineapi.nmea.parser.DPTTest
[INFO] Running net.sf.marineapi.nmea.parser.RMBTest
[INFO] Tests run: 22, Failures: 0, Errors: 0, Skipped: 0, Time elapsed: 0.010 s -- in net.sf.marineapi.nmea.parser.RMBTest
[INFO] Running net.sf.marineapi.nmea.parser.VLWTest
[INFO] Tests run: 10, Failures: 0, Errors: 0, Skipped: 0, Time elapsed: 0.004 s -- in net.sf.marineapi.nmea.parser.VLWTest
[INFO] Running net.sf.marineapi.nmea.parser.MTWTest
[INFO] Tests run: 4, Failures: 0, Errors: 0, Skipped: 0, Time elapsed: 0.001 s -- in net.sf.marineapi.nmea.parser.MTWTest
[INFO] Running net.sf.marineapi.nmea.parser.MHUTest
[INFO] Tests run: 9, Failures: 0, Errors: 0, Skipped: 0, Time elapsed: 0.005 s -- in net.sf.marineapi.nmea.parser.MHUTest
[INFO] Running net.sf.marineapi.nmea.parser.RSDTest
[INFO] Tests run: 26, Failures: 0, Errors: 0, Skipped: 0, Time elapsed: 0.013 s -- in net.sf.marineapi.nmea.parser.RSDTest
[INFO] Running net.sf.marineapi.nmea.parser.RPMTest
[INFO] Tests run: 15, Failures: 0, Errors: 0, Skipped: 0, Time elapsed: 0.006 s -- in net.sf.marineapi.nmea.parser.RPMTest
[INFO] Running net.sf.marineapi.nmea.parser.DBTTest
[INFO] Tests run: 7, Failures: 0, Errors: 0, Skipped: 0, Time elapsed: 0.003 s -- in net.sf.marineapi.nmea.parser.DBTTest
[INFO] Running net.sf.marineapi.nmea.parser.VHWTest
[INFO] Tests run: 11, Failures: 0, Errors: 0, Skipped: 0, Time elapsed: 0.005 s -- in net.sf.marineapi.nmea.parser.VHWTest
[INFO] Running net.sf.marineapi.nmea.parser.VDOTest
[INFO] Tests run: 12, Failures: 0, Errors: 0, Skipped: 0, Time elapsed: 0.006 s -- in net.sf.marineapi.nmea.parser.VDOTest
[INFO] Running net.sf.marineapi.nmea.parser.GBSTest
[INFO] Tests run: 16, Failures: 0, Errors: 0, Skipped: 0, Time elapsed: 0.009 s -- in net.sf.marineapi.nmea.parser.GBSTest
[INFO] Running net.sf.marineapi.nmea.parser.DTBTest
[INFO] Tests run: 9, Failures: 0, Errors: 0, Skipped: 0, Time elapsed: 0.007 s -- in net.sf.marineapi.nmea.parser.DTBTest
[INFO] Running net.sf.marineapi.nmea.parser.HDTTest
[INFO] Tests run: 6, Failures: 0, Errors: 0, Skipped: 0, Time elapsed: 0.003 s -- in net.sf.marineapi.nmea.parser.HDTTest
[INFO] Running net.sf.marineapi.nmea.parser.VBWTest
[INFO] Tests run: 22, Failures: 0, Errors: 0, Skipped: 0, Time elapsed: 0.009 s -- in net.sf.marineapi.nmea.parser.VBWTest
[INFO] Running net.sf.marineapi.nmea.parser.HTDTest
[INFO] Tests run: 19, Failures: 0, Errors: 0, Skipped: 0, Time elapsed: 0.007 s -- in net.sf.marineapi.nmea.parser.HTDTest
[INFO] Running net.sf.marineapi.nmea.parser.TLLTest
[INFO] Tests run: 8, Failures: 0, Errors: 0, Skipped: 0, Time elapsed: 0.008 s -- in net.sf.marineapi.nmea.parser.TLLTest
[INFO] Running net.sf.marineapi.nmea.parser.GLLTest
[INFO] Tests run: 10, Failures: 0, Errors: 0, Skipped: 0, Time elapsed: 0.004 s -- in net.sf.marineapi.nmea.parser.GLLTest
[INFO] Running net.sf.marineapi.nmea.parser.UBXTest
[INFO] Tests run: 3, Failures: 0, Errors: 0, Skipped: 0, Time elapsed: 0.001 s -- in net.sf.marineapi.nmea.parser.UBXTest
[INFO] Running net.sf.marineapi.nmea.parser.TTMTest
[INFO] Tests run: 29, Failures: 0, Errors: 0, Skipped: 0, Time elapsed: 0.014 s -- in net.sf.marineapi.nmea.parser.TTMTest
[INFO] Running net.sf.marineapi.nmea.parser.RSATest
[INFO] Tests run: 7, Failures: 0, Errors: 0, Skipped: 0, Time elapsed: 0.002 s -- in net.sf.marineapi.nmea.parser.RSATest
[INFO] Running net.sf.marineapi.nmea.parser.ChecksumTest
[INFO] Tests run: 7, Failures: 0, Errors: 0, Skipped: 0, Time elapsed: 0.003 s -- in net.sf.marineapi.nmea.parser.ChecksumTest
[INFO] Running net.sf.marineapi.nmea.parser.DTATest
[INFO] Tests run: 9, Failures: 0, Errors: 0, Skipped: 0, Time elapsed: 0.004 s -- in net.sf.marineapi.nmea.parser.DTATest
[INFO] Running net.sf.marineapi.nmea.parser.XTETest
[INFO] Tests run: 12, Failures: 0, Errors: 0, Skipped: 0, Time elapsed: 0.005 s -- in net.sf.marineapi.nmea.parser.XTETest
[INFO] Running net.sf.marineapi.nmea.parser.MWDTest
[INFO] Tests run: 9, Failures: 0, Errors: 0, Skipped: 0, Time elapsed: 0.004 s -- in net.sf.marineapi.nmea.parser.MWDTest
[INFO] Running net.sf.marineapi.nmea.event.AbstractSentenceListenerTest
[INFO] Tests run: 16, Failures: 0, Errors: 0, Skipped: 0, Time elapsed: 0.011 s -- in net.sf.marineapi.nmea.event.AbstractSentenceListenerTest
[INFO] Running net.sf.marineapi.nmea.util.TimeTest
[INFO] Tests run: 23, Failures: 0, Errors: 0, Skipped: 0, Time elapsed: 0.010 s -- in net.sf.marineapi.nmea.util.TimeTest
[INFO] Running net.sf.marineapi.nmea.util.PositionTest
[INFO] Tests run: 16, Failures: 0, Errors: 0, Skipped: 0, Time elapsed: 0.007 s -- in net.sf.marineapi.nmea.util.PositionTest
[INFO] Running net.sf.marineapi.nmea.util.WaypointTest
[INFO] Tests run: 2, Failures: 0, Errors: 0, Skipped: 0, Time elapsed: 0.002 s -- in net.sf.marineapi.nmea.util.WaypointTest
[INFO] Running net.sf.marineapi.nmea.util.DateTest
[INFO] Tests run: 27, Failures: 0, Errors: 0, Skipped: 0, Time elapsed: 0.014 s -- in net.sf.marineapi.nmea.util.DateTest
[INFO] Running net.sf.marineapi.nmea.io.SentenceReaderTest
[INFO] Tests run: 16, Failures: 0, Errors: 0, Skipped: 0, Time elapsed: 1.826 s -- in net.sf.marineapi.nmea.io.SentenceReaderTest
[INFO] Running net.sf.marineapi.ais.parser.AISMessage21ParserTest
[INFO] Tests run: 19, Failures: 0, Errors: 0, Skipped: 0, Time elapsed: 0.009 s -- in net.sf.marineapi.ais.parser.AISMessage21ParserTest
[INFO] Running net.sf.marineapi.ais.parser.AISMessage09ParserTest
[INFO] Tests run: 13, Failures: 0, Errors: 0, Skipped: 0, Time elapsed: 0.004 s -- in net.sf.marineapi.ais.parser.AISMessage09ParserTest
[INFO] Running net.sf.marineapi.ais.parser.AISMessage04Test
[INFO] Tests run: 9, Failures: 0, Errors: 0, Skipped: 0, Time elapsed: 0.003 s -- in net.sf.marineapi.ais.parser.AISMessage04Test
[INFO] Running net.sf.marineapi.ais.parser.AISMessage05Test
[INFO] Tests run: 17, Failures: 0, Errors: 0, Skipped: 0, Time elapsed: 0.007 s -- in net.sf.marineapi.ais.parser.AISMessage05Test
[INFO] Running net.sf.marineapi.ais.parser.AISMessage27ParserTest
[INFO] Tests run: 10, Failures: 0, Errors: 0, Skipped: 0, Time elapsed: 0.004 s -- in net.sf.marineapi.ais.parser.AISMessage27ParserTest
[INFO] Running net.sf.marineapi.ais.parser.AISPositionReportParserTest
[INFO] Tests run: 17, Failures: 0, Errors: 0, Skipped: 0, Time elapsed: 0.006 s -- in net.sf.marineapi.ais.parser.AISPositionReportParserTest
[INFO] Running net.sf.marineapi.ais.parser.AISMessageFactoryTest
[INFO] Tests run: 4, Failures: 0, Errors: 0, Skipped: 0, Time elapsed: 0.004 s -- in net.sf.marineapi.ais.parser.AISMessageFactoryTest
[INFO] Running net.sf.marineapi.ais.parser.AISMessageParserTest
[INFO] Tests run: 12, Failures: 0, Errors: 0, Skipped: 0, Time elapsed: 0.004 s -- in net.sf.marineapi.ais.parser.AISMessageParserTest
[INFO] Running net.sf.marineapi.ais.parser.AISPositionReportBParserTest
[INFO] Tests run: 12, Failures: 0, Errors: 0, Skipped: 0, Time elapsed: 0.004 s -- in net.sf.marineapi.ais.parser.AISPositionReportBParserTest
[INFO] Running net.sf.marineapi.ais.parser.AISMessage24ParserTest
[INFO] Tests run: 11, Failures: 0, Errors: 0, Skipped: 0, Time elapsed: 0.004 s -- in net.sf.marineapi.ais.parser.AISMessage24ParserTest
[INFO] Running net.sf.marineapi.ais.event.AbstractAISMessageListenerTest
[INFO] Tests run: 9, Failures: 0, Errors: 0, Skipped: 0, Time elapsed: 0.031 s -- in net.sf.marineapi.ais.event.AbstractAISMessageListenerTest
[INFO] Running net.sf.marineapi.ais.util.Longitude28Test
[INFO] Tests run: 14, Failures: 0, Errors: 0, Skipped: 0, Time elapsed: 0.004 s -- in net.sf.marineapi.ais.util.Longitude28Test
[INFO] Running net.sf.marineapi.ais.util.Latitude27Test
[INFO] Tests run: 14, Failures: 0, Errors: 0, Skipped: 0, Time elapsed: 0.004 s -- in net.sf.marineapi.ais.util.Latitude27Test
[INFO] Running net.sf.marineapi.ais.util.SpeedOverGroundTest
[INFO] Tests run: 12, Failures: 0, Errors: 0, Skipped: 0, Time elapsed: 0.004 s -- in net.sf.marineapi.ais.util.SpeedOverGroundTest
[INFO] Running net.sf.marineapi.ublox.parser.UBXMessage03Test
[INFO] Tests run: 1, Failures: 0, Errors: 0, Skipped: 0, Time elapsed: 0.002 s -- in net.sf.marineapi.ublox.parser.UBXMessage03Test
[INFO] Running net.sf.marineapi.ublox.parser.UBXMessage00Test
[INFO] Tests run: 1, Failures: 0, Errors: 0, Skipped: 0, Time elapsed: 0.002 s -- in net.sf.marineapi.ublox.parser.UBXMessage00Test
[INFO] 
[INFO] Results:
[INFO] 
[INFO] Tests run: 1084, Failures: 0, Errors: 0, Skipped: 0
[INFO] 
INFO: Adding excluded groups to newly created one
INFO: Creating new argline for Surefire
CONFIG: nondexFilter=.*
nondexMode=FULL
nondexSeed=974622
nondexStart=0
nondexEnd=9223372036854775807
nondexPrintstack=false
nondexDir=/home/tanzim/flaky-study/marine-api/.nondex
nondexJarDir=/home/tanzim/flaky-study/marine-api/.nondex
nondexExecid=owVHlW8zJQB8EJFinYmYq2agyWg5qsPN5xn0FUHYWQ4=
nondexLogging=CONFIG
test=
[WARNING]  Parameter 'disableXmlReport' (user property 'disableXmlReport') is deprecated: instead use disable within statelessTestsetReporter since of 3.0.0-M6
[INFO] Using auto detected provider org.apache.maven.surefire.junitplatform.JUnitPlatformProvider
[INFO] 
[INFO] -------------------------------------------------------
[INFO]  T E S T S
[INFO] -------------------------------------------------------
[INFO] Running net.sf.marineapi.provider.PositionProviderTest
[INFO] Tests run: 3, Failures: 0, Errors: 0, Skipped: 0, Time elapsed: 0.043 s -- in net.sf.marineapi.provider.PositionProviderTest
[INFO] Running net.sf.marineapi.provider.HeadingProviderTest
[INFO] Tests run: 3, Failures: 0, Errors: 0, Skipped: 0, Time elapsed: 0.005 s -- in net.sf.marineapi.provider.HeadingProviderTest
[INFO] Running net.sf.marineapi.nmea.sentence.TalkerIdTest
[INFO] Tests run: 4, Failures: 0, Errors: 0, Skipped: 0, Time elapsed: 0.005 s -- in net.sf.marineapi.nmea.sentence.TalkerIdTest
[INFO] Running net.sf.marineapi.nmea.sentence.SentenceIdTest
[INFO] Tests run: 7, Failures: 0, Errors: 0, Skipped: 0, Time elapsed: 0.007 s -- in net.sf.marineapi.nmea.sentence.SentenceIdTest
[INFO] Running net.sf.marineapi.nmea.sentence.SentenceValidatorTest
[INFO] Tests run: 10, Failures: 0, Errors: 0, Skipped: 0, Time elapsed: 0.014 s -- in net.sf.marineapi.nmea.sentence.SentenceValidatorTest
[INFO] Running net.sf.marineapi.nmea.parser.MTATest
[INFO] Tests run: 4, Failures: 0, Errors: 0, Skipped: 0, Time elapsed: 0.007 s -- in net.sf.marineapi.nmea.parser.MTATest
[INFO] Running net.sf.marineapi.nmea.parser.HDMTest
[INFO] Tests run: 6, Failures: 0, Errors: 0, Skipped: 0, Time elapsed: 0.007 s -- in net.sf.marineapi.nmea.parser.HDMTest
[INFO] Running net.sf.marineapi.nmea.parser.GNSTest
[INFO] Tests run: 20, Failures: 0, Errors: 0, Skipped: 0, Time elapsed: 0.055 s -- in net.sf.marineapi.nmea.parser.GNSTest
[INFO] Running net.sf.marineapi.nmea.parser.ZDATest
[INFO] Tests run: 14, Failures: 0, Errors: 0, Skipped: 0, Time elapsed: 0.015 s -- in net.sf.marineapi.nmea.parser.ZDATest
[INFO] Running net.sf.marineapi.nmea.parser.SentenceParserTest
[INFO] Tests run: 42, Failures: 0, Errors: 0, Skipped: 0, Time elapsed: 0.039 s -- in net.sf.marineapi.nmea.parser.SentenceParserTest
[INFO] Running net.sf.marineapi.nmea.parser.ROTTest
[INFO] Tests run: 6, Failures: 0, Errors: 0, Skipped: 0, Time elapsed: 0.006 s -- in net.sf.marineapi.nmea.parser.ROTTest
[INFO] Running net.sf.marineapi.nmea.parser.XDRTest
[INFO] Tests run: 10, Failures: 0, Errors: 0, Skipped: 0, Time elapsed: 0.009 s -- in net.sf.marineapi.nmea.parser.XDRTest
[INFO] Running net.sf.marineapi.nmea.parser.VTGTest
[INFO] Tests run: 18, Failures: 0, Errors: 0, Skipped: 0, Time elapsed: 0.013 s -- in net.sf.marineapi.nmea.parser.VTGTest
[INFO] Running net.sf.marineapi.nmea.parser.VDMTest
[INFO] Tests run: 12, Failures: 0, Errors: 0, Skipped: 0, Time elapsed: 0.010 s -- in net.sf.marineapi.nmea.parser.VDMTest
[INFO] Running net.sf.marineapi.nmea.parser.WPLTest
[INFO] Tests run: 4, Failures: 0, Errors: 0, Skipped: 0, Time elapsed: 0.005 s -- in net.sf.marineapi.nmea.parser.WPLTest
[INFO] Running net.sf.marineapi.nmea.parser.OSDTest
[INFO] Tests run: 18, Failures: 0, Errors: 0, Skipped: 0, Time elapsed: 0.026 s -- in net.sf.marineapi.nmea.parser.OSDTest
[INFO] Running net.sf.marineapi.nmea.parser.GSATest
[INFO] Tests run: 13, Failures: 0, Errors: 0, Skipped: 0, Time elapsed: 0.009 s -- in net.sf.marineapi.nmea.parser.GSATest
[INFO] Running net.sf.marineapi.nmea.parser.VDRTest
[INFO] Tests run: 8, Failures: 0, Errors: 0, Skipped: 0, Time elapsed: 0.005 s -- in net.sf.marineapi.nmea.parser.VDRTest
[INFO] Running net.sf.marineapi.nmea.parser.RTETest
[INFO] Tests run: 19, Failures: 0, Errors: 0, Skipped: 0, Time elapsed: 0.015 s -- in net.sf.marineapi.nmea.parser.RTETest
[INFO] Running net.sf.marineapi.nmea.parser.HTCTest
[INFO] Tests run: 14, Failures: 0, Errors: 0, Skipped: 0, Time elapsed: 0.009 s -- in net.sf.marineapi.nmea.parser.HTCTest
[INFO] Running net.sf.marineapi.nmea.parser.CURTest
[INFO] Tests run: 5, Failures: 0, Errors: 0, Skipped: 0, Time elapsed: 0.003 s -- in net.sf.marineapi.nmea.parser.CURTest
[INFO] Running net.sf.marineapi.nmea.parser.GSTTest
[INFO] Tests run: 18, Failures: 0, Errors: 0, Skipped: 0, Time elapsed: 0.012 s -- in net.sf.marineapi.nmea.parser.GSTTest
[INFO] Running net.sf.marineapi.nmea.parser.SentenceFactoryTest
[INFO] Tests run: 16, Failures: 0, Errors: 0, Skipped: 0, Time elapsed: 0.018 s -- in net.sf.marineapi.nmea.parser.SentenceFactoryTest
[INFO] Running net.sf.marineapi.nmea.parser.GSVTest
[INFO] Tests run: 13, Failures: 0, Errors: 0, Skipped: 0, Time elapsed: 0.007 s -- in net.sf.marineapi.nmea.parser.GSVTest
[INFO] Running net.sf.marineapi.nmea.parser.MWVTest
[INFO] Tests run: 15, Failures: 0, Errors: 0, Skipped: 0, Time elapsed: 0.007 s -- in net.sf.marineapi.nmea.parser.MWVTest
[INFO] Running net.sf.marineapi.nmea.parser.VWRTest
[INFO] Tests run: 12, Failures: 0, Errors: 0, Skipped: 0, Time elapsed: 0.006 s -- in net.sf.marineapi.nmea.parser.VWRTest
[INFO] Running net.sf.marineapi.nmea.parser.TXTTest
[INFO] Tests run: 13, Failures: 0, Errors: 0, Skipped: 0, Time elapsed: 0.007 s -- in net.sf.marineapi.nmea.parser.TXTTest
[INFO] Running net.sf.marineapi.nmea.parser.GGATest
[INFO] Tests run: 25, Failures: 0, Errors: 0, Skipped: 0, Time elapsed: 0.014 s -- in net.sf.marineapi.nmea.parser.GGATest
[INFO] Running net.sf.marineapi.nmea.parser.PositionParserTest
[INFO] Tests run: 19, Failures: 0, Errors: 0, Skipped: 0, Time elapsed: 0.012 s -- in net.sf.marineapi.nmea.parser.PositionParserTest
[INFO] Running net.sf.marineapi.nmea.parser.MDATest
[INFO] Tests run: 23, Failures: 0, Errors: 0, Skipped: 0, Time elapsed: 0.025 s -- in net.sf.marineapi.nmea.parser.MDATest
[INFO] Running net.sf.marineapi.nmea.parser.MMBTest
[INFO] Tests run: 5, Failures: 0, Errors: 0, Skipped: 0, Time elapsed: 0.003 s -- in net.sf.marineapi.nmea.parser.MMBTest
[INFO] Running net.sf.marineapi.nmea.parser.APBTest
[INFO] Tests run: 17, Failures: 0, Errors: 0, Skipped: 0, Time elapsed: 0.009 s -- in net.sf.marineapi.nmea.parser.APBTest
[INFO] Running net.sf.marineapi.nmea.parser.TLBTest
[INFO] Tests run: 5, Failures: 0, Errors: 0, Skipped: 0, Time elapsed: 0.005 s -- in net.sf.marineapi.nmea.parser.TLBTest
[INFO] Running net.sf.marineapi.nmea.parser.STALKTest
[INFO] Tests run: 7, Failures: 0, Errors: 0, Skipped: 0, Time elapsed: 0.006 s -- in net.sf.marineapi.nmea.parser.STALKTest
[INFO] Running net.sf.marineapi.nmea.parser.VWTTest
[INFO] Tests run: 12, Failures: 0, Errors: 0, Skipped: 0, Time elapsed: 0.006 s -- in net.sf.marineapi.nmea.parser.VWTTest
[INFO] Running net.sf.marineapi.nmea.parser.HDGTest
[INFO] Tests run: 18, Failures: 0, Errors: 0, Skipped: 0, Time elapsed: 0.008 s -- in net.sf.marineapi.nmea.parser.HDGTest
[INFO] Running net.sf.marineapi.nmea.parser.DTMTest
[INFO] Tests run: 13, Failures: 0, Errors: 0, Skipped: 0, Time elapsed: 0.005 s -- in net.sf.marineapi.nmea.parser.DTMTest
[INFO] Running net.sf.marineapi.nmea.parser.RMCTest
[INFO] Tests run: 27, Failures: 0, Errors: 0, Skipped: 0, Time elapsed: 0.014 s -- in net.sf.marineapi.nmea.parser.RMCTest
[INFO] Running net.sf.marineapi.nmea.parser.BODTest
[INFO] Tests run: 21, Failures: 0, Errors: 0, Skipped: 0, Time elapsed: 0.013 s -- in net.sf.marineapi.nmea.parser.BODTest
[INFO] Running net.sf.marineapi.nmea.parser.DPTTest
[INFO] Tests run: 8, Failures: 0, Errors: 0, Skipped: 0, Time elapsed: 0.004 s -- in net.sf.marineapi.nmea.parser.DPTTest
[INFO] Running net.sf.marineapi.nmea.parser.RMBTest
[INFO] Tests run: 22, Failures: 0, Errors: 0, Skipped: 0, Time elapsed: 0.009 s -- in net.sf.marineapi.nmea.parser.RMBTest
[INFO] Running net.sf.marineapi.nmea.parser.VLWTest
[INFO] Tests run: 10, Failures: 0, Errors: 0, Skipped: 0, Time elapsed: 0.004 s -- in net.sf.marineapi.nmea.parser.VLWTest
[INFO] Running net.sf.marineapi.nmea.parser.MTWTest
[INFO] Tests run: 4, Failures: 0, Errors: 0, Skipped: 0, Time elapsed: 0.003 s -- in net.sf.marineapi.nmea.parser.MTWTest
[INFO] Running net.sf.marineapi.nmea.parser.MHUTest
[INFO] Tests run: 9, Failures: 0, Errors: 0, Skipped: 0, Time elapsed: 0.005 s -- in net.sf.marineapi.nmea.parser.MHUTest
[INFO] Running net.sf.marineapi.nmea.parser.RSDTest
[INFO] Tests run: 26, Failures: 0, Errors: 0, Skipped: 0, Time elapsed: 0.012 s -- in net.sf.marineapi.nmea.parser.RSDTest
[INFO] Running net.sf.marineapi.nmea.parser.RPMTest
[INFO] Tests run: 15, Failures: 0, Errors: 0, Skipped: 0, Time elapsed: 0.007 s -- in net.sf.marineapi.nmea.parser.RPMTest
[INFO] Running net.sf.marineapi.nmea.parser.DBTTest
[INFO] Tests run: 7, Failures: 0, Errors: 0, Skipped: 0, Time elapsed: 0.004 s -- in net.sf.marineapi.nmea.parser.DBTTest
[INFO] Running net.sf.marineapi.nmea.parser.VHWTest
[INFO] Tests run: 11, Failures: 0, Errors: 0, Skipped: 0, Time elapsed: 0.005 s -- in net.sf.marineapi.nmea.parser.VHWTest
[INFO] Running net.sf.marineapi.nmea.parser.VDOTest
[INFO] Tests run: 12, Failures: 0, Errors: 0, Skipped: 0, Time elapsed: 0.005 s -- in net.sf.marineapi.nmea.parser.VDOTest
[INFO] Running net.sf.marineapi.nmea.parser.GBSTest
[INFO] Tests run: 16, Failures: 0, Errors: 0, Skipped: 0, Time elapsed: 0.008 s -- in net.sf.marineapi.nmea.parser.GBSTest
[INFO] Running net.sf.marineapi.nmea.parser.DTBTest
[INFO] Tests run: 9, Failures: 0, Errors: 0, Skipped: 0, Time elapsed: 0.004 s -- in net.sf.marineapi.nmea.parser.DTBTest
[INFO] Running net.sf.marineapi.nmea.parser.HDTTest
[INFO] Tests run: 6, Failures: 0, Errors: 0, Skipped: 0, Time elapsed: 0.002 s -- in net.sf.marineapi.nmea.parser.HDTTest
[INFO] Running net.sf.marineapi.nmea.parser.VBWTest
[INFO] Tests run: 22, Failures: 0, Errors: 0, Skipped: 0, Time elapsed: 0.009 s -- in net.sf.marineapi.nmea.parser.VBWTest
[INFO] Running net.sf.marineapi.nmea.parser.HTDTest
[INFO] Tests run: 19, Failures: 0, Errors: 0, Skipped: 0, Time elapsed: 0.010 s -- in net.sf.marineapi.nmea.parser.HTDTest
[INFO] Running net.sf.marineapi.nmea.parser.TLLTest
[INFO] Tests run: 8, Failures: 0, Errors: 0, Skipped: 0, Time elapsed: 0.007 s -- in net.sf.marineapi.nmea.parser.TLLTest
[INFO] Running net.sf.marineapi.nmea.parser.GLLTest
[INFO] Tests run: 10, Failures: 0, Errors: 0, Skipped: 0, Time elapsed: 0.004 s -- in net.sf.marineapi.nmea.parser.GLLTest
[INFO] Running net.sf.marineapi.nmea.parser.UBXTest
[INFO] Tests run: 3, Failures: 0, Errors: 0, Skipped: 0, Time elapsed: 0.001 s -- in net.sf.marineapi.nmea.parser.UBXTest
[INFO] Running net.sf.marineapi.nmea.parser.TTMTest
[INFO] Tests run: 29, Failures: 0, Errors: 0, Skipped: 0, Time elapsed: 0.012 s -- in net.sf.marineapi.nmea.parser.TTMTest
[INFO] Running net.sf.marineapi.nmea.parser.RSATest
[INFO] Tests run: 7, Failures: 0, Errors: 0, Skipped: 0, Time elapsed: 0.003 s -- in net.sf.marineapi.nmea.parser.RSATest
[INFO] Running net.sf.marineapi.nmea.parser.ChecksumTest
[INFO] Tests run: 7, Failures: 0, Errors: 0, Skipped: 0, Time elapsed: 0.003 s -- in net.sf.marineapi.nmea.parser.ChecksumTest
[INFO] Running net.sf.marineapi.nmea.parser.DTATest
[INFO] Tests run: 9, Failures: 0, Errors: 0, Skipped: 0, Time elapsed: 0.004 s -- in net.sf.marineapi.nmea.parser.DTATest
[INFO] Running net.sf.marineapi.nmea.parser.XTETest
[INFO] Tests run: 12, Failures: 0, Errors: 0, Skipped: 0, Time elapsed: 0.005 s -- in net.sf.marineapi.nmea.parser.XTETest
[INFO] Running net.sf.marineapi.nmea.parser.MWDTest
[INFO] Tests run: 9, Failures: 0, Errors: 0, Skipped: 0, Time elapsed: 0.003 s -- in net.sf.marineapi.nmea.parser.MWDTest
[INFO] Running net.sf.marineapi.nmea.event.AbstractSentenceListenerTest
[INFO] Tests run: 16, Failures: 0, Errors: 0, Skipped: 0, Time elapsed: 0.009 s -- in net.sf.marineapi.nmea.event.AbstractSentenceListenerTest
[INFO] Running net.sf.marineapi.nmea.util.TimeTest
[INFO] Tests run: 23, Failures: 0, Errors: 0, Skipped: 0, Time elapsed: 0.011 s -- in net.sf.marineapi.nmea.util.TimeTest
[INFO] Running net.sf.marineapi.nmea.util.PositionTest
[INFO] Tests run: 16, Failures: 0, Errors: 0, Skipped: 0, Time elapsed: 0.007 s -- in net.sf.marineapi.nmea.util.PositionTest
[INFO] Running net.sf.marineapi.nmea.util.WaypointTest
[INFO] Tests run: 2, Failures: 0, Errors: 0, Skipped: 0, Time elapsed: 0.001 s -- in net.sf.marineapi.nmea.util.WaypointTest
[INFO] Running net.sf.marineapi.nmea.util.DateTest
[INFO] Tests run: 27, Failures: 0, Errors: 0, Skipped: 0, Time elapsed: 0.011 s -- in net.sf.marineapi.nmea.util.DateTest
[INFO] Running net.sf.marineapi.nmea.io.SentenceReaderTest
[INFO] Tests run: 16, Failures: 0, Errors: 0, Skipped: 0, Time elapsed: 1.826 s -- in net.sf.marineapi.nmea.io.SentenceReaderTest
[INFO] Running net.sf.marineapi.ais.parser.AISMessage21ParserTest
[INFO] Tests run: 19, Failures: 0, Errors: 0, Skipped: 0, Time elapsed: 0.009 s -- in net.sf.marineapi.ais.parser.AISMessage21ParserTest
[INFO] Running net.sf.marineapi.ais.parser.AISMessage09ParserTest
[INFO] Tests run: 13, Failures: 0, Errors: 0, Skipped: 0, Time elapsed: 0.005 s -- in net.sf.marineapi.ais.parser.AISMessage09ParserTest
[INFO] Running net.sf.marineapi.ais.parser.AISMessage04Test
[INFO] Tests run: 9, Failures: 0, Errors: 0, Skipped: 0, Time elapsed: 0.003 s -- in net.sf.marineapi.ais.parser.AISMessage04Test
[INFO] Running net.sf.marineapi.ais.parser.AISMessage05Test
[INFO] Tests run: 17, Failures: 0, Errors: 0, Skipped: 0, Time elapsed: 0.006 s -- in net.sf.marineapi.ais.parser.AISMessage05Test
[INFO] Running net.sf.marineapi.ais.parser.AISMessage27ParserTest
[INFO] Tests run: 10, Failures: 0, Errors: 0, Skipped: 0, Time elapsed: 0.005 s -- in net.sf.marineapi.ais.parser.AISMessage27ParserTest
[INFO] Running net.sf.marineapi.ais.parser.AISPositionReportParserTest
[INFO] Tests run: 17, Failures: 0, Errors: 0, Skipped: 0, Time elapsed: 0.007 s -- in net.sf.marineapi.ais.parser.AISPositionReportParserTest
[INFO] Running net.sf.marineapi.ais.parser.AISMessageFactoryTest
[INFO] Tests run: 4, Failures: 0, Errors: 0, Skipped: 0, Time elapsed: 0.004 s -- in net.sf.marineapi.ais.parser.AISMessageFactoryTest
[INFO] Running net.sf.marineapi.ais.parser.AISMessageParserTest
[INFO] Tests run: 12, Failures: 0, Errors: 0, Skipped: 0, Time elapsed: 0.005 s -- in net.sf.marineapi.ais.parser.AISMessageParserTest
[INFO] Running net.sf.marineapi.ais.parser.AISPositionReportBParserTest
[INFO] Tests run: 12, Failures: 0, Errors: 0, Skipped: 0, Time elapsed: 0.005 s -- in net.sf.marineapi.ais.parser.AISPositionReportBParserTest
[INFO] Running net.sf.marineapi.ais.parser.AISMessage24ParserTest
[INFO] Tests run: 11, Failures: 0, Errors: 0, Skipped: 0, Time elapsed: 0.007 s -- in net.sf.marineapi.ais.parser.AISMessage24ParserTest
[INFO] Running net.sf.marineapi.ais.event.AbstractAISMessageListenerTest
[INFO] Tests run: 9, Failures: 0, Errors: 0, Skipped: 0, Time elapsed: 0.029 s -- in net.sf.marineapi.ais.event.AbstractAISMessageListenerTest
[INFO] Running net.sf.marineapi.ais.util.Longitude28Test
[INFO] Tests run: 14, Failures: 0, Errors: 0, Skipped: 0, Time elapsed: 0.005 s -- in net.sf.marineapi.ais.util.Longitude28Test
[INFO] Running net.sf.marineapi.ais.util.Latitude27Test
[INFO] Tests run: 14, Failures: 0, Errors: 0, Skipped: 0, Time elapsed: 0.004 s -- in net.sf.marineapi.ais.util.Latitude27Test
[INFO] Running net.sf.marineapi.ais.util.SpeedOverGroundTest
[INFO] Tests run: 12, Failures: 0, Errors: 0, Skipped: 0, Time elapsed: 0.003 s -- in net.sf.marineapi.ais.util.SpeedOverGroundTest
[INFO] Running net.sf.marineapi.ublox.parser.UBXMessage03Test
[INFO] Tests run: 1, Failures: 0, Errors: 0, Skipped: 0, Time elapsed: 0.001 s -- in net.sf.marineapi.ublox.parser.UBXMessage03Test
[INFO] Running net.sf.marineapi.ublox.parser.UBXMessage00Test
[INFO] Tests run: 1, Failures: 0, Errors: 0, Skipped: 0, Time elapsed: 0.001 s -- in net.sf.marineapi.ublox.parser.UBXMessage00Test
[INFO] 
[INFO] Results:
[INFO] 
[INFO] Tests run: 1084, Failures: 0, Errors: 0, Skipped: 0
[INFO] 
INFO: Adding excluded groups to newly created one
INFO: Creating new argline for Surefire
CONFIG: nondexFilter=.*
nondexMode=FULL
nondexSeed=1016066
nondexStart=0
nondexEnd=9223372036854775807
nondexPrintstack=false
nondexDir=/home/tanzim/flaky-study/marine-api/.nondex
nondexJarDir=/home/tanzim/flaky-study/marine-api/.nondex
nondexExecid=OM8i8ctyP68m257lymJvtBkibJ5O0a4K8yMEAdDIco=
nondexLogging=CONFIG
test=
[WARNING]  Parameter 'disableXmlReport' (user property 'disableXmlReport') is deprecated: instead use disable within statelessTestsetReporter since of 3.0.0-M6
[INFO] Using auto detected provider org.apache.maven.surefire.junitplatform.JUnitPlatformProvider
[INFO] 
[INFO] -------------------------------------------------------
[INFO]  T E S T S
[INFO] -------------------------------------------------------
[INFO] Running net.sf.marineapi.provider.PositionProviderTest
[INFO] Tests run: 3, Failures: 0, Errors: 0, Skipped: 0, Time elapsed: 0.042 s -- in net.sf.marineapi.provider.PositionProviderTest
[INFO] Running net.sf.marineapi.provider.HeadingProviderTest
[INFO] Tests run: 3, Failures: 0, Errors: 0, Skipped: 0, Time elapsed: 0.005 s -- in net.sf.marineapi.provider.HeadingProviderTest
[INFO] Running net.sf.marineapi.nmea.sentence.TalkerIdTest
[INFO] Tests run: 4, Failures: 0, Errors: 0, Skipped: 0, Time elapsed: 0.005 s -- in net.sf.marineapi.nmea.sentence.TalkerIdTest
[INFO] Running net.sf.marineapi.nmea.sentence.SentenceIdTest
[INFO] Tests run: 7, Failures: 0, Errors: 0, Skipped: 0, Time elapsed: 0.007 s -- in net.sf.marineapi.nmea.sentence.SentenceIdTest
[INFO] Running net.sf.marineapi.nmea.sentence.SentenceValidatorTest
[INFO] Tests run: 10, Failures: 0, Errors: 0, Skipped: 0, Time elapsed: 0.011 s -- in net.sf.marineapi.nmea.sentence.SentenceValidatorTest
[INFO] Running net.sf.marineapi.nmea.parser.MTATest
[INFO] Tests run: 4, Failures: 0, Errors: 0, Skipped: 0, Time elapsed: 0.006 s -- in net.sf.marineapi.nmea.parser.MTATest
[INFO] Running net.sf.marineapi.nmea.parser.HDMTest
[INFO] Tests run: 6, Failures: 0, Errors: 0, Skipped: 0, Time elapsed: 0.005 s -- in net.sf.marineapi.nmea.parser.HDMTest
[INFO] Running net.sf.marineapi.nmea.parser.GNSTest
[INFO] Tests run: 20, Failures: 0, Errors: 0, Skipped: 0, Time elapsed: 0.052 s -- in net.sf.marineapi.nmea.parser.GNSTest
[INFO] Running net.sf.marineapi.nmea.parser.ZDATest
[INFO] Tests run: 14, Failures: 0, Errors: 0, Skipped: 0, Time elapsed: 0.012 s -- in net.sf.marineapi.nmea.parser.ZDATest
[INFO] Running net.sf.marineapi.nmea.parser.SentenceParserTest
[INFO] Tests run: 42, Failures: 0, Errors: 0, Skipped: 0, Time elapsed: 0.042 s -- in net.sf.marineapi.nmea.parser.SentenceParserTest
[INFO] Running net.sf.marineapi.nmea.parser.ROTTest
[INFO] Tests run: 6, Failures: 0, Errors: 0, Skipped: 0, Time elapsed: 0.004 s -- in net.sf.marineapi.nmea.parser.ROTTest
[INFO] Running net.sf.marineapi.nmea.parser.XDRTest
[INFO] Tests run: 10, Failures: 0, Errors: 0, Skipped: 0, Time elapsed: 0.008 s -- in net.sf.marineapi.nmea.parser.XDRTest
[INFO] Running net.sf.marineapi.nmea.parser.VTGTest
[INFO] Tests run: 18, Failures: 0, Errors: 0, Skipped: 0, Time elapsed: 0.013 s -- in net.sf.marineapi.nmea.parser.VTGTest
[INFO] Running net.sf.marineapi.nmea.parser.VDMTest
[INFO] Tests run: 12, Failures: 0, Errors: 0, Skipped: 0, Time elapsed: 0.008 s -- in net.sf.marineapi.nmea.parser.VDMTest
[INFO] Running net.sf.marineapi.nmea.parser.WPLTest
[INFO] Tests run: 4, Failures: 0, Errors: 0, Skipped: 0, Time elapsed: 0.004 s -- in net.sf.marineapi.nmea.parser.WPLTest
[INFO] Running net.sf.marineapi.nmea.parser.OSDTest
[INFO] Tests run: 18, Failures: 0, Errors: 0, Skipped: 0, Time elapsed: 0.023 s -- in net.sf.marineapi.nmea.parser.OSDTest
[INFO] Running net.sf.marineapi.nmea.parser.GSATest
[INFO] Tests run: 13, Failures: 0, Errors: 0, Skipped: 0, Time elapsed: 0.009 s -- in net.sf.marineapi.nmea.parser.GSATest
[INFO] Running net.sf.marineapi.nmea.parser.VDRTest
[INFO] Tests run: 8, Failures: 0, Errors: 0, Skipped: 0, Time elapsed: 0.005 s -- in net.sf.marineapi.nmea.parser.VDRTest
[INFO] Running net.sf.marineapi.nmea.parser.RTETest
[INFO] Tests run: 19, Failures: 0, Errors: 0, Skipped: 0, Time elapsed: 0.013 s -- in net.sf.marineapi.nmea.parser.RTETest
[INFO] Running net.sf.marineapi.nmea.parser.HTCTest
[INFO] Tests run: 14, Failures: 0, Errors: 0, Skipped: 0, Time elapsed: 0.010 s -- in net.sf.marineapi.nmea.parser.HTCTest
[INFO] Running net.sf.marineapi.nmea.parser.CURTest
[INFO] Tests run: 5, Failures: 0, Errors: 0, Skipped: 0, Time elapsed: 0.004 s -- in net.sf.marineapi.nmea.parser.CURTest
[INFO] Running net.sf.marineapi.nmea.parser.GSTTest
[INFO] Tests run: 18, Failures: 0, Errors: 0, Skipped: 0, Time elapsed: 0.014 s -- in net.sf.marineapi.nmea.parser.GSTTest
[INFO] Running net.sf.marineapi.nmea.parser.SentenceFactoryTest
[INFO] Tests run: 16, Failures: 0, Errors: 0, Skipped: 0, Time elapsed: 0.023 s -- in net.sf.marineapi.nmea.parser.SentenceFactoryTest
[INFO] Running net.sf.marineapi.nmea.parser.GSVTest
[INFO] Tests run: 13, Failures: 0, Errors: 0, Skipped: 0, Time elapsed: 0.009 s -- in net.sf.marineapi.nmea.parser.GSVTest
[INFO] Running net.sf.marineapi.nmea.parser.MWVTest
[INFO] Tests run: 15, Failures: 0, Errors: 0, Skipped: 0, Time elapsed: 0.010 s -- in net.sf.marineapi.nmea.parser.MWVTest
[INFO] Running net.sf.marineapi.nmea.parser.VWRTest
[INFO] Tests run: 12, Failures: 0, Errors: 0, Skipped: 0, Time elapsed: 0.008 s -- in net.sf.marineapi.nmea.parser.VWRTest
[INFO] Running net.sf.marineapi.nmea.parser.TXTTest
[INFO] Tests run: 13, Failures: 0, Errors: 0, Skipped: 0, Time elapsed: 0.011 s -- in net.sf.marineapi.nmea.parser.TXTTest
[INFO] Running net.sf.marineapi.nmea.parser.GGATest
[INFO] Tests run: 25, Failures: 0, Errors: 0, Skipped: 0, Time elapsed: 0.017 s -- in net.sf.marineapi.nmea.parser.GGATest
[INFO] Running net.sf.marineapi.nmea.parser.PositionParserTest
[INFO] Tests run: 19, Failures: 0, Errors: 0, Skipped: 0, Time elapsed: 0.014 s -- in net.sf.marineapi.nmea.parser.PositionParserTest
[INFO] Running net.sf.marineapi.nmea.parser.MDATest
[INFO] Tests run: 23, Failures: 0, Errors: 0, Skipped: 0, Time elapsed: 0.026 s -- in net.sf.marineapi.nmea.parser.MDATest
[INFO] Running net.sf.marineapi.nmea.parser.MMBTest
[INFO] Tests run: 5, Failures: 0, Errors: 0, Skipped: 0, Time elapsed: 0.002 s -- in net.sf.marineapi.nmea.parser.MMBTest
[INFO] Running net.sf.marineapi.nmea.parser.APBTest
[INFO] Tests run: 17, Failures: 0, Errors: 0, Skipped: 0, Time elapsed: 0.007 s -- in net.sf.marineapi.nmea.parser.APBTest
[INFO] Running net.sf.marineapi.nmea.parser.TLBTest
[INFO] Tests run: 5, Failures: 0, Errors: 0, Skipped: 0, Time elapsed: 0.004 s -- in net.sf.marineapi.nmea.parser.TLBTest
[INFO] Running net.sf.marineapi.nmea.parser.STALKTest
[INFO] Tests run: 7, Failures: 0, Errors: 0, Skipped: 0, Time elapsed: 0.007 s -- in net.sf.marineapi.nmea.parser.STALKTest
[INFO] Running net.sf.marineapi.nmea.parser.VWTTest
[INFO] Tests run: 12, Failures: 0, Errors: 0, Skipped: 0, Time elapsed: 0.006 s -- in net.sf.marineapi.nmea.parser.VWTTest
[INFO] Running net.sf.marineapi.nmea.parser.HDGTest
[INFO] Tests run: 18, Failures: 0, Errors: 0, Skipped: 0, Time elapsed: 0.007 s -- in net.sf.marineapi.nmea.parser.HDGTest
[INFO] Running net.sf.marineapi.nmea.parser.DTMTest
[INFO] Tests run: 13, Failures: 0, Errors: 0, Skipped: 0, Time elapsed: 0.005 s -- in net.sf.marineapi.nmea.parser.DTMTest
[INFO] Running net.sf.marineapi.nmea.parser.RMCTest
[INFO] Tests run: 27, Failures: 0, Errors: 0, Skipped: 0, Time elapsed: 0.017 s -- in net.sf.marineapi.nmea.parser.RMCTest
[INFO] Running net.sf.marineapi.nmea.parser.BODTest
[INFO] Tests run: 21, Failures: 0, Errors: 0, Skipped: 0, Time elapsed: 0.013 s -- in net.sf.marineapi.nmea.parser.BODTest
[INFO] Running net.sf.marineapi.nmea.parser.DPTTest
[INFO] Tests run: 8, Failures: 0, Errors: 0, Skipped: 0, Time elapsed: 0.005 s -- in net.sf.marineapi.nmea.parser.DPTTest
[INFO] Running net.sf.marineapi.nmea.parser.RMBTest
[INFO] Tests run: 22, Failures: 0, Errors: 0, Skipped: 0, Time elapsed: 0.013 s -- in net.sf.marineapi.nmea.parser.RMBTest
[INFO] Running net.sf.marineapi.nmea.parser.VLWTest
[INFO] Tests run: 10, Failures: 0, Errors: 0, Skipped: 0, Time elapsed: 0.005 s -- in net.sf.marineapi.nmea.parser.VLWTest
[INFO] Running net.sf.marineapi.nmea.parser.MTWTest
[INFO] Tests run: 4, Failures: 0, Errors: 0, Skipped: 0, Time elapsed: 0.002 s -- in net.sf.marineapi.nmea.parser.MTWTest
[INFO] Running net.sf.marineapi.nmea.parser.MHUTest
[INFO] Tests run: 9, Failures: 0, Errors: 0, Skipped: 0, Time elapsed: 0.006 s -- in net.sf.marineapi.nmea.parser.MHUTest
[INFO] Running net.sf.marineapi.nmea.parser.RSDTest
[INFO] Tests run: 26, Failures: 0, Errors: 0, Skipped: 0, Time elapsed: 0.016 s -- in net.sf.marineapi.nmea.parser.RSDTest
[INFO] Running net.sf.marineapi.nmea.parser.RPMTest
[INFO] Tests run: 15, Failures: 0, Errors: 0, Skipped: 0, Time elapsed: 0.007 s -- in net.sf.marineapi.nmea.parser.RPMTest
[INFO] Running net.sf.marineapi.nmea.parser.DBTTest
[INFO] Tests run: 7, Failures: 0, Errors: 0, Skipped: 0, Time elapsed: 0.003 s -- in net.sf.marineapi.nmea.parser.DBTTest
[INFO] Running net.sf.marineapi.nmea.parser.VHWTest
[INFO] Tests run: 11, Failures: 0, Errors: 0, Skipped: 0, Time elapsed: 0.005 s -- in net.sf.marineapi.nmea.parser.VHWTest
[INFO] Running net.sf.marineapi.nmea.parser.VDOTest
[INFO] Tests run: 12, Failures: 0, Errors: 0, Skipped: 0, Time elapsed: 0.006 s -- in net.sf.marineapi.nmea.parser.VDOTest
[INFO] Running net.sf.marineapi.nmea.parser.GBSTest
[INFO] Tests run: 16, Failures: 0, Errors: 0, Skipped: 0, Time elapsed: 0.010 s -- in net.sf.marineapi.nmea.parser.GBSTest
[INFO] Running net.sf.marineapi.nmea.parser.DTBTest
[INFO] Tests run: 9, Failures: 0, Errors: 0, Skipped: 0, Time elapsed: 0.006 s -- in net.sf.marineapi.nmea.parser.DTBTest
[INFO] Running net.sf.marineapi.nmea.parser.HDTTest
[INFO] Tests run: 6, Failures: 0, Errors: 0, Skipped: 0, Time elapsed: 0.003 s -- in net.sf.marineapi.nmea.parser.HDTTest
[INFO] Running net.sf.marineapi.nmea.parser.VBWTest
[INFO] Tests run: 22, Failures: 0, Errors: 0, Skipped: 0, Time elapsed: 0.013 s -- in net.sf.marineapi.nmea.parser.VBWTest
[INFO] Running net.sf.marineapi.nmea.parser.HTDTest
[INFO] Tests run: 19, Failures: 0, Errors: 0, Skipped: 0, Time elapsed: 0.010 s -- in net.sf.marineapi.nmea.parser.HTDTest
[INFO] Running net.sf.marineapi.nmea.parser.TLLTest
[INFO] Tests run: 8, Failures: 0, Errors: 0, Skipped: 0, Time elapsed: 0.008 s -- in net.sf.marineapi.nmea.parser.TLLTest
[INFO] Running net.sf.marineapi.nmea.parser.GLLTest
[INFO] Tests run: 10, Failures: 0, Errors: 0, Skipped: 0, Time elapsed: 0.004 s -- in net.sf.marineapi.nmea.parser.GLLTest
[INFO] Running net.sf.marineapi.nmea.parser.UBXTest
[INFO] Tests run: 3, Failures: 0, Errors: 0, Skipped: 0, Time elapsed: 0.002 s -- in net.sf.marineapi.nmea.parser.UBXTest
[INFO] Running net.sf.marineapi.nmea.parser.TTMTest
[INFO] Tests run: 29, Failures: 0, Errors: 0, Skipped: 0, Time elapsed: 0.015 s -- in net.sf.marineapi.nmea.parser.TTMTest
[INFO] Running net.sf.marineapi.nmea.parser.RSATest
[INFO] Tests run: 7, Failures: 0, Errors: 0, Skipped: 0, Time elapsed: 0.004 s -- in net.sf.marineapi.nmea.parser.RSATest
[INFO] Running net.sf.marineapi.nmea.parser.ChecksumTest
[INFO] Tests run: 7, Failures: 0, Errors: 0, Skipped: 0, Time elapsed: 0.003 s -- in net.sf.marineapi.nmea.parser.ChecksumTest
[INFO] Running net.sf.marineapi.nmea.parser.DTATest
[INFO] Tests run: 9, Failures: 0, Errors: 0, Skipped: 0, Time elapsed: 0.004 s -- in net.sf.marineapi.nmea.parser.DTATest
[INFO] Running net.sf.marineapi.nmea.parser.XTETest
[INFO] Tests run: 12, Failures: 0, Errors: 0, Skipped: 0, Time elapsed: 0.004 s -- in net.sf.marineapi.nmea.parser.XTETest
[INFO] Running net.sf.marineapi.nmea.parser.MWDTest
[INFO] Tests run: 9, Failures: 0, Errors: 0, Skipped: 0, Time elapsed: 0.004 s -- in net.sf.marineapi.nmea.parser.MWDTest
[INFO] Running net.sf.marineapi.nmea.event.AbstractSentenceListenerTest
[INFO] Tests run: 16, Failures: 0, Errors: 0, Skipped: 0, Time elapsed: 0.009 s -- in net.sf.marineapi.nmea.event.AbstractSentenceListenerTest
[INFO] Running net.sf.marineapi.nmea.util.TimeTest
[INFO] Tests run: 23, Failures: 0, Errors: 0, Skipped: 0, Time elapsed: 0.009 s -- in net.sf.marineapi.nmea.util.TimeTest
[INFO] Running net.sf.marineapi.nmea.util.PositionTest
[INFO] Tests run: 16, Failures: 0, Errors: 0, Skipped: 0, Time elapsed: 0.006 s -- in net.sf.marineapi.nmea.util.PositionTest
[INFO] Running net.sf.marineapi.nmea.util.WaypointTest
[INFO] Tests run: 2, Failures: 0, Errors: 0, Skipped: 0, Time elapsed: 0.001 s -- in net.sf.marineapi.nmea.util.WaypointTest
[INFO] Running net.sf.marineapi.nmea.util.DateTest
[INFO] Tests run: 27, Failures: 0, Errors: 0, Skipped: 0, Time elapsed: 0.012 s -- in net.sf.marineapi.nmea.util.DateTest
[INFO] Running net.sf.marineapi.nmea.io.SentenceReaderTest
[INFO] Tests run: 16, Failures: 0, Errors: 0, Skipped: 0, Time elapsed: 1.829 s -- in net.sf.marineapi.nmea.io.SentenceReaderTest
[INFO] Running net.sf.marineapi.ais.parser.AISMessage21ParserTest
[INFO] Tests run: 19, Failures: 0, Errors: 0, Skipped: 0, Time elapsed: 0.012 s -- in net.sf.marineapi.ais.parser.AISMessage21ParserTest
[INFO] Running net.sf.marineapi.ais.parser.AISMessage09ParserTest
[INFO] Tests run: 13, Failures: 0, Errors: 0, Skipped: 0, Time elapsed: 0.007 s -- in net.sf.marineapi.ais.parser.AISMessage09ParserTest
[INFO] Running net.sf.marineapi.ais.parser.AISMessage04Test
[INFO] Tests run: 9, Failures: 0, Errors: 0, Skipped: 0, Time elapsed: 0.005 s -- in net.sf.marineapi.ais.parser.AISMessage04Test
[INFO] Running net.sf.marineapi.ais.parser.AISMessage05Test
[INFO] Tests run: 17, Failures: 0, Errors: 0, Skipped: 0, Time elapsed: 0.010 s -- in net.sf.marineapi.ais.parser.AISMessage05Test
[INFO] Running net.sf.marineapi.ais.parser.AISMessage27ParserTest
[INFO] Tests run: 10, Failures: 0, Errors: 0, Skipped: 0, Time elapsed: 0.005 s -- in net.sf.marineapi.ais.parser.AISMessage27ParserTest
[INFO] Running net.sf.marineapi.ais.parser.AISPositionReportParserTest
[INFO] Tests run: 17, Failures: 0, Errors: 0, Skipped: 0, Time elapsed: 0.007 s -- in net.sf.marineapi.ais.parser.AISPositionReportParserTest
[INFO] Running net.sf.marineapi.ais.parser.AISMessageFactoryTest
[INFO] Tests run: 4, Failures: 0, Errors: 0, Skipped: 0, Time elapsed: 0.004 s -- in net.sf.marineapi.ais.parser.AISMessageFactoryTest
[INFO] Running net.sf.marineapi.ais.parser.AISMessageParserTest
[INFO] Tests run: 12, Failures: 0, Errors: 0, Skipped: 0, Time elapsed: 0.005 s -- in net.sf.marineapi.ais.parser.AISMessageParserTest
[INFO] Running net.sf.marineapi.ais.parser.AISPositionReportBParserTest
[INFO] Tests run: 12, Failures: 0, Errors: 0, Skipped: 0, Time elapsed: 0.005 s -- in net.sf.marineapi.ais.parser.AISPositionReportBParserTest
[INFO] Running net.sf.marineapi.ais.parser.AISMessage24ParserTest
[INFO] Tests run: 11, Failures: 0, Errors: 0, Skipped: 0, Time elapsed: 0.004 s -- in net.sf.marineapi.ais.parser.AISMessage24ParserTest
[INFO] Running net.sf.marineapi.ais.event.AbstractAISMessageListenerTest
[INFO] Tests run: 9, Failures: 0, Errors: 0, Skipped: 0, Time elapsed: 0.028 s -- in net.sf.marineapi.ais.event.AbstractAISMessageListenerTest
[INFO] Running net.sf.marineapi.ais.util.Longitude28Test
[INFO] Tests run: 14, Failures: 0, Errors: 0, Skipped: 0, Time elapsed: 0.004 s -- in net.sf.marineapi.ais.util.Longitude28Test
[INFO] Running net.sf.marineapi.ais.util.Latitude27Test
[INFO] Tests run: 14, Failures: 0, Errors: 0, Skipped: 0, Time elapsed: 0.004 s -- in net.sf.marineapi.ais.util.Latitude27Test
[INFO] Running net.sf.marineapi.ais.util.SpeedOverGroundTest
[INFO] Tests run: 12, Failures: 0, Errors: 0, Skipped: 0, Time elapsed: 0.004 s -- in net.sf.marineapi.ais.util.SpeedOverGroundTest
[INFO] Running net.sf.marineapi.ublox.parser.UBXMessage03Test
[INFO] Tests run: 1, Failures: 0, Errors: 0, Skipped: 0, Time elapsed: 0.003 s -- in net.sf.marineapi.ublox.parser.UBXMessage03Test
[INFO] Running net.sf.marineapi.ublox.parser.UBXMessage00Test
[INFO] Tests run: 1, Failures: 0, Errors: 0, Skipped: 0, Time elapsed: 0.001 s -- in net.sf.marineapi.ublox.parser.UBXMessage00Test
[INFO] 
[INFO] Results:
[INFO] 
[INFO] Tests run: 1084, Failures: 0, Errors: 0, Skipped: 0
[INFO] 
[INFO] NonDex SUMMARY:
[INFO] *********
[INFO] mvn nondex:nondex  -DnondexFilter='.*' -DnondexMode=FULL -DnondexSeed=933178 -DnondexStart=0 -DnondexEnd=9223372036854775807 -DnondexPrintstack=false -DnondexDir="/home/tanzim/flaky-study/marine-api/.nondex" -DnondexJarDir="/home/tanzim/flaky-study/marine-api/.nondex" -DnondexExecid=h8LZhlGQ6oUSLvQtMFA1gwd3u9yaE8QjxsfYEAGCjRU= -DnondexLogging=CONFIG
[INFO] No Test Failed with this configuration.
[INFO] *********
[INFO] *********
[INFO] mvn nondex:nondex  -DnondexFilter='.*' -DnondexMode=FULL -DnondexSeed=974622 -DnondexStart=0 -DnondexEnd=9223372036854775807 -DnondexPrintstack=false -DnondexDir="/home/tanzim/flaky-study/marine-api/.nondex" -DnondexJarDir="/home/tanzim/flaky-study/marine-api/.nondex" -DnondexExecid=owVHlW8zJQB8EJFinYmYq2agyWg5qsPN5xn0FUHYWQ4= -DnondexLogging=CONFIG
[INFO] No Test Failed with this configuration.
[INFO] *********
[INFO] *********
[INFO] mvn nondex:nondex  -DnondexFilter='.*' -DnondexMode=FULL -DnondexSeed=1016066 -DnondexStart=0 -DnondexEnd=9223372036854775807 -DnondexPrintstack=false -DnondexDir="/home/tanzim/flaky-study/marine-api/.nondex" -DnondexJarDir="/home/tanzim/flaky-study/marine-api/.nondex" -DnondexExecid=OM8i8ctyP68m257lymJvtBkibJ5O0a4K8yMEAdDIco= -DnondexLogging=CONFIG
[INFO] No Test Failed with this configuration.
[INFO] *********
[INFO] All tests pass without NonDex shuffling
[INFO] ####################
[INFO] Across all seeds:
[INFO] Test results can be found at: 
[INFO] file:///home/tanzim/flaky-study/marine-api/.nondex/h8LZhlGQ6oUSLvQtMFA1gwd3u9yaE8QjxsfYEAGCjRU=/test_results.html
[INFO] [NonDex] The id of this run is: h8LZhlGQ6oUSLvQtMFA1gwd3u9yaE8QjxsfYEAGCjRU=
[INFO] ------------------------------------------------------------------------
[INFO] BUILD SUCCESS
[INFO] ------------------------------------------------------------------------
[INFO] Total time:  33.235 s
[INFO] Finished at: 2026-09-18T20:25:12+06:00
[INFO] ------------------------------------------------------------------------

real	0m34.648s
user	0m46.651s
sys	0m4.399s
